D/wpa_supplicant( 1933): CTRL_IFACE monitor send - hexdump(len=39): 2f 64 61 74 61 2f 6d 69 73 63 2f 77 69 66 69 2f 73 6f 63 6b 65 74 73 2f 77 70 61 5f 63 74 72 6c ...
D/wpa_supplicant( 1933): p2p0: BSS: Add new id 3910 BSSID 94:b4:0f:a6:cf:12 SSID 'MIOffice-5G'
D/wpa_supplicant( 1933): CTRL_IFACE monitor send - hexdump(len=39): 2f 64 61 74 61 2f 6d 69 73 63 2f 77 69 66 69 2f 73 6f 63 6b 65 74 73 2f 77 70 61 5f 63 74 72 6c ...
D/wpa_supplicant( 1933): p2p0: BSS: Add new id 3911 BSSID 94:b4:0f:a6:cf:10 SSID 'MIOffice'
D/wpa_supplicant( 1933): CTRL_IFACE monitor send - hexdump(len=39): 2f 64 61 74 61 2f 6d 69 73 63 2f 77 69 66 69 2f 73 6f 63 6b 65 74 73 2f 77 70 61 5f 63 74 72 6c ...
D/wpa_supplicant( 1933): p2p0: BSS: Add new id 3912 BSSID 8c:be:be:04:fe:90 SSID '00_jia'
D/wpa_supplicant( 1933): CTRL_IFACE monitor send - hexdump(len=39): 2f 64 61 74 61 2f 6d 69 73 63 2f 77 69 66 69 2f 73 6f 63 6b 65 74 73 2f 77 70 61 5f 63 74 72 6c ...
D/wpa_supplicant( 1933): p2p0: BSS: Add new id 3913 BSSID 8c:be:be:10:06:23 SSID 'Xiaomi_0621_5G'
D/wpa_supplicant( 1933): CTRL_IFACE monitor send - hexdump(len=39): 2f 64 61 74 61 2f 6d 69 73 63 2f 77 69 66 69 2f 73 6f 63 6b 65 74 73 2f 77 70 61 5f 63 74 72 6c ...
D/wpa_supplicant( 1933): p2p0: BSS: Add new id 3914 BSSID 8c:be:be:2a:2c:a9 SSID '\xe7\x8c\xb4\xe5\x93\xa5\xe6\x9c\x89\xe5\xa6\x96\xe6\x80\xaa'
D/wpa_supplicant( 1933): CTRL_IFACE monitor send - hexdump(len=39): 2f 64 61 74 61 2f 6d 69 73 63 2f 77 69 66 69 2f 73 6f 63 6b 65 74 73 2f 77 70 61 5f 63 74 72 6c ...
D/wpa_supplicant( 1933): p2p0: BSS: Add new id 3915 BSSID 10:48:b1:e8:0e:58 SSID 'DGD_5G'
D/wpa_supplicant( 1933): CTRL_IFACE monitor send - hexdump(len=39): 2f 64 61 74 61 2f 6d 69 73 63 2f 77 69 66 69 2f 73 6f 63 6b 65 74 73 2f 77 70 61 5f 63 74 72 6c ...
D/wpa_supplicant( 1933): p2p0: BSS: Add new id 3916 BSSID 94:b4:0f:a6:7b:b0 SSID 'MIOffice'
D/wpa_supplicant( 1933): CTRL_IFACE monitor send - hexdump(len=39): 2f 64 61 74 61 2f 6d 69 73 63 2f 77 69 66 69 2f 73 6f 63 6b 65 74 73 2f 77 70 61 5f 63 74 72 6c ...
D/wpa_supplicant( 1933): p2p0: BSS: Add new id 3917 BSSID 10:48:b1:e8:0f:87 SSID 'baomihua'
D/wpa_supplicant( 1933): CTRL_IFACE monitor send - hexdump(len=39): 2f 64 61 74 61 2f 6d 69 73 63 2f 77 69 66 69 2f 73 6f 63 6b 65 74 73 2f 77 70 61 5f 63 74 72 6c ...
D/wpa_supplicant( 1933): p2p0: BSS: Add new id 3918 BSSID 94:b4:0f:a6:7b:b2 SSID 'MIOffice-5G'
D/wpa_supplicant( 1933): CTRL_IFACE monitor send - hexdump(len=39): 2f 64 61 74 61 2f 6d 69 73 63 2f 77 69 66 69 2f 73 6f 63 6b 65 74 73 2f 77 70 61 5f 63 74 72 6c ...
D/wpa_supplicant( 1933): p2p0: BSS: Add new id 3919 BSSID 8c:be:be:2a:2c:aa SSID '\xe5\x85\xab\xe6\x88\x92\xe6\x9c\x89\xe5\xa6\x96\xe6\x80\xaa'
D/wpa_supplicant( 1933): CTRL_IFACE monitor send - hexdump(len=39): 2f 64 61 74 61 2f 6d 69 73 63 2f 77 69 66 69 2f 73 6f 63 6b 65 74 73 2f 77 70 61 5f 63 74 72 6c ...
D/wpa_supplicant( 1933): p2p0: BSS: Add new id 3920 BSSID 10:48:b1:e8:0f:86 SSID 'baomihua'
D/wpa_supplicant( 1933): CTRL_IFACE monitor send - hexdump(len=39): 2f 64 61 74 61 2f 6d 69 73 63 2f 77 69 66 69 2f 73 6f 63 6b 65 74 73 2f 77 70 61 5f 63 74 72 6c ...
D/wpa_supplicant( 1933): p2p0: BSS: Add new id 3921 BSSID 08:10:76:a7:22:7c SSID 'themetest'
D/wpa_supplicant( 1933): CTRL_IFACE monitor send - hexdump(len=39): 2f 64 61 74 61 2f 6d 69 73 63 2f 77 69 66 69 2f 73 6f 63 6b 65 74 73 2f 77 70 61 5f 63 74 72 6c ...
D/wpa_supplicant( 1933): p2p0: BSS: Add new id 3922 BSSID 8c:be:be:20:21:4c SSID 'AiET_Privacy_2.4G'
D/wpa_supplicant( 1933): CTRL_IFACE monitor send - hexdump(len=39): 2f 64 61 74 61 2f 6d 69 73 63 2f 77 69 66 69 2f 73 6f 63 6b 65 74 73 2f 77 70 61 5f 63 74 72 6c ...
D/wpa_supplicant( 1933): p2p0: BSS: Add new id 3923 BSSID 94:b4:0f:a6:7b:a0 SSID 'MIOffice'
D/wpa_supplicant( 1933): CTRL_IFACE monitor send - hexdump(len=39): 2f 64 61 74 61 2f 6d 69 73 63 2f 77 69 66 69 2f 73 6f 63 6b 65 74 73 2f 77 70 61 5f 63 74 72 6c ...
D/wpa_supplicant( 1933): p2p0: BSS: Add new id 3924 BSSID 8c:be:be:44:db:88 SSID '...shell'
D/wpa_supplicant( 1933): CTRL_IFACE monitor send - hexdump(len=39): 2f 64 61 74 61 2f 6d 69 73 63 2f 77 69 66 69 2f 73 6f 63 6b 65 74 73 2f 77 70 61 5f 63 74 72 6c ...
D/wpa_supplicant( 1933): p2p0: BSS: Add new id 3925 BSSID c8:3a:35:5f:37:20 SSID 'Miui_Data'
D/wpa_supplicant( 1933): CTRL_IFACE monitor send - hexdump(len=39): 2f 64 61 74 61 2f 6d 69 73 63 2f 77 69 66 69 2f 73 6f 63 6b 65 74 73 2f 77 70 61 5f 63 74 72 6c ...
D/wpa_supplicant( 1933): p2p0: BSS: Add new id 3926 BSSID 10:48:b1:e8:0f:11 SSID 'Xiaomi_0F10'
D/wpa_supplicant( 1933): CTRL_IFACE monitor send - hexdump(len=39): 2f 64 61 74 61 2f 6d 69 73 63 2f 77 69 66 69 2f 73 6f 63 6b 65 74 73 2f 77 70 61 5f 63 74 72 6c ...
D/wpa_supplicant( 1933): p2p0: BSS: Add new id 3927 BSSID 94:b4:0f:a6:cd:10 SSID 'MIOffice'
D/wpa_supplicant( 1933): CTRL_IFACE monitor send - hexdump(len=39): 2f 64 61 74 61 2f 6d 69 73 63 2f 77 69 66 69 2f 73 6f 63 6b 65 74 73 2f 77 70 61 5f 63 74 72 6c ...
D/wpa_supplicant( 1933): p2p0: BSS: Add new id 3928 BSSID 8c:be:be:44:49:ae SSID '00Xiaomi_49AD_cts2.4'
D/wpa_supplicant( 1933): CTRL_IFACE monitor send - hexdump(len=39): 2f 64 61 74 61 2f 6d 69 73 63 2f 77 69 66 69 2f 73 6f 63 6b 65 74 73 2f 77 70 61 5f 63 74 72 6c ...
D/wpa_supplicant( 1933): p2p0: BSS: Add new id 3929 BSSID 94:b4:0f:a6:a6:00 SSID 'MIOffice'
D/wpa_supplicant( 1933): CTRL_IFACE monitor send - hexdump(len=39): 2f 64 61 74 61 2f 6d 69 73 63 2f 77 69 66 69 2f 73 6f 63 6b 65 74 73 2f 77 70 61 5f 63 74 72 6c ...
D/wpa_supplicant( 1933): p2p0: BSS: Add new id 3930 BSSID d4:ee:07:01:00:4e SSID 'miuishell'
D/wpa_supplicant( 1933): CTRL_IFACE monitor send - hexdump(len=39): 2f 64 61 74 61 2f 6d 69 73 63 2f 77 69 66 69 2f 73 6f 63 6b 65 74 73 2f 77 70 61 5f 63 74 72 6c ...
D/wpa_supplicant( 1933): p2p0: BSS: Add new id 3931 BSSID 64:09:80:4a:19:81 SSID '000-phone_5G'
D/wpa_supplicant( 1933): CTRL_IFACE monitor send - hexdump(len=39): 2f 64 61 74 61 2f 6d 69 73 63 2f 77 69 66 69 2f 73 6f 63 6b 65 74 73 2f 77 70 61 5f 63 74 72 6c ...
D/wpa_supplicant( 1933): p2p0: BSS: Add new id 3932 BSSID 94:b4:0f:a6:cd:12 SSID 'MIOffice-5G'
D/wpa_supplicant( 1933): CTRL_IFACE monitor send - hexdump(len=39): 2f 64 61 74 61 2f 6d 69 73 63 2f 77 69 66 69 2f 73 6f 63 6b 65 74 73 2f 77 70 61 5f 63 74 72 6c ...
D/wpa_supplicant( 1933): p2p0: BSS: Add new id 3933 BSSID 94:b4:0f:a6:7c:52 SSID 'MIOffice-5G'
D/wpa_supplicant( 1933): CTRL_IFACE monitor send - hexdump(len=39): 2f 64 61 74 61 2f 6d 69 73 63 2f 77 69 66 69 2f 73 6f 63 6b 65 74 73 2f 77 70 61 5f 63 74 72 6c ...
D/wpa_supplicant( 1933): p2p0: BSS: Add new id 3934 BSSID 8c:be:be:10:06:22 SSID '....Xiaomi_0621'
D/wpa_supplicant( 1933): CTRL_IFACE monitor send - hexdump(len=39): 2f 64 61 74 61 2f 6d 69 73 63 2f 77 69 66 69 2f 73 6f 63 6b 65 74 73 2f 77 70 61 5f 63 74 72 6c ...
D/wpa_supplicant( 1933): p2p0: BSS: Add new id 3935 BSSID 10:48:b1:e8:0e:57 SSID 'DGD'
D/wpa_supplicant( 1933): CTRL_IFACE monitor send - hexdump(len=39): 2f 64 61 74 61 2f 6d 69 73 63 2f 77 69 66 69 2f 73 6f 63 6b 65 74 73 2f 77 70 61 5f 63 74 72 6c ...
D/wpa_supplicant( 1933): p2p0: BSS: Add new id 3936 BSSID 94:b4:0f:a6:7b:32 SSID 'MIOffice-5G'
D/wpa_supplicant( 1933): CTRL_IFACE monitor send - hexdump(len=39): 2f 64 61 74 61 2f 6d 69 73 63 2f 77 69 66 69 2f 73 6f 63 6b 65 74 73 2f 77 70 61 5f 63 74 72 6c ...
D/wpa_supplicant( 1933): p2p0: BSS: Add new id 3937 BSSID 94:b4:0f:a6:7c:50 SSID 'MIOffice'
D/wpa_supplicant( 1933): CTRL_IFACE monitor send - hexdump(len=39): 2f 64 61 74 61 2f 6d 69 73 63 2f 77 69 66 69 2f 73 6f 63 6b 65 74 73 2f 77 70 61 5f 63 74 72 6c ...
D/wpa_supplicant( 1933): p2p0: BSS: Add new id 3938 BSSID 94:b4:0f:a6:7b:30 SSID 'MIOffice'
D/wpa_supplicant( 1933): CTRL_IFACE monitor send - hexdump(len=39): 2f 64 61 74 61 2f 6d 69 73 63 2f 77 69 66 69 2f 73 6f 63 6b 65 74 73 2f 77 70 61 5f 63 74 72 6c ...
D/wpa_supplicant( 1933): p2p0: BSS: Add new id 3939 BSSID 94:b4:0f:a6:cd:72 SSID 'MIOffice-5G'
D/wpa_supplicant( 1933): CTRL_IFACE monitor send - hexdump(len=39): 2f 64 61 74 61 2f 6d 69 73 63 2f 77 69 66 69 2f 73 6f 63 6b 65 74 73 2f 77 70 61 5f 63 74 72 6c ...
D/wpa_supplicant( 1933): p2p0: BSS: Add new id 3940 BSSID f0:b4:29:1f:4f:43 SSID 'Xiaomi_\xe9\x87\x91\xe8\x9e\x8d\xe4\xb8\x93\xe7\x94\xa8'
D/wpa_supplicant( 1933): CTRL_IFACE monitor send - hexdump(len=39): 2f 64 61 74 61 2f 6d 69 73 63 2f 77 69 66 69 2f 73 6f 63 6b 65 74 73 2f 77 70 61 5f 63 74 72 6c ...
D/wpa_supplicant( 1933): p2p0: BSS: Add new id 3941 BSSID 94:b4:0f:a6:cd:70 SSID 'MIOffice'
D/wpa_supplicant( 1933): CTRL_IFACE monitor send - hexdump(len=39): 2f 64 61 74 61 2f 6d 69 73 63 2f 77 69 66 69 2f 73 6f 63 6b 65 74 73 2f 77 70 61 5f 63 74 72 6c ...
D/wpa_supplicant( 1933): p2p0: BSS: Add new id 3942 BSSID c0:61:18:00:8c:be SSID 'holyshiiiiiit'
D/wpa_supplicant( 1933): CTRL_IFACE monitor send - hexdump(len=39): 2f 64 61 74 61 2f 6d 69 73 63 2f 77 69 66 69 2f 73 6f 63 6b 65 74 73 2f 77 70 61 5f 63 74 72 6c ...
D/wpa_supplicant( 1933): p2p0: BSS: Add new id 3943 BSSID 8c:be:be:44:67:b7 SSID 'Ms_liang'
D/wpa_supplicant( 1933): CTRL_IFACE monitor send - hexdump(len=39): 2f 64 61 74 61 2f 6d 69 73 63 2f 77 69 66 69 2f 73 6f 63 6b 65 74 73 2f 77 70 61 5f 63 74 72 6c ...
D/wpa_supplicant( 1933): p2p0: BSS: Add new id 3944 BSSID 44:97:5a:39:04:76 SSID 'misound-test2'
D/wpa_supplicant( 1933): CTRL_IFACE monitor send - hexdump(len=39): 2f 64 61 74 61 2f 6d 69 73 63 2f 77 69 66 69 2f 73 6f 63 6b 65 74 73 2f 77 70 61 5f 63 74 72 6c ...
D/wpa_supplicant( 1933): p2p0: BSS: Add new id 3945 BSSID f0:b4:29:15:4e:4a SSID 'miui_data_ads'
D/wpa_supplicant( 1933): CTRL_IFACE monitor send - hexdump(len=39): 2f 64 61 74 61 2f 6d 69 73 63 2f 77 69 66 69 2f 73 6f 63 6b 65 74 73 2f 77 70 61 5f 63 74 72 6c ...
D/wpa_supplicant( 1933): p2p0: BSS: Add new id 3946 BSSID 14:75:90:79:59:8f SSID 'topapp'
D/wpa_supplicant( 1933): CTRL_IFACE monitor send - hexdump(len=39): 2f 64 61 74 61 2f 6d 69 73 63 2f 77 69 66 69 2f 73 6f 63 6b 65 74 73 2f 77 70 61 5f 63 74 72 6c ...
D/wpa_supplicant( 1933): p2p0: BSS: Add new id 3947 BSSID 94:b4:0f:a6:cf:01 SSID 'MIPublic'
D/wpa_supplicant( 1933): CTRL_IFACE monitor send - hexdump(len=39): 2f 64 61 74 61 2f 6d 69 73 63 2f 77 69 66 69 2f 73 6f 63 6b 65 74 73 2f 77 70 61 5f 63 74 72 6c ...
D/wpa_supplicant( 1933): p2p0: BSS: Add new id 3948 BSSID 94:b4:0f:a6:cf:11 SSID 'MIPublic'
D/wpa_supplicant( 1933): CTRL_IFACE monitor send - hexdump(len=39): 2f 64 61 74 61 2f 6d 69 73 63 2f 77 69 66 69 2f 73 6f 63 6b 65 74 73 2f 77 70 61 5f 63 74 72 6c ...
D/wpa_supplicant( 1933): p2p0: BSS: Add new id 3949 BSSID 8e:be:be:2a:2c:ab SSID '\xe8\x80\x81\xe6\x9d\xbf\xe5\x8c\x85\xe5\xa4\x9c\xe5\x90\x97'
D/wpa_supplicant( 1933): CTRL_IFACE monitor send - hexdump(len=39): 2f 64 61 74 61 2f 6d 69 73 63 2f 77 69 66 69 2f 73 6f 63 6b 65 74 73 2f 77 70 61 5f 63 74 72 6c ...
D/wpa_supplicant( 1933): p2p0: BSS: Add new id 3950 BSSID 94:b4:0f:a6:7b:b1 SSID 'MIPublic'
D/wpa_supplicant( 1933): CTRL_IFACE monitor send - hexdump(len=39): 2f 64 61 74 61 2f 6d 69 73 63 2f 77 69 66 69 2f 73 6f 63 6b 65 74 73 2f 77 70 61 5f 63 74 72 6c ...
D/wpa_supplicant( 1933): p2p0: BSS: Add new id 3951 BSSID 8e:be:be:10:06:24 SSID 'Xiaomi_0621_VIP'
D/wpa_supplicant( 1933): CTRL_IFACE monitor send - hexdump(len=39): 2f 64 61 74 61 2f 6d 69 73 63 2f 77 69 66 69 2f 73 6f 63 6b 65 74 73 2f 77 70 61 5f 63 74 72 6c ...
D/wpa_supplicant( 1933): p2p0: BSS: Add new id 3952 BSSID 8c:be:be:2a:49:35 SSID 'AAA__(:3\xe3\x80\x8d\xe2\x88\xa0)_'
D/wpa_supplicant( 1933): CTRL_IFACE monitor send - hexdump(len=39): 2f 64 61 74 61 2f 6d 69 73 63 2f 77 69 66 69 2f 73 6f 63 6b 65 74 73 2f 77 70 61 5f 63 74 72 6c ...
D/wpa_supplicant( 1933): p2p0: BSS: Add new id 3953 BSSID 94:b4:0f:a6:cd:11 SSID 'MIPublic'
D/wpa_supplicant( 1933): CTRL_IFACE monitor send - hexdump(len=39): 2f 64 61 74 61 2f 6d 69 73 63 2f 77 69 66 69 2f 73 6f 63 6b 65 74 73 2f 77 70 61 5f 63 74 72 6c ...
D/wpa_supplicant( 1933): p2p0: BSS: Add new id 3954 BSSID 94:b4:0f:a6:7b:a1 SSID 'MIPublic'
D/wpa_supplicant( 1933): CTRL_IFACE monitor send - hexdump(len=39): 2f 64 61 74 61 2f 6d 69 73 63 2f 77 69 66 69 2f 73 6f 63 6b 65 74 73 2f 77 70 61 5f 63 74 72 6c ...
D/wpa_supplicant( 1933): p2p0: BSS: Add new id 3955 BSSID 94:b4:0f:a6:7b:21 SSID 'MIPublic'
D/wpa_supplicant( 1933): CTRL_IFACE monitor send - hexdump(len=39): 2f 64 61 74 61 2f 6d 69 73 63 2f 77 69 66 69 2f 73 6f 63 6b 65 74 73 2f 77 70 61 5f 63 74 72 6c ...
D/wpa_supplicant( 1933): p2p0: BSS: Add new id 3956 BSSID 94:b4:0f:a6:7c:51 SSID 'MIPublic'
D/wpa_supplicant( 1933): CTRL_IFACE monitor send - hexdump(len=39): 2f 64 61 74 61 2f 6d 69 73 63 2f 77 69 66 69 2f 73 6f 63 6b 65 74 73 2f 77 70 61 5f 63 74 72 6c ...
D/wpa_supplicant( 1933): p2p0: BSS: Add new id 3957 BSSID 94:b4:0f:a6:7b:31 SSID 'MIPublic'
D/wpa_supplicant( 1933): CTRL_IFACE monitor send - hexdump(len=39): 2f 64 61 74 61 2f 6d 69 73 63 2f 77 69 66 69 2f 73 6f 63 6b 65 74 73 2f 77 70 61 5f 63 74 72 6c ...
D/wpa_supplicant( 1933): p2p0: BSS: Add new id 3958 BSSID 94:b4:0f:a6:cd:71 SSID 'MIPublic'
D/wpa_supplicant( 1933): CTRL_IFACE monitor send - hexdump(len=39): 2f 64 61 74 61 2f 6d 69 73 63 2f 77 69 66 69 2f 73 6f 63 6b 65 74 73 2f 77 70 61 5f 63 74 72 6c ...
D/wpa_supplicant( 1933): p2p0: BSS: Add new id 3959 BSSID 94:b4:0f:a6:cd:01 SSID 'MIPublic'
D/wpa_supplicant( 1933): CTRL_IFACE monitor send - hexdump(len=39): 2f 64 61 74 61 2f 6d 69 73 63 2f 77 69 66 69 2f 73 6f 63 6b 65 74 73 2f 77 70 61 5f 63 74 72 6c ...
D/wpa_supplicant( 1933): p2p0: BSS: Add new id 3960 BSSID 94:b4:0f:a6:cf:71 SSID 'MIPublic'
D/wpa_supplicant( 1933): CTRL_IFACE monitor send - hexdump(len=39): 2f 64 61 74 61 2f 6d 69 73 63 2f 77 69 66 69 2f 73 6f 63 6b 65 74 73 2f 77 70 61 5f 63 74 72 6c ...
D/wpa_supplicant( 1933): p2p0: BSS: Add new id 3961 BSSID 94:b4:0f:a6:cc:51 SSID 'MIPublic'
D/wpa_supplicant( 1933): CTRL_IFACE monitor send - hexdump(len=39): 2f 64 61 74 61 2f 6d 69 73 63 2f 77 69 66 69 2f 73 6f 63 6b 65 74 73 2f 77 70 61 5f 63 74 72 6c ...
D/wpa_supplicant( 1933): BSS: last_scan_res_used=66/128 last_scan_full=0
D/wpa_supplicant( 1933): p2p0: New scan results available
D/wpa_supplicant( 1933): CTRL_IFACE monitor send - hexdump(len=39): 2f 64 61 74 61 2f 6d 69 73 63 2f 77 69 66 69 2f 73 6f 63 6b 65 74 73 2f 77 70 61 5f 63 74 72 6c ...
D/wpa_supplicant( 1933): CTRL_IFACE monitor send - hexdump(len=39): 2f 64 61 74 61 2f 6d 69 73 63 2f 77 69 66 69 2f 73 6f 63 6b 65 74 73 2f 77 70 61 5f 63 74 72 6c ...
D/wpa_supplicant( 1933): WPS: AP[0] 8c:be:be:2a:78:ba type=0 tries=0 last_attempt=-1 sec ago blacklist=0
D/wpa_supplicant( 1933): WPS: AP[1] 8c:be:be:40:00:49 type=0 tries=0 last_attempt=-1 sec ago blacklist=0
D/wpa_supplicant( 1933): WPS: AP[2] 8c:be:be:2a:78:bb type=0 tries=0 last_attempt=-1 sec ago blacklist=0
D/wpa_supplicant( 1933): WPS: AP[3] 8c:be:be:44:73:42 type=0 tries=0 last_attempt=-1 sec ago blacklist=0
D/wpa_supplicant( 1933): WPS: AP[4] 8c:be:be:40:00:67 type=0 tries=0 last_attempt=-1 sec ago blacklist=0
D/wpa_supplicant( 1933): WPS: AP[5] 8c:be:be:2a:2b:b6 type=0 tries=0 last_attempt=-1 sec ago blacklist=0
D/wpa_supplicant( 1933): WPS: AP[6] 8c:be:be:2a:2b:b7 type=0 tries=0 last_attempt=-1 sec ago blacklist=0
D/wpa_supplicant( 1933): WPS: AP[7] 8c:be:be:40:00:4a type=0 tries=0 last_attempt=-1 sec ago blacklist=0
D/wpa_supplicant( 1933): WPS: AP[8] 8c:be:be:44:73:43 type=0 tries=0 last_attempt=-1 sec ago blacklist=0
D/wpa_supplicant( 1933): WPS: AP[9] 28:10:7b:65:58:c8 type=0 tries=0 last_attempt=-1 sec ago blacklist=0
D/wpa_supplicant( 1933): WPS: AP[10] 64:09:80:4a:19:80 type=0 tries=0 last_attempt=-1 sec ago blacklist=0
D/wpa_supplicant( 1933): WPS: AP[11] 8c:be:be:40:00:68 type=0 tries=0 last_attempt=-1 sec ago blacklist=0
D/wpa_supplicant( 1933): WPS: AP[12] 64:09:80:4a:19:81 type=0 tries=0 last_attempt=-1 sec ago blacklist=0
D/wpa_supplicant( 1933): WPS: AP[13] 10:48:b1:e8:0f:86 type=0 tries=0 last_attempt=-1 sec ago blacklist=0
D/wpa_supplicant( 1933): WPS: AP[14] 10:48:b1:e8:0e:57 type=0 tries=0 last_attempt=-1 sec ago blacklist=0
D/wpa_supplicant( 1933): WPS: AP[15] 8c:be:be:44:db:88 type=0 tries=0 last_attempt=-1 sec ago blacklist=0
D/wpa_supplicant( 1933): WPS: AP[16] 8c:be:be:2a:2c:aa type=0 tries=0 last_attempt=-1 sec ago blacklist=0
D/wpa_supplicant( 1933): WPS: AP[17] 8c:be:be:10:06:23 type=0 tries=0 last_attempt=-1 sec ago blacklist=0
D/wpa_supplicant( 1933): WPS: AP[18] 10:48:b1:e8:0f:11 type=0 tries=0 last_attempt=-1 sec ago blacklist=0
D/wpa_supplicant( 1933): WPS: AP[19] 8c:be:be:10:06:22 type=0 tries=0 last_attempt=-1 sec ago blacklist=0
D/wpa_supplicant( 1933): WPS: AP[20] f0:b4:29:2c:e6:d7 type=0 tries=0 last_attempt=-1 sec ago blacklist=0
D/wpa_supplicant( 1933): WPS: AP[21] 10:48:b1:e8:0f:87 type=0 tries=0 last_attempt=-1 sec ago blacklist=0
D/wpa_supplicant( 1933): WPS: AP[22] f0:b4:29:23:9f:7b type=0 tries=0 last_attempt=-1 sec ago blacklist=0
D/wpa_supplicant( 1933): WPS: AP[23] f0:b4:29:15:4e:4a type=0 tries=0 last_attempt=-1 sec ago blacklist=0
D/wpa_supplicant( 1933): WPS: AP[24] 8c:be:be:2a:2c:a9 type=0 tries=0 last_attempt=-1 sec ago blacklist=0
D/wpa_supplicant( 1933): WPS: AP[25] c0:61:18:00:8c:be type=0 tries=0 last_attempt=-1 sec ago blacklist=0
D/wpa_supplicant( 1933): WPS: AP[26] 8c:be:be:2a:61:14 type=0 tries=0 last_attempt=-1 sec ago blacklist=0
D/wpa_supplicant( 1933): WPS: AP[27] a8:57:4e:2f:7a:98 type=0 tries=0 last_attempt=-1 sec ago blacklist=0
D/wpa_supplicant( 1933): WPS: AP[28] 8e:be:be:2a:2c:ab type=0 tries=0 last_attempt=-1 sec ago blacklist=0
D/wpa_supplicant( 1933): WPS: AP[29] 8e:be:be:10:06:24 type=0 tries=0 last_attempt=-1 sec ago blacklist=0
D/wpa_supplicant( 1933): WPS: AP[30] 10:48:b1:e8:0e:58 type=0 tries=0 last_attempt=-1 sec ago blacklist=0
D/wpa_supplicant( 1933): WPS: AP[31] 8c:be:be:41:65:fb type=0 tries=0 last_attempt=-1 sec ago blacklist=0
D/wpa_supplicant( 1933): WPS: AP[32] c4:a8:1d:8d:92:c0 type=0 tries=0 last_attempt=-1 sec ago blacklist=0
D/wpa_supplicant( 1933): WPS: AP[33] 8c:be:be:44:67:b7 type=0 tries=0 last_attempt=-1 sec ago blacklist=0
D/wpa_supplicant( 1933): WPS: AP[34] f0:b4:29:1f:4f:43 type=0 tries=0 last_attempt=-1 sec ago blacklist=0
D/wpa_supplicant( 1933): WPS: AP[35] 4c:bb:58:d3:fc:3b type=0 tries=0 last_attempt=-1 sec ago blacklist=0
D/wpa_supplicant( 1933): WPS: AP[36] f0:b4:29:24:64:f3 type=0 tries=0 last_attempt=-1 sec ago blacklist=0
D/wpa_supplicant( 1933): WPS: AP[37] 8c:be:be:20:21:4c type=0 tries=0 last_attempt=-1 sec ago blacklist=0
D/wpa_supplicant( 1933): WPS: AP[38] f0:b4:29:6f:66:58 type=0 tries=0 last_attempt=-1 sec ago blacklist=0
D/wpa_supplicant( 1933): WPS: AP[39] 8c:be:be:2f:7c:2d type=0 tries=0 last_attempt=-1 sec ago blacklist=0
D/wpa_supplicant( 1933): WPS: AP[40] 8c:be:be:44:49:ae type=0 tries=0 last_attempt=-1 sec ago blacklist=0
D/wpa_supplicant( 1933): WPS: AP[41] 8c:be:be:20:ac:ea type=0 tries=0 last_attempt=-1 sec ago blacklist=0
D/wpa_supplicant( 1933): WPS: AP[42] 8e:be:be:2f:7c:2f type=0 tries=0 last_attempt=-1 sec ago blacklist=0
D/wpa_supplicant( 1933): WPS: AP[43] 10:48:b1:e8:11:0c type=0 tries=0 last_attempt=-1 sec ago blacklist=0
D/wpa_supplicant( 1933): WPS: AP[44] 8c:be:be:44:aa:cb type=0 tries=0 last_attempt=-1 sec ago blacklist=0
D/wpa_supplicant( 1933): WPS: AP[45] 8c:be:be:2a:78:c0 type=0 tries=0 last_attempt=-1 sec ago blacklist=0
D/wpa_supplicant( 1933): WPS: AP[46] 00:1f:7a:fa:0a:46 type=0 tries=0 last_attempt=-1 sec ago blacklist=0
D/wpa_supplicant( 1933): WPS: AP[47] 8c:be:be:2a:61:15 type=0 tries=0 last_attempt=-1 sec ago blacklist=0
D/wpa_supplicant( 1933): WPS: AP[48] 8c:be:be:45:42:33 type=0 tries=0 last_attempt=-1 sec ago blacklist=0
D/wpa_supplicant( 1933): WPS: AP[49] 10:48:b1:e8:10:3d type=0 tries=0 last_attempt=-1 sec ago blacklist=0
D/wpa_supplicant( 1933): WPS: AP[50] f0:b4:29:57:4e:59 type=0 tries=0 last_attempt=-1 sec ago blacklist=0
D/wpa_supplicant( 1933): WPS: AP[51] a8:15:4d:b1:97:14 type=0 tries=0 last_attempt=-1 sec ago blacklist=0
D/wpa_supplicant( 1933): WPS: AP[52] 8c:be:be:2f:7c:2e type=0 tries=0 last_attempt=-1 sec ago blacklist=0
D/wpa_supplicant( 1933): WPS: AP[53] 8c:be:be:2a:49:35 type=0 tries=0 last_attempt=-1 sec ago blacklist=0
D/wpa_supplicant( 1933): WPS: AP[54] f0:b4:29:1a:81:ab type=0 tries=0 last_attempt=-1 sec ago blacklist=0
D/wpa_supplicant( 1933): WPS: AP[55] f0:b4:29:05:df:cc type=0 tries=0 last_attempt=-1 sec ago blacklist=0
D/wpa_supplicant( 1933): WPS: AP[56] 10:48:b1:e8:0f:12 type=0 tries=0 last_attempt=-1 sec ago blacklist=0
D/wpa_supplicant( 1933): WPS: AP[57] 8c:be:be:2b:0a:94 type=0 tries=0 last_attempt=-1 sec ago blacklist=0
D/wpa_supplicant( 1933): WPS: AP[58] 48:ee:0c:45:07:1c type=0 tries=0 last_attempt=-1 sec ago blacklist=0
D/wpa_supplicant( 1933): WPS: AP[59] 64:09:80:1c:cf:ab type=0 tries=0 last_attempt=-1 sec ago blacklist=0
D/wpa_supplicant( 1933): WPS: AP[60] 8c:be:be:10:05:4d type=0 tries=0 last_attempt=-1 sec ago blacklist=0
D/wpa_supplicant( 1933): WPS: AP[61] f0:b4:29:2c:e6:d8 type=0 tries=0 last_attempt=-1 sec ago blacklist=0
D/wpa_supplicant( 1933): WPS: AP[62] f0:b4:29:15:3e:4e type=0 tries=0 last_attempt=-1 sec ago blacklist=0
D/wpa_supplicant( 1933): WPS: AP[63] 8c:be:be:21:56:73 type=0 tries=0 last_attempt=-1 sec ago blacklist=0
D/wpa_supplicant( 1933): WPS: AP[64] 8c:be:be:10:0f:97 type=0 tries=0 last_attempt=-1 sec ago blacklist=0
D/wpa_supplicant( 1933): WPS: AP[65] 64:09:80:04:9e:01 type=0 tries=0 last_attempt=-1 sec ago blacklist=0
D/wpa_supplicant( 1933): WPS: AP[66] 8c:be:be:20:8e:8a type=0 tries=0 last_attempt=-1 sec ago blacklist=0
D/wpa_supplicant( 1933): WPS: AP[67] 8e:be:be:21:56:75 type=0 tries=0 last_attempt=-1 sec ago blacklist=0
D/wpa_supplicant( 1933): WPS: AP[68] 8c:be:be:40:08:ed type=0 tries=0 last_attempt=-1 sec ago blacklist=0
D/wpa_supplicant( 1933): WPS: AP[69] 8c:be:be:30:64:e3 type=0 tries=0 last_attempt=-1 sec ago blacklist=0
D/wpa_supplicant( 1933): WPS: AP[70] f0:b4:29:5d:ae:97 type=0 tries=0 last_attempt=-1 sec ago blacklist=0
D/wpa_supplicant( 1933): WPS: AP[71] 8c:be:be:2e:6a:73 type=0 tries=0 last_attempt=-1 sec ago blacklist=0
D/wpa_supplicant( 1933): WPS: AP[72] 8c:be:be:27:5d:00 type=0 tries=0 last_attempt=-1 sec ago blacklist=0
D/wpa_supplicant( 1933): WPS: AP[73] 10:48:b1:e8:11:0d type=0 tries=0 last_attempt=-1 sec ago blacklist=0
D/wpa_supplicant( 1933): WPS: AP[74] f0:b4:29:14:80:64 type=0 tries=0 last_attempt=-1 sec ago blacklist=0
D/wpa_supplicant( 1933): WPS: AP[75] 38:83:45:e7:71:50 type=0 tries=0 last_attempt=-1 sec ago blacklist=0
D/wpa_supplicant( 1933): WPS: AP[76] 8c:be:be:40:d4:4b type=0 tries=0 last_attempt=-1 sec ago blacklist=0
D/wpa_supplicant( 1933): WPS: AP[77] 34:cd:be:27:77:c8 type=0 tries=0 last_attempt=-1 sec ago blacklist=0
D/wpa_supplicant( 1933): WPS: AP[78] 8c:be:be:44:c3:2e type=0 tries=0 last_attempt=-1 sec ago blacklist=0
D/wpa_supplicant( 1933): WPS: AP[79] c0:61:18:e4:97:2a type=0 tries=0 last_attempt=-1 sec ago blacklist=0
D/wpa_supplicant( 1933): WPS: AP[80] 8c:be:be:27:a9:26 type=0 tries=0 last_attempt=-1 sec ago blacklist=0
D/wpa_supplicant( 1933): WPS: AP[81] 8c:be:be:26:f3:8b type=0 tries=0 last_attempt=-1 sec ago blacklist=0
D/wpa_supplicant( 1933): WPS: AP[82] f2:b4:29:1a:81:ad type=0 tries=0 last_attempt=-1 sec ago blacklist=0
D/wpa_supplicant( 1933): WPS: AP[83] 12:48:b1:e8:10:7b type=0 tries=0 last_attempt=-1 sec ago blacklist=0
D/wpa_supplicant( 1933): WPS: AP[84] 2c:b0:5d:38:1a:b8 type=0 tries=0 last_attempt=-1 sec ago blacklist=0
D/wpa_supplicant( 1933): WPS: AP[85] 8c:be:be:2a:49:36 type=0 tries=0 last_attempt=-1 sec ago blacklist=0
D/wpa_supplicant( 1933): WPS: AP[86] 10:48:b1:e8:10:79 type=0 tries=0 last_attempt=-1 sec ago blacklist=0
D/wpa_supplicant( 1933): WPS: AP[87] 8c:be:be:21:d0:68 type=0 tries=0 last_attempt=-1 sec ago blacklist=0
D/wpa_supplicant( 1933): WPS: AP[88] dc:ef:09:b0:fc:19 type=0 tries=0 last_attempt=-1 sec ago blacklist=0
D/wpa_supplicant( 1933): WPS: AP[89] 8c:be:be:28:3f:e6 type=0 tries=0 last_attempt=-1 sec ago blacklist=0
D/wpa_supplicant( 1933): WPS: AP[90] 04:5f:a7:05:d2:6c type=0 tries=0 last_attempt=-1 sec ago blacklist=0
D/wpa_supplicant( 1933): WPS: AP[91] e8:fc:af:f7:70:18 type=0 tries=0 last_attempt=-1 sec ago blacklist=0
D/wpa_supplicant( 1933): WPS: AP[92] 64:09:80:04:c4:e3 type=0 tries=0 last_attempt=-1 sec ago blacklist=0
D/wpa_supplicant( 1933): WPS: AP[93] 8c:be:be:40:15:8c type=0 tries=0 last_attempt=-1 sec ago blacklist=0
D/wpa_supplicant( 1933): WPS: AP[94] a8:15:4d:b1:97:15 type=0 tries=0 last_attempt=-1 sec ago blacklist=0
D/wpa_supplicant( 1933): WPS: AP[95] f0:b4:29:2a:48:ea type=0 tries=0 last_attempt=-1 sec ago blacklist=0
D/wpa_supplicant( 1933): WPS: AP[96] cc:b2:55:5a:0b:54 type=0 tries=0 last_attempt=-1 sec ago blacklist=0
D/wpa_supplicant( 1933): WPS: AP[97] 8c:be:be:42:12:45 type=0 tries=0 last_attempt=-1 sec ago blacklist=0
D/wpa_supplicant( 1933): WPS: AP[98] 9c:21:6a:a6:de:f8 type=0 tries=0 last_attempt=-1 sec ago blacklist=0
D/wpa_supplicant( 1933): WPS: AP[99] f0:b4:29:52:23:99 type=0 tries=0 last_attempt=-1 sec ago blacklist=0
D/wpa_supplicant( 1933): WPS: AP[100] 8c:be:be:40:0a:58 type=0 tries=0 last_attempt=-1 sec ago blacklist=0
D/wpa_supplicant( 1933): WPS: AP[101] 14:75:90:79:59:8f type=0 tries=0 last_attempt=-1 sec ago blacklist=0
D/wpa_supplicant( 1933): p2p0:     selected  ssid: NULL
D/wpa_supplicant( 1933): p2p0: No suitable network found
D/wpa_supplicant( 1933): p2p0: Short-circuit new scan request since there are no enabled networks
D/wpa_supplicant( 1933): p2p0: State: INACTIVE -> INACTIVE
D/wpa_supplicant( 1933): wpa_state_to_wapi_state wpa_state : 2 change to wapi_state
D/wpa_supplicant( 1933): wpa_supplicant_set_state wapi_state : 2
D/wpa_supplicant( 1933): wlan0: P2P: Station mode scan operation not pending anymore (sta_scan_pending=0 p2p_cb_on_scan_complete=0)
D/wpa_supplicant( 1933): RX ctrl_iface - hexdump(len=9): 53 45 54 20 70 6e 6f 20 31
D/wpa_supplicant( 1933): wlan0: Control interface command 'SET pno 1'
D/wpa_supplicant( 1933): CTRL_IFACE SET 'pno'='1'
D/wpa_supplicant( 1933): PNO: No configured SSIDs
D/wpa_supplicant( 1933): RTM_NEWLINK: operstate=0 ifi_flags=0x11003 ([UP][LOWER_UP])
D/wpa_supplicant( 1933): RTM_NEWLINK, IFLA_IFNAME: Interface 'wlan0' added
D/wpa_supplicant( 1933): nl80211: if_removed already cleared - ignore event
D/wpa_supplicant( 1933): RX ctrl_iface - hexdump(len=25): 42 53 53 20 52 41 4e 47 45 3d 30 2d 20 4d 41 53 4b 3d 30 78 32 33 39 38 37
D/wpa_supplicant( 1933): wlan0: Control interface command 'BSS RANGE=0- MASK=0x23987'
D/wpa_supplicant( 1933): RX ctrl_iface - hexdump(len=28): 42 53 53 20 52 41 4e 47 45 3d 33 39 31 34 2d 20 4d 41 53 4b 3d 30 78 32 33 39 38 37
D/wpa_supplicant( 1933): wlan0: Control interface command 'BSS RANGE=3914- MASK=0x23987'
D/wpa_supplicant( 1933): RX ctrl_iface - hexdump(len=28): 42 53 53 20 52 41 4e 47 45 3d 33 39 33 36 2d 20 4d 41 53 4b 3d 30 78 32 33 39 38 37
D/wpa_supplicant( 1933): wlan0: Control interface command 'BSS RANGE=3936- MASK=0x23987'
W/ContextImpl( 2637): Calling a method in the system process without a qualified user: android.app.ContextImpl.startService:1521 android.content.ContextWrapper.startService:494 android.content.ContextWrapper.startService:494 com.android.settings.MiuiSettingsReceiver.onReceive:106 android.app.ActivityThread.handleReceiver:2412 
W/ContextImpl( 2637): Implicit intents with startService are not safe: Intent { act=android.net.wifi.SCAN_RESULTS } android.content.ContextWrapper.startService:494 android.content.ContextWrapper.startService:494 com.android.settings.MiuiSettingsReceiver.onReceive:106 
D/PhoneStatusBar( 1919): addNotification pkg=com.android.settings;basepkg=com.android.settings;id=2131365117
W/ProgressBarDelegate( 1919): Unknown Drawable subclass, src=android.graphics.drawable.ScaleDrawable@47a7d710
W/ProgressBarDelegate( 1919): Unknown Drawable subclass, src=android.graphics.drawable.ScaleDrawable@47a7e1a8
D/LightsService(  873): Excessive delay setting light: 102ms
W/ContextImpl( 1919): Calling a method in the system process without a qualified user: android.app.ContextImpl.sendBroadcast:1165 android.content.ContextWrapper.sendBroadcast:365 com.android.systemui.statusbar.phone.PhoneStatusBar.updateAppMessage:1638 com.android.systemui.statusbar.phone.PhoneStatusBar.updateAppMessage:1630 com.android.systemui.statusbar.phone.PhoneStatusBar.addNotification:1498 
D/SizeAdaptiveLayout( 1919): com.android.internal.widget.SizeAdaptiveLayout{47a6e980 V.E..... ......I. 0,0-0,0 #7f0800c2 app:id/adaptive}child view android.widget.FrameLayout{47a73f60 G.E..... ......I. 0,0-0,0 #10202d6 android:id/status_bar_latest_event_content} measured out of bounds at 188px clamped to 189px
D/ProximitySensorWrapper( 1919): proximity distance: 5.0
I/PowerManagerService(  873): Waking up from sleep...
I/octvm_klo( 2364): power_screen_broadcast_send event:wakelockCount:1
I/octvm_klo( 2364): screen_toggled event:screen_state:1
I/WhetstoneService( 2188): dispatchEventDelay SCREEN_TRIGGLE value:1
D/PowerKeeperEventLogManager( 2315): notifyScreenChange 1
D/PowerKeeperEventLogManager( 2315): mEventHandler.removeMessages: GlobalConfig.EVENT_ID_SCREEN_OFF_TIME_OUT
W/ContextImpl( 1919): Calling a method in the system process without a qualified user: android.app.ContextImpl.bindService:1585 android.content.ContextWrapper.bindService:517 com.xiaomi.mistatistic.sdk.controller.LocalEventRecorder.a:-1 com.xiaomi.mistatistic.sdk.controller.LocalEventRecorder.b:-1 com.xiaomi.mistatistic.sdk.controller.LocalEventRecorder.a:-1 
V/KeyguardServiceDelegate(  873): onScreenTurnedOn(showListener = com.android.internal.policy.impl.PhoneWindowManager$17@44253a58)
D/wpa_supplicant( 1933): RX ctrl_iface - hexdump(len=9): 53 45 54 20 70 6e 6f 20 30
D/wpa_supplicant( 1933): wlan0: Control interface command 'SET pno 0'
D/wpa_supplicant( 1933): CTRL_IFACE SET 'pno'='0'
E/WifiController(  873): Not handled here 155650
D/wpa_supplicant( 1933): RX ctrl_iface - hexdump(len=23): 44 52 49 56 45 52 20 53 45 54 53 55 53 50 45 4e 44 4d 4f 44 45 20 30
D/wpa_supplicant( 1933): wlan0: Control interface command 'DRIVER SETSUSPENDMODE 0'
V/nvaudio_hw(  197): nvaudio_dev_set_parameters : screen_state=on
D/wpa_supplicant( 1933): wpa_driver_nl80211_driver_cmd  len = 0, 0
V/IdleController(  873): exiting idle : android.intent.action.SCREEN_ON
V/JobSchedulerService(  873): isReadyToBeExecutedLocked: com.miui.whetstone/.cloud.CloudControlJobService jId=0, u0 ready=false pending=false active=false userRunning=true
V/JobSchedulerService(  873): isReadyToBeExecutedLocked: com.android.settings/.cloud.CloudJobService jId=1, u0 ready=false pending=false active=false userRunning=true
V/JobSchedulerService(  873): isReadyToBeExecutedLocked: com.duokan.reader/.domain.job.JobManagerService jId=2147483647, u0 ready=false pending=false active=false userRunning=true
V/JobSchedulerService(  873): isReadyToBeExecutedLocked: com.android.calendar/com.miui.calendar.job.RemoteJobService jId=1, u0 ready=false pending=false active=false userRunning=true
V/JobSchedulerService(  873): isReadyToBeExecutedLocked: com.android.calendar/com.miui.calendar.job.LocalJobService jId=0, u0 ready=false pending=false active=false userRunning=true
D/JobSchedulerService(  873): maybeQueueReadyJobsForExecutionLockedH: Not running anything.
D/JobSchedulerService(  873): idle=0 connectivity=0 charging=0 tot=0
D/JobSchedulerService(  873): pending queue: 0 jobs.
V/LocationPolicy(  873): Screen state changed
V/NfcService( 2205): receive broadcast: android.intent.action.SCREEN_ON
D/NativeNfcBrcmPowerMode( 2205): setPowerMode; state=3
D/BrcmNfcJni( 2205): PowerSwitch::com_android_nfc_NfcBrcmPowerMode_doSetPowerMode: mode=0x3; screen on locked
W/ContextImpl( 2478): Calling a method in the system process without a qualified user: android.app.ContextImpl.sendBroadcast:1165 android.content.ContextWrapper.sendBroadcast:365 com.miui.powercenter.provider.PowerSaveService.jr:198 com.miui.powercenter.provider.PowerSaveService.c:22 com.miui.powercenter.provider.u.onReceive:43 
D/DisplayPowerController(  873): Blocked screen on. RealTime:17275643
I/powerHAL::common(  873): Enabling input device:1
D/NfcService( 2205): NFC-C ON
D/BrcmNfcJni( 2205): stopDiscoveryDeferredAbortNow
D/BrcmNfcJni( 2205): nfcManager_enableDiscovery: enter; tech_mask = ef
D/BrcmNfcJni( 2205): nfcManager_enableDiscoveryImpl: enter; tech mask=0xEF
D/BrcmNfcJni( 2205): PowerSwitch::setLevel: level=PS-FULL (1)
D/BrcmNfcJni( 2205): startRfDiscovery: is start=0
I/BrcmNfcNfa( 2205): NFA_StopRfDiscovery ()
I/BrcmNfcNfa( 2205): NFA got event 0x010F
I/BrcmNfcNfa( 2205): nfa_dm_evt_hdlr event: NFA_DM_API_STOP_RF_DISCOVERY_EVT (0x0f)
I/BrcmNfcNfa( 2205): nfa_dm_act_stop_rf_discovery ()
I/BrcmNfcNfa( 2205): nfa_dm_rf_deactivate () deactivate_type:0x0
I/BrcmNfcNfa( 2205): nfa_dm_disc_sm_execute (): state: DISCOVERY (1), event: DEACTIVATE_CMD(6) disc_flags: 0x2
I/BrcmNfcNfa( 2205): NFC_Deactivate 4 (IDLE) deactivate_type:0
D/NfcAdaptation( 2205): NfcAdaptation::HalWrite
D/NfcNciHal( 2205): HaiWrite: enter; len=4
I/NfcNciHal( 2205): HAL_NfcWrite ()
D/NfcNciHal( 2205): HaiWrite: exit 0
I/BrcmNfcNfa( 2205): nfa_dm_disc_sm_execute (): new state: DISCOVERY (1), disc_flags: 0x22
I/BrcmNfcNfa( 2205): nfa_sys_ptim_stop_timer 751d90c4
I/BrcmNfcNfa( 2205): ptim timer stop
I/BrcmNfcNfa( 2205): Stopped presence check timer (if started)
I/NfcNciHal( 2205): nfc_hal_main_send_message() ls:0x10
I/NfcNciHal( 2205): nfc_hal_dm_power_mode_execute () event = 0
I/NfcNciHal( 2205): nfc_hal_dm_set_nfc_wake () ASSERT
D/USERIAL_LINUX( 2205): UPIO_Set: ioctl, state=0
D/USERIAL_LINUX( 2205): UPIO_Set: ioctl, old state=1, insert delay for 20 ms
I/NfcNciHal( 2205): p_buf->len: 4
I/BrcmNci ( 2205): --
I/BrcmNci ( 2205): SENT NCI  Type:CMD   Name: RF_DEACTIVATE(0x6)   PBF:No/Last   Param Len: 1/1 f:0x0
I/BrcmNci ( 2205):                         De-Activate Type : Idle Mode (0/0x00)
D/BrcmNci ( 2205): Raw NCI Packet:
D/BrcmNci ( 2205): 0000: 21 06 01 00                                     !...
I/BrcmNci ( 2205): --
D/USERIAL_LINUX( 2205): USERIAL_Write: (5 bytes)
D/USERIAL_LINUX( 2205): doWriteDelay() delay 19 ms
I/powerHAL::common(  873): Enabling input device:2
I/powerHAL::common(  873): Enabling input device:3
I/powerHAL::common(  873): Enabling input device:4
I/powerHAL::common(  873): Enabling input device:5
I/powerHAL::common(  873): Enabling input device:6
I/powerHAL::pisces(  873): average current for last screen off is 5671
D/SurfaceFlinger(  194): Screen acquired, type=0 flinger=0x406c74c8
D/hwcomposer(  194): hwc_blank: display 0: unblank
D/hwcomposer(  194): hwc_blank_display: display 0: [1 -> 0]
D/hwcomposer(  194): Display 0 layer clip is 1080 x 1920
D/hwcomposer(  194): Display 0 device clip is 1080 x 1920
D/hwcomposer(  194): dc_blank: display 0, [1 -> 0]
D/USERIAL_LINUX( 2205): USERIAL_Write len = 5, ret = 5
D/USERIAL_LINUX( 2205): my_read: return 5(0x5) bytes, errno=0 count=280, n=1, timeout=-1
D/USERIAL_LINUX( 2205): userial_read_thread(): enqueued p_buf=0x7524c0c8, count=1, length=5
D/USERIAL_LINUX( 2205): my_read: enter, pbuf=7524bc20, len = 280
I/BrcmNci ( 2205): --
I/BrcmNci ( 2205): RECV NCI  Type:RSP   Name: RF_DEACTIVATE(0x6)   PBF:No/Last   Param Len: 1/1 f:0x0
I/BrcmNci ( 2205):                                   Status : OK (0x00)
D/BrcmNci ( 2205): Raw NCI Packet:
D/BrcmNci ( 2205): 0000: 41 06 01 00                                     A...
I/BrcmNci ( 2205): --
I/NfcNciHal( 2205): nfc_hal_nci_preproc_rx_nci_msg()
I/NfcNciHal( 2205): nfc_hal_dm_power_mode_execute () event = 1
D/NfcNciHal( 2205): BroadcomHalDataCallback: enter; len=4
D/NfcAdaptation( 2205): NfcAdaptation::HalDeviceContextDataCallback: len=4
I/BrcmNfcNfa( 2205): NFC received rsp gid:1
I/BrcmNfcNfa( 2205): nfc_set_state 4 (IDLE)->4 (IDLE)
I/BrcmNfcNfa( 2205): nfa_dm_disc_data_cback ()
I/BrcmNfcNfa( 2205): nfa_dm_disc_discovery_cback (): event:0x4005
I/BrcmNfcNfa( 2205): nfa_dm_disc_sm_execute (): state: DISCOVERY (1), event: DEACTIVATE_RSP(7) disc_flags: 0x22
I/BrcmNfcNfa( 2205): nfa_dm_disc_new_state (): old_state: DISCOVERY (1), new_state: IDLE (0) disc_flags: 0x2
D/BrcmNfcJni( 2205): nfaConnectionCallback: event= 31
D/BrcmNfcJni( 2205): nfaConnectionCallback: NFA_RF_DISCOVERY_STOPPED_EVT: status = 0
I/BrcmNfcNfa( 2205): nfa_dm_start_rf_discover ()
I/BrcmNfcNfa( 2205): nfa_dm_disc_sm_execute (): new state: IDLE (0), disc_flags: 0x0
D/BrcmNfcJni( 2205): com_android_nfc_broadcom_AidFilter_doDisableFilterCondition: enter
D/BrcmNfcJni( 2205): DisableFilterCondition tag=0xf1
D/BrcmNfcJni( 2205): IsEnabled: ENABLE_VZW_AID_FILTERING=0
D/BrcmNfcJni( 2205): VZW Aid Filter feature is disabled.
D/BrcmNfcJni( 2205): com_android_nfc_broadcom_AidFilter_doDisableFilterCondition: exit; return=1
I/BrcmNfcNfa( 2205): NFA_EnablePolling () 0xEF
I/BrcmNfcNfa( 2205): NFA got event 0x0106
I/BrcmNfcNfa( 2205): nfa_dm_evt_hdlr event: NFA_DM_API_ENABLE_POLLING_EVT (0x06)
I/BrcmNfcNfa( 2205): nfa_dm_act_enable_polling ()
I/BrcmNfcNfa( 2205): nfa_dm_start_polling ()
I/BrcmNfcNfa( 2205): nfa_dm_add_rf_discover () disc_mask=0x3d7f
D/BrcmNfcJni( 2205): nfaConnectionCallback: event= 0
D/BrcmNfcJni( 2205): nfaConnectionCallback: NFA_POLL_ENABLED_EVT: status = 0
D/BrcmNfcJni( 2205): nfcManager_enableDiscoveryImpl: wait for enable event
D/BrcmNfcJni( 2205): nfcManager_enableDiscoveryImpl: got enabled event
D/BrcmNfcJni( 2205): nfcManager_enableDiscoveryImpl: Enable p2pListening
D/BrcmNfcJni( 2205): PeerToPeer::enableP2pListening: enter isEnable: 1  mIsP2pListening: 0
I/BrcmNfcNfa( 2205): NFA_P2pSetListenTech (): tech_mask:0xC4
I/BrcmNfcNfa( 2205): NFA got event 0x010D
I/BrcmNfcNfa( 2205): nfa_dm_evt_hdlr event: NFA_DM_API_SET_P2P_LISTEN_TECH_EVT (0x0d)
I/BrcmNfcNfa( 2205): nfa_dm_set_p2p_listen_tech ()  tech_mask = 196
I/BrcmNfcNfa( 2205): nfa_p2p_update_listen_tech ()  tech_mask = 0xc4
I/BrcmNfcNfa( 2205): nfa_p2p_enable_listening () sys_id = 3, update_wks = 0
I/BrcmNfcNfa( 2205): nfa_dm_add_rf_discover () disc_mask=0xc400000
D/BrcmNfcJni( 2205): nfaConnectionCallback: event= 33
D/BrcmNfcJni( 2205): nfaConnectionCallback: NFA_SET_P2P_LISTEN_TECH_EVT
D/BrcmNfcJni( 2205): PeerToPeer::enableP2pListening: exit; mIsP2pListening: 1
D/BrcmNfcJni( 2205): startRfDiscovery: is start=1
I/BrcmNfcNfa( 2205): NFA_StartRfDiscovery ()
I/BrcmNfcNfa( 2205): NFA got event 0x010E
I/BrcmNfcNfa( 2205): nfa_dm_evt_hdlr event: NFA_DM_API_START_RF_DISCOVERY_EVT (0x0e)
I/BrcmNfcNfa( 2205): nfa_dm_act_start_rf_discovery ()
I/BrcmNfcNfa( 2205): nfa_dm_start_rf_discover ()
I/BrcmNfcNfa( 2205): nfa_ee_get_tech_route(): 1
I/BrcmNfcNfa( 2205): 0xf4, 0x0, 0x0, 0x0
I/BrcmNfcNfa( 2205): nfa_dm_cb.disc_cb.entry[0].selected_disc_mask = 0x40000
I/BrcmNfcNfa( 2205): nfa_dm_cb.disc_cb.entry[1].selected_disc_mask = 0x3d7f
I/BrcmNfcNfa( 2205): nfa_dm_cb.disc_cb.entry[2].selected_disc_mask = 0xc400000
I/BrcmNfcNfa( 2205): nfa_dm_cb.disc_cb.entry[3].selected_disc_mask = 0x40000
I/BrcmNfcNfa( 2205): nfa_p2p_set_config ()
I/BrcmNfcNfa( 2205): LLCP_GetDiscoveryConfig ()
I/BrcmNfcNfa( 2205): nfa_dm_check_set_config ()
I/BrcmNfcNfa( 2205): nfa_dm_check_set_config ()
I/BrcmNfcNfa( 2205): dm_disc_mask = 0xc443d7f
I/BrcmNfcNfa( 2205): nfa_dm_set_rf_listen_mode_config () tech_proto_mask = 0x0C443D7F
I/BrcmNfcNfa( 2205): nfa_dm_check_set_config ()
D/NfcAdaptation( 2205): NfcAdaptation::HalWrite
D/NfcNciHal( 2205): HaiWrite: enter; len=7
I/NfcNciHal( 2205): HAL_NfcWrite ()
D/NfcNciHal( 2205): HaiWrite: exit 0
I/BrcmNfcNfa( 2205): nfa_dm_set_total_duration ()
I/BrcmNfcNfa( 2205): nfa_dm_check_set_config ()
I/BrcmNfcNfa( 2205): NFC_DiscoveryStart
I/BrcmNfcNfa( 2205): NFC_DiscoveryStart status: 0xe3
I/NfcNciHal( 2205): nfc_hal_main_send_message() ls:0x10
I/NfcNciHal( 2205): nfc_hal_dm_power_mode_execute () event = 0
I/NfcNciHal( 2205): p_buf->len: 7
I/BrcmNci ( 2205): --
I/BrcmNci ( 2205): SENT NCI  Type:CMD   Name: CORE_SET_CONFIG(0x2)   PBF:No/Last   Param Len: 4/4 f:0x0
I/BrcmNci ( 2205):                               Num Params : 1 (0x01)
I/BrcmNci ( 2205):                             Param ID [0] : (80/0x50) LF_PROTOCOL
I/BrcmNci ( 2205):                             Param Len[0] : 1 (0x01)
I/BrcmNci ( 2205):                             Param Val[0] : 02 
D/BrcmNci ( 2205): Raw NCI Packet:
D/BrcmNci ( 2205): 0000: 20 02 04 01 50 01 02                             ...P..
I/BrcmNci ( 2205): --
D/USERIAL_LINUX( 2205): USERIAL_Write: (8 bytes)
D/USERIAL_LINUX( 2205): doWriteDelay() delay 1 ms
D/USERIAL_LINUX( 2205): USERIAL_Write len = 8, ret = 8
D/USERIAL_LINUX( 2205): my_read: return 6(0x6) bytes, errno=0 count=280, n=1, timeout=-1
D/USERIAL_LINUX( 2205): userial_read_thread(): enqueued p_buf=0x7524bc18, count=1, length=6
D/USERIAL_LINUX( 2205): my_read: enter, pbuf=7524baf4, len = 280
I/BrcmNci ( 2205): --
I/BrcmNci ( 2205): RECV NCI  Type:RSP   Name: CORE_SET_CONFIG(0x2)   PBF:No/Last   Param Len: 2/2 f:0x0
I/BrcmNci ( 2205):                                   Status : OK (0x00)
I/BrcmNci ( 2205):                               Num Params : 0 (0x00)
D/BrcmNci ( 2205): Raw NCI Packet:
D/BrcmNci ( 2205): 0000: 40 02 02 00 00                                  @....
I/BrcmNci ( 2205): --
I/NfcNciHal( 2205): nfc_hal_nci_preproc_rx_nci_msg()
I/NfcNciHal( 2205): nfc_hal_dm_power_mode_execute () event = 1
D/NfcNciHal( 2205): BroadcomHalDataCallback: enter; len=5
D/NfcAdaptation( 2205): NfcAdaptation::HalDeviceContextDataCallback: len=5
I/BrcmNfcNfa( 2205): NFC received rsp gid:0
I/BrcmNfcNfa( 2205): nci_proc_core_rsp opcode:0x2
I/BrcmNfcNfa( 2205): nfa_dm_nfc_response_cback () NFC_SET_CONFIG_REVT(0x5002)
D/NfcAdaptation( 2205): NfcAdaptation::HalPrediscover
D/NfcNciHal( 2205): HaiPreDiscover: enter
I/NfcNciHal( 2205): HAL_NfcPreDiscover ()
I/NfcNciHal( 2205): HAL_NfcPreDiscover status:0
D/NfcNciHal( 2205): HaiPreDiscover: exit 0
D/NfcAdaptation( 2205): NfcAdaptation::HalWrite
D/NfcNciHal( 2205): HaiWrite: enter; len=26
I/NfcNciHal( 2205): HAL_NfcWrite ()
D/NfcNciHal( 2205): HaiWrite: exit 0
I/NfcNciHal( 2205): nfc_hal_main_send_message() ls:0x10
I/NfcNciHal( 2205): nfc_hal_dm_power_mode_execute () event = 0
I/NfcNciHal( 2205): p_buf->len: 26
I/BrcmNci ( 2205): --
I/BrcmNci ( 2205): SENT NCI  Type:CMD   Name: RF_DISCOVER(0x3)   PBF:No/Last   Param Len: 23/23 f:0x0
I/BrcmNci ( 2205):                        Num Discovery Cfg : 11 (0x0b)
I/BrcmNci ( 2205):                                   Poll_A : 0 (0x00)
I/BrcmNci ( 2205):                                Frequency : 1 (0x01)
I/BrcmNci ( 2205):                                   Poll_B : 1 (0x01)
I/BrcmNci ( 2205):                                Frequency : 1 (0x01)
I/BrcmNci ( 2205):                                   Poll_F : 2 (0x02)
I/BrcmNci ( 2205):                                Frequency : 1 (0x01)
I/BrcmNci ( 2205):                            POLL_A_ACTIVE : 3 (0x03)
I/BrcmNci ( 2205):                                Frequency : 1 (0x01)
I/BrcmNci ( 2205):                            POLL_F_ACTIVE : 5 (0x05)
I/BrcmNci ( 2205):                                Frequency : 1 (0x01)
I/BrcmNci ( 2205):                                 Listen_A : 128 (0x80)
I/BrcmNci ( 2205):                                Frequency : 1 (0x01)
I/BrcmNci ( 2205):                                 Listen_F : 130 (0x82)
I/BrcmNci ( 2205):                                Frequency : 1 (0x01)
I/BrcmNci ( 2205):                          LISTEN_A_ACTIVE : 131 (0x83)
I/BrcmNci ( 2205):                                Frequency : 1 (0x01)
I/BrcmNci ( 2205):                          LISTEN_F_ACTIVE : 133 (0x85)
I/BrcmNci ( 2205):                                Frequency : 1 (0x01)
I/BrcmNci ( 2205):                            POLL_ISO15693 : 6 (0x06)
I/BrcmNci ( 2205):                                Frequency : 1 (0x01)
I/BrcmNci ( 2205):                               POLL_KOVIO : 119 (0x77)
I/BrcmNci ( 2205):                                Frequency : 1 (0x01)
D/BrcmNci ( 2205): Raw NCI Packet:
D/BrcmNci ( 2205): 0000: 21 03 17 0b 00 01 01 01 02 01 03 01 05 01 80 01 !...............
D/BrcmNci ( 2205): 0010: 82 01 83 01 85 01 06 01 77 01                   ........w.
I/BrcmNci ( 2205): --
D/USERIAL_LINUX( 2205): USERIAL_Write: (27 bytes)
D/USERIAL_LINUX( 2205): doWriteDelay() delay 2 ms
D/USERIAL_LINUX( 2205): USERIAL_Write len = 27, ret = 27
D/USERIAL_LINUX( 2205): my_read: return 5(0x5) bytes, errno=0 count=280, n=1, timeout=-1
D/USERIAL_LINUX( 2205): userial_read_thread(): enqueued p_buf=0x7524baec, count=1, length=5
D/USERIAL_LINUX( 2205): my_read: enter, pbuf=7524c328, len = 280
I/BrcmNci ( 2205): --
I/BrcmNci ( 2205): RECV NCI  Type:RSP   Name: RF_DISCOVER(0x3)   PBF:No/Last   Param Len: 1/1 f:0x0
I/BrcmNci ( 2205):                                   Status : OK (0x00)
D/BrcmNci ( 2205): Raw NCI Packet:
D/BrcmNci ( 2205): 0000: 41 03 01 00                                     A...
I/BrcmNci ( 2205): --
I/NfcNciHal( 2205): nfc_hal_nci_preproc_rx_nci_msg()
I/NfcNciHal( 2205): nfc_hal_dm_power_mode_execute () event = 1
D/NfcNciHal( 2205): BroadcomHalDataCallback: enter; len=4
D/NfcAdaptation( 2205): NfcAdaptation::HalDeviceContextDataCallback: len=4
I/BrcmNfcNfa( 2205): NFC received rsp gid:1
I/BrcmNfcNfa( 2205): nfa_dm_disc_discovery_cback (): event:0x4000
I/BrcmNfcNfa( 2205): nfa_dm_disc_sm_execute (): state: IDLE (0), event: DISCOVER_RSP(1) disc_flags: 0x31
I/BrcmNfcNfa( 2205): nfa_dm_disc_new_state (): old_state: IDLE (0), new_state: DISCOVERY (1) disc_flags: 0x11
I/BrcmNfcNfa( 2205): nfa_dm_poll_disc_cback (): event:0x00
I/BrcmNfcNfa( 2205): nfa_p2p_discovery_cback (): event:0x00
D/BrcmNfcJni( 2205): nfaConnectionCallback: event= 30
D/BrcmNfcJni( 2205): nfaConnectionCallback: NFA_RF_DISCOVERY_STARTED_EVT: status = 0
I/BrcmNfcNfa( 2205): nfa_dm_disc_sm_execute (): new state: DISCOVERY (1), disc_flags: 0x1
D/BrcmNfcJni( 2205): PowerSwitch::setModeOn(activated=0x1) : mCurrActivity=0x1
D/BrcmNfcJni( 2205): nfcManager_enableDiscoveryImpl: exit
D/BrcmNfcJni( 2205): nfcManager_enableDiscovery: exit
I/NfcNciHal( 2205): nci_brcm_lp_timeout_cback ()
I/NfcNciHal( 2205): nfc_hal_dm_power_mode_execute () event = 2
I/NfcNciHal( 2205): nfc_hal_dm_set_nfc_wake () DEASSERT
D/USERIAL_LINUX( 2205): UPIO_Set: ioctl, state=1
D/SurfaceControl(  873): Excessive delay in unblankDisplay() while turning screen on: 195ms
D/DisplayPowerState(  873): Screen ready, Screen On:true, Brightness:0ElectronBeamLevel:0.0
D/ProximitySensorWrapper( 1919): proximity distance: 5.0
D/ProximitySensorWrapper( 1919): proximity distance: 5.0
D/StatusBar.NetworkController( 1919): onSignalStrengthsChanged received on slotId :0signalStrength=SignalStrength: 16 99 -120 -160 -120 -1 -1 99 2147483647 2147483647 2147483647 2147483647 2147483647 gsm|lte level=5 cdmdlevel=0 evdolevel=0