W/ContextImpl( 2637): Calling a method in the system process without a qualified user: android.app.ContextImpl.startService:1521 android.content.ContextWrapper.startService:494 android.content.ContextWrapper.startService:494 com.android.settings.MiuiSettingsReceiver.onReceive:106 android.app.ActivityThread.handleReceiver:2412 
D/WifiController(  873): battery changed pluggedType: 2
W/ContextImpl( 2637): Calling a method in the system process without a qualified user: android.app.ContextImpl.startService:1521 android.content.ContextWrapper.startService:494 android.content.ContextWrapper.startService:494 com.android.settings.MiuiSettingsReceiver.onReceive:106 android.app.ActivityThread.handleReceiver:2412 
W/ContextImpl( 2637): Calling a method in the system process without a qualified user: android.app.ContextImpl.startService:1521 android.content.ContextWrapper.startService:494 android.content.ContextWrapper.startService:494 com.android.settings.MiuiSettingsReceiver.onReceive:106 android.app.ActivityThread.handleReceiver:2412 
W/ContextImpl( 2637): Calling a method in the system process without a qualified user: android.app.ContextImpl.startService:1521 android.content.ContextWrapper.startService:494 android.content.ContextWrapper.startService:494 com.android.settings.MiuiSettingsReceiver.onReceive:106 android.app.ActivityThread.handleReceiver:2412 
W/ContextImpl( 2637): Calling a method in the system process without a qualified user: android.app.ContextImpl.startService:1521 android.content.ContextWrapper.startService:494 android.content.ContextWrapper.startService:494 com.android.settings.MiuiSettingsReceiver.onReceive:106 android.app.ActivityThread.handleReceiver:2412 
D/WifiController(  873): battery changed pluggedType: 2
W/ContextImpl( 2637): Calling a method in the system process without a qualified user: android.app.ContextImpl.startService:1521 android.content.ContextWrapper.startService:494 android.content.ContextWrapper.startService:494 com.android.settings.MiuiSettingsReceiver.onReceive:106 android.app.ActivityThread.handleReceiver:2412 
W/ContextImpl( 2637): Calling a method in the system process without a qualified user: android.app.ContextImpl.startService:1521 android.content.ContextWrapper.startService:494 android.content.ContextWrapper.startService:494 com.android.settings.MiuiSettingsReceiver.onReceive:106 android.app.ActivityThread.handleReceiver:2412 
W/ContextImpl( 2637): Calling a method in the system process without a qualified user: android.app.ContextImpl.startService:1521 android.content.ContextWrapper.startService:494 android.content.ContextWrapper.startService:494 com.android.settings.MiuiSettingsReceiver.onReceive:106 android.app.ActivityThread.handleReceiver:2412 
W/ContextImpl( 2637): Calling a method in the system process without a qualified user: android.app.ContextImpl.startService:1521 android.content.ContextWrapper.startService:494 android.content.ContextWrapper.startService:494 com.android.settings.MiuiSettingsReceiver.onReceive:106 android.app.ActivityThread.handleReceiver:2412 
D/WifiController(  873): battery changed pluggedType: 2
W/ContextImpl( 2637): Calling a method in the system process without a qualified user: android.app.ContextImpl.startService:1521 android.content.ContextWrapper.startService:494 android.content.ContextWrapper.startService:494 com.android.settings.MiuiSettingsReceiver.onReceive:106 android.app.ActivityThread.handleReceiver:2412 
W/ContextImpl( 2637): Calling a method in the system process without a qualified user: android.app.ContextImpl.startService:1521 android.content.ContextWrapper.startService:494 android.content.ContextWrapper.startService:494 com.android.settings.MiuiSettingsReceiver.onReceive:106 android.app.ActivityThread.handleReceiver:2412 
W/ContextImpl( 2637): Calling a method in the system process without a qualified user: android.app.ContextImpl.startService:1521 android.content.ContextWrapper.startService:494 android.content.ContextWrapper.startService:494 com.android.settings.MiuiSettingsReceiver.onReceive:106 android.app.ActivityThread.handleReceiver:2412 
W/ContextImpl( 2637): Calling a method in the system process without a qualified user: android.app.ContextImpl.startService:1521 android.content.ContextWrapper.startService:494 android.content.ContextWrapper.startService:494 com.android.settings.MiuiSettingsReceiver.onReceive:106 android.app.ActivityThread.handleReceiver:2412 
D/WifiController(  873): battery changed pluggedType: 2
W/ContextImpl( 2637): Calling a method in the system process without a qualified user: android.app.ContextImpl.startService:1521 android.content.ContextWrapper.startService:494 android.content.ContextWrapper.startService:494 com.android.settings.MiuiSettingsReceiver.onReceive:106 android.app.ActivityThread.handleReceiver:2412 
W/ContextImpl( 2637): Calling a method in the system process without a qualified user: android.app.ContextImpl.startService:1521 android.content.ContextWrapper.startService:494 android.content.ContextWrapper.startService:494 com.android.settings.MiuiSettingsReceiver.onReceive:106 android.app.ActivityThread.handleReceiver:2412 
W/ContextImpl( 2637): Calling a method in the system process without a qualified user: android.app.ContextImpl.startService:1521 android.content.ContextWrapper.startService:494 android.content.ContextWrapper.startService:494 com.android.settings.MiuiSettingsReceiver.onReceive:106 android.app.ActivityThread.handleReceiver:2412 
W/ContextImpl(  873): Calling a method in the system process without a qualified user: android.app.ContextImpl.sendBroadcast:1165 com.android.internal.policy.impl.BaseMiuiPhoneWindowManager$14.run:1590 android.os.Handler.handleCallback:733 android.os.Handler.dispatchMessage:95 android.os.Looper.loop:136 
I/PowerManagerService(  873): Waking up from sleep...
W/ContextImpl(  873): Calling a method in the system process without a qualified user: android.app.ContextImpl.sendBroadcast:1165 com.android.internal.policy.impl.BaseMiuiPhoneWindowManager$14.run:1590 android.os.Handler.handleCallback:733 android.os.Handler.dispatchMessage:95 android.os.Looper.loop:136 
W/ContextImpl( 1919): Calling a method in the system process without a qualified user: android.app.ContextImpl.bindService:1585 android.content.ContextWrapper.bindService:517 com.xiaomi.mistatistic.sdk.controller.LocalEventRecorder.a:-1 com.xiaomi.mistatistic.sdk.controller.LocalEventRecorder.b:-1 com.xiaomi.mistatistic.sdk.controller.LocalEventRecorder.a:-1 
D/ConnectivityService(  873): Sampling interval elapsed, updating statistics ..
D/ConnectivityService(  873): Done.
D/ConnectivityService(  873): Setting timer for 720seconds
W/ContextImpl(  873): Calling a method in the system process without a qualified user: android.app.ContextImpl.sendBroadcast:1165 com.android.internal.policy.impl.BaseMiuiPhoneWindowManager$14.run:1590 android.os.Handler.handleCallback:733 android.os.Handler.dispatchMessage:95 android.os.Looper.loop:136 
W/ContextImpl(  873): Calling a method in the system process without a qualified user: android.app.ContextImpl.sendBroadcast:1165 com.android.internal.policy.impl.BaseMiuiPhoneWindowManager$14.run:1590 android.os.Handler.handleCallback:733 android.os.Handler.dispatchMessage:95 android.os.Looper.loop:136 
V/LocationPolicy(  873): Screen state changed
D/DisplayPowerController(  873): Blocked screen on. RealTime:10837174
W/ContextImpl( 2478): Calling a method in the system process without a qualified user: android.app.ContextImpl.sendBroadcast:1165 android.content.ContextWrapper.sendBroadcast:365 com.miui.powercenter.provider.PowerSaveService.jr:198 com.miui.powercenter.provider.PowerSaveService.c:22 com.miui.powercenter.provider.u.onReceive:43 
D/DisplayPowerState(  873): Screen ready, Screen On:true, Brightness:0ElectronBeamLevel:0.0
D/DisplayPowerState(  873): Screen ready, Screen On:true, Brightness:0ElectronBeamLevel:0.0
I/WindowManager(  873): Lock screen displayed!
D/DisplayPowerController(  873): Unblocked screen on after 230 ms
D/DisplayPowerState(  873): Screen ready, Screen On:true, Brightness:34ElectronBeamLevel:1.0
W/ContextImpl( 1919): Calling a method in the system process without a qualified user: android.app.ContextImpl.sendBroadcast:1165 android.content.ContextWrapper.sendBroadcast:365 android.content.ContextWrapper.sendBroadcast:365 com.android.keyguard.MiuiDefaultLockScreen.sendUserPresentBroadcast:927 com.android.keyguard.MiuiDefaultLockScreen.handleMoveUpEvent:919 
E/ActivityThread( 4389): Failed to find provider info for com.xiaomi.ad.LockScreenAdProvider
W/BroadcastQueue(  873): Unable to launch app com.android.fileexplorer/10042 for broadcast Intent { act=android.intent.action.USER_PRESENT flg=0x24000010 }: process is bad
W/InputMethodManagerService(  873): Window already focused, ignoring focus gain of: com.android.internal.view.IInputMethodClient$Stub$Proxy@4368a8c0 attribute=android.view.inputmethod.EditorInfo@439c7c80, token = android.os.BinderProxy@44052bd0
W/ContextImpl(  873): Calling a method in the system process without a qualified user: android.app.ContextImpl.sendBroadcast:1165 com.android.internal.policy.impl.BaseMiuiPhoneWindowManager$14.run:1590 android.os.Handler.handleCallback:733 android.os.Handler.dispatchMessage:95 android.os.Looper.loop:136 
W/ContextImpl(  873): Calling a method in the system process without a qualified user: android.app.ContextImpl.sendBroadcast:1165 com.android.internal.policy.impl.BaseMiuiPhoneWindowManager$14.run:1590 android.os.Handler.handleCallback:733 android.os.Handler.dispatchMessage:95 android.os.Looper.loop:136 
W/ContextImpl(  873): Calling a method in the system process without a qualified user: android.app.ContextImpl.sendBroadcast:1165 com.android.internal.policy.impl.BaseMiuiPhoneWindowManager$14.run:1590 android.os.Handler.handleCallback:733 android.os.Handler.dispatchMessage:95 android.os.Looper.loop:136 
W/ContextImpl(  873): Calling a method in the system process without a qualified user: android.app.ContextImpl.sendBroadcast:1165 com.android.internal.policy.impl.BaseMiuiPhoneWindowManager$14.run:1590 android.os.Handler.handleCallback:733 android.os.Handler.dispatchMessage:95 android.os.Looper.loop:136 
I/PowerManagerService(  873): Going to sleep by user request...
D/DisplayPowerState(  873): Screen ready, Screen On:true, Brightness:0ElectronBeamLevel:0.0
D/DisplayPowerState(  873): Screen ready, Screen On:false, Brightness:0ElectronBeamLevel:0.0
V/IdleController(  873): Scheduling idle : android.intent.action.SCREEN_OFF now:10841988 when=15101988
V/LocationPolicy(  873): Screen state changed
W/ContextImpl( 1919): Calling a method in the system process without a qualified user: android.app.ContextImpl.bindService:1585 android.content.ContextWrapper.bindService:517 android.content.ContextWrapper.bindService:517 miui.maml.elements.MusicController.registerListener:72 miui.maml.elements.MusicControlScreenElement.init:687 
W/ContextImpl( 2637): Calling a method in the system process without a qualified user: android.app.ContextImpl.startService:1521 android.content.ContextWrapper.startService:494 android.content.ContextWrapper.startService:494 com.android.settings.MiuiSettingsReceiver.onReceive:106 android.app.ActivityThread.handleReceiver:2412 
D/WifiController(  873): battery changed pluggedType: 0
D/JobScheduler.Batt(  873): Disconnected from power, cancelling any set alarms.
D/JobScheduler.Batt(  873): maybeReportNewChargingState: false
V/JobSchedulerService(  873): isReadyToBeExecutedLocked: com.miui.whetstone/.cloud.CloudControlJobService jId=0, u0 ready=false pending=false active=false userRunning=true
V/JobSchedulerService(  873): isReadyToBeExecutedLocked: com.android.settings/.cloud.CloudJobService jId=1, u0 ready=false pending=false active=false userRunning=true
V/JobSchedulerService(  873): isReadyToBeExecutedLocked: com.duokan.reader/.domain.job.JobManagerService jId=2147483647, u0 ready=false pending=false active=false userRunning=true
V/JobSchedulerService(  873): isReadyToBeExecutedLocked: com.android.calendar/com.miui.calendar.job.RemoteJobService jId=1, u0 ready=false pending=false active=false userRunning=true
V/JobSchedulerService(  873): isReadyToBeExecutedLocked: com.android.calendar/com.miui.calendar.job.LocalJobService jId=0, u0 ready=false pending=false active=false userRunning=true
D/JobSchedulerService(  873): maybeQueueReadyJobsForExecutionLockedH: Not running anything.
D/JobSchedulerService(  873): idle=0 connectivity=0 charging=0 tot=0
D/JobSchedulerService(  873): pending queue: 0 jobs.
W/ContextImpl( 2478): Calling a method in the system process without a qualified user: android.app.ContextImpl.startService:1521 android.content.ContextWrapper.startService:494 android.content.ContextWrapper.startService:494 com.miui.powercenter.powerstatus.PowerStatusReceiver.onReceive:32 android.app.ActivityThread.handleReceiver:2412 
I/PowerManagerService(  873): Waking up from sleep...
D/DisplayPowerController(  873): Blocked screen on. RealTime:10843952
W/ContextImpl( 1919): Calling a method in the system process without a qualified user: android.app.ContextImpl.sendBroadcast:1165 android.content.ContextWrapper.sendBroadcast:365 com.android.systemui.statusbar.phone.PhoneStatusBar.updateAppMessage:1638 com.android.systemui.statusbar.phone.PhoneStatusBar.updateAppMessage:1630 com.android.systemui.statusbar.phone.PhoneStatusBar.removeNotification:2378 
V/LocationPolicy(  873): Screen state changed
W/ContextImpl( 2478): Calling a method in the system process without a qualified user: android.app.ContextImpl.sendBroadcast:1165 android.content.ContextWrapper.sendBroadcast:365 com.miui.powercenter.provider.PowerSaveService.jr:198 com.miui.powercenter.provider.PowerSaveService.c:22 com.miui.powercenter.provider.u.onReceive:43 
D/DisplayPowerState(  873): Screen ready, Screen On:true, Brightness:0ElectronBeamLevel:0.0
D/DisplayPowerState(  873): Screen ready, Screen On:true, Brightness:0ElectronBeamLevel:0.0
D/DisplayPowerState(  873): Screen ready, Screen On:true, Brightness:0ElectronBeamLevel:0.0
D/DisplayPowerState(  873): Screen ready, Screen On:true, Brightness:0ElectronBeamLevel:0.0
D/DisplayPowerState(  873): Screen ready, Screen On:true, Brightness:0ElectronBeamLevel:0.0
D/DisplayPowerState(  873): Screen ready, Screen On:true, Brightness:0ElectronBeamLevel:0.0
D/DisplayPowerState(  873): Screen ready, Screen On:true, Brightness:0ElectronBeamLevel:0.0
D/DisplayPowerState(  873): Screen ready, Screen On:true, Brightness:0ElectronBeamLevel:0.0
D/DisplayPowerState(  873): Screen ready, Screen On:true, Brightness:0ElectronBeamLevel:0.0
D/DisplayPowerState(  873): Screen ready, Screen On:true, Brightness:0ElectronBeamLevel:0.0
I/WindowManager(  873): Lock screen displayed!
D/DisplayPowerController(  873): Unblocked screen on after 546 ms
D/DisplayPowerState(  873): Screen ready, Screen On:true, Brightness:86ElectronBeamLevel:1.0
W/ContextImpl( 1919): Calling a method in the system process without a qualified user: android.app.ContextImpl.sendBroadcast:1165 android.content.ContextWrapper.sendBroadcast:365 com.android.systemui.statusbar.phone.PhoneStatusBar.updateAppMessage:1638 com.android.systemui.statusbar.phone.PhoneStatusBar.updateAppMessage:1630 com.android.systemui.statusbar.phone.PhoneStatusBar.removeNotification:2378 
W/ContextImpl( 2637): Calling a method in the system process without a qualified user: android.app.ContextImpl.startService:1521 android.content.ContextWrapper.startService:494 android.content.ContextWrapper.startService:494 com.android.settings.AnalyticsReceiver.onReceive:24 android.app.ActivityThread.handleReceiver:2412 
W/ContextImpl( 1919): Calling a method in the system process without a qualified user: android.app.ContextImpl.sendBroadcast:1165 android.content.ContextWrapper.sendBroadcast:365 com.android.systemui.statusbar.phone.PhoneStatusBar.updateAppMessage:1638 com.android.systemui.statusbar.phone.PhoneStatusBar.updateAppMessage:1630 com.android.systemui.statusbar.phone.PhoneStatusBar.removeNotification:2378 
W/ContextImpl( 2637): Calling a method in the system process without a qualified user: android.app.ContextImpl.startService:1521 android.content.ContextWrapper.startService:494 android.content.ContextWrapper.startService:494 com.android.settings.AnalyticsReceiver.onReceive:24 android.app.ActivityThread.handleReceiver:2412 
W/ContextImpl( 2637): Calling a method in the system process without a qualified user: android.app.ContextImpl.startService:1521 android.content.ContextWrapper.startService:494 android.content.ContextWrapper.startService:494 com.android.settings.AnalyticsReceiver.onReceive:24 android.app.ActivityThread.handleReceiver:2412 
D/WifiController(  873): battery changed pluggedType: 2
I/EntropyMixer(  873): Writing entropy...
D/JobScheduler.Batt(  873): Received charging intent, setting alarm for 120000
D/JobScheduler.Batt(  873): Setting stable alarm to go off in 120s
W/ContextImpl( 2478): Calling a method in the system process without a qualified user: android.app.ContextImpl.startService:1521 android.content.ContextWrapper.startService:494 android.content.ContextWrapper.startService:494 com.miui.powercenter.powerstatus.PowerStatusReceiver.onReceive:25 android.app.ActivityThread.handleReceiver:2412 
I/ActivityManager(  873): Start proc com.miui.bugreport:remote for broadcast com.miui.bugreport/com.xiaomi.reporter.ReporterReceiver: pid=5721 uid=1000 gids={41000, 3003, 1028, 1015, 3002, 3001, 1007, 3006, 3007, 2001, 1035, 3005, 1010, 1014}
W/PowerUI ( 1919): unknown intent: Intent { act=android.intent.action.ACTION_POWER_CONNECTED flg=0x4000010 }
W/ContextImpl( 5721): Calling a method in the system process without a qualified user: android.app.ContextImpl.startService:1521 android.content.ContextWrapper.startService:494 miui.core.SdkManager$1.run:191 android.os.Handler.handleCallback:733 android.os.Handler.dispatchMessage:95 
I/ActivityManager(  873): Killing 4789:com.miui.cleanmaster/1000 (adj 15): empty for 7077s
V/UidProcStateHelper(  873): process died:[4789,1000]
D/WifiController(  873): battery changed pluggedType: 2
D/DisplayPowerState(  873): Screen ready, Screen On:true, Brightness:84ElectronBeamLevel:1.0
D/DisplayPowerState(  873): Screen ready, Screen On:true, Brightness:81ElectronBeamLevel:1.0
D/DisplayPowerState(  873): Screen ready, Screen On:true, Brightness:77ElectronBeamLevel:1.0
D/DisplayPowerState(  873): Screen ready, Screen On:true, Brightness:74ElectronBeamLevel:1.0
D/DisplayPowerState(  873): Screen ready, Screen On:true, Brightness:71ElectronBeamLevel:1.0
D/DisplayPowerState(  873): Screen ready, Screen On:true, Brightness:67ElectronBeamLevel:1.0
D/DisplayPowerState(  873): Screen ready, Screen On:true, Brightness:64ElectronBeamLevel:1.0
D/DisplayPowerState(  873): Screen ready, Screen On:true, Brightness:61ElectronBeamLevel:1.0
D/DisplayPowerState(  873): Screen ready, Screen On:true, Brightness:57ElectronBeamLevel:1.0
D/DisplayPowerState(  873): Screen ready, Screen On:true, Brightness:54ElectronBeamLevel:1.0
D/DisplayPowerState(  873): Screen ready, Screen On:true, Brightness:51ElectronBeamLevel:1.0
D/DisplayPowerState(  873): Screen ready, Screen On:true, Brightness:48ElectronBeamLevel:1.0
D/DisplayPowerState(  873): Screen ready, Screen On:true, Brightness:44ElectronBeamLevel:1.0
D/DisplayPowerState(  873): Screen ready, Screen On:true, Brightness:41ElectronBeamLevel:1.0
D/DisplayPowerState(  873): Screen ready, Screen On:true, Brightness:38ElectronBeamLevel:1.0
D/DisplayPowerState(  873): Screen ready, Screen On:true, Brightness:34ElectronBeamLevel:1.0
D/DisplayPowerState(  873): Screen ready, Screen On:true, Brightness:31ElectronBeamLevel:1.0
D/DisplayPowerState(  873): Screen ready, Screen On:true, Brightness:28ElectronBeamLevel:1.0
D/DisplayPowerState(  873): Screen ready, Screen On:true, Brightness:24ElectronBeamLevel:1.0
D/DisplayPowerState(  873): Screen ready, Screen On:true, Brightness:21ElectronBeamLevel:1.0
D/DisplayPowerState(  873): Screen ready, Screen On:true, Brightness:18ElectronBeamLevel:1.0
D/DisplayPowerState(  873): Screen ready, Screen On:true, Brightness:14ElectronBeamLevel:1.0
D/DisplayPowerState(  873): Screen ready, Screen On:true, Brightness:11ElectronBeamLevel:1.0
D/DisplayPowerState(  873): Screen ready, Screen On:true, Brightness:8ElectronBeamLevel:1.0
D/DisplayPowerState(  873): Screen ready, Screen On:true, Brightness:4ElectronBeamLevel:1.0
D/DisplayPowerState(  873): Screen ready, Screen On:true, Brightness:2ElectronBeamLevel:1.0
W/ContextImpl( 2637): Calling a method in the system process without a qualified user: android.app.ContextImpl.startService:1521 android.content.ContextWrapper.startService:494 android.content.ContextWrapper.startService:494 com.android.settings.MiuiSettingsReceiver.onReceive:106 android.app.ActivityThread.handleReceiver:2412 
I/PowerManagerService(  873): Going to sleep due to screen timeout...
D/DisplayPowerState(  873): Screen ready, Screen On:true, Brightness:0ElectronBeamLevel:0.0
D/DisplayPowerState(  873): Screen ready, Screen On:false, Brightness:0ElectronBeamLevel:0.0
V/IdleController(  873): Scheduling idle : android.intent.action.SCREEN_OFF now:10859101 when=15119101
V/LocationPolicy(  873): Screen state changed
W/ContextImpl( 2637): Calling a method in the system process without a qualified user: android.app.ContextImpl.startService:1521 android.content.ContextWrapper.startService:494 android.content.ContextWrapper.startService:494 com.android.settings.MiuiSettingsReceiver.onReceive:106 android.app.ActivityThread.handleReceiver:2412 
W/ContextImpl( 2637): Calling a method in the system process without a qualified user: android.app.ContextImpl.startService:1521 android.content.ContextWrapper.startService:494 android.content.ContextWrapper.startService:494 com.android.settings.MiuiSettingsReceiver.onReceive:106 android.app.ActivityThread.handleReceiver:2412 
W/ContextImpl( 2637): Calling a method in the system process without a qualified user: android.app.ContextImpl.startService:1521 android.content.ContextWrapper.startService:494 android.content.ContextWrapper.startService:494 com.android.settings.MiuiSettingsReceiver.onReceive:106 android.app.ActivityThread.handleReceiver:2412 
D/WifiController(  873): battery changed pluggedType: 2
W/ContextImpl( 2637): Calling a method in the system process without a qualified user: android.app.ContextImpl.startService:1521 android.content.ContextWrapper.startService:494 android.content.ContextWrapper.startService:494 com.android.settings.MiuiSettingsReceiver.onReceive:106 android.app.ActivityThread.handleReceiver:2412 
W/ContextImpl( 2637): Calling a method in the system process without a qualified user: android.app.ContextImpl.startService:1521 android.content.ContextWrapper.startService:494 android.content.ContextWrapper.startService:494 com.android.settings.MiuiSettingsReceiver.onReceive:106 android.app.ActivityThread.handleReceiver:2412 
W/ContextImpl( 2637): Calling a method in the system process without a qualified user: android.app.ContextImpl.startService:1521 android.content.ContextWrapper.startService:494 android.content.ContextWrapper.startService:494 com.android.settings.MiuiSettingsReceiver.onReceive:106 android.app.ActivityThread.handleReceiver:2412 
W/ContextImpl(  873): Calling a method in the system process without a qualified user: android.app.ContextImpl.sendBroadcast:1165 com.android.internal.policy.impl.BaseMiuiPhoneWindowManager$14.run:1590 android.os.Handler.handleCallback:733 android.os.Handler.dispatchMessage:95 android.os.Looper.loop:136 
W/ContextImpl(  873): Calling a method in the system process without a qualified user: android.app.ContextImpl.sendBroadcast:1165 com.android.internal.policy.impl.BaseMiuiPhoneWindowManager$14.run:1590 android.os.Handler.handleCallback:733 android.os.Handler.dispatchMessage:95 android.os.Looper.loop:136 
I/PowerManagerService(  873): Waking up from sleep...
W/ContextImpl( 1919): Calling a method in the system process without a qualified user: android.app.ContextImpl.bindService:1585 android.content.ContextWrapper.bindService:517 com.xiaomi.mistatistic.sdk.controller.LocalEventRecorder.a:-1 com.xiaomi.mistatistic.sdk.controller.LocalEventRecorder.b:-1 com.xiaomi.mistatistic.sdk.controller.LocalEventRecorder.a:-1 
V/LocationPolicy(  873): Screen state changed
D/DisplayPowerController(  873): Blocked screen on. RealTime:10960401
W/ContextImpl(  873): Calling a method in the system process without a qualified user: android.app.ContextImpl.sendBroadcast:1165 com.android.internal.policy.impl.BaseMiuiPhoneWindowManager$14.run:1590 android.os.Handler.handleCallback:733 android.os.Handler.dispatchMessage:95 android.os.Looper.loop:136 
W/ContextImpl(  873): Calling a method in the system process without a qualified user: android.app.ContextImpl.sendBroadcast:1165 com.android.internal.policy.impl.BaseMiuiPhoneWindowManager$14.run:1590 android.os.Handler.handleCallback:733 android.os.Handler.dispatchMessage:95 android.os.Looper.loop:136 
W/ContextImpl( 2478): Calling a method in the system process without a qualified user: android.app.ContextImpl.sendBroadcast:1165 android.content.ContextWrapper.sendBroadcast:365 com.miui.powercenter.provider.PowerSaveService.jr:198 com.miui.powercenter.provider.PowerSaveService.c:22 com.miui.powercenter.provider.u.onReceive:43 
D/DisplayPowerState(  873): Screen ready, Screen On:true, Brightness:0ElectronBeamLevel:0.0
I/WindowManager(  873): Lock screen displayed!
D/DisplayPowerController(  873): Unblocked screen on after 228 ms
D/DisplayPowerState(  873): Screen ready, Screen On:true, Brightness:44ElectronBeamLevel:1.0
W/ContextImpl( 1919): Calling a method in the system process without a qualified user: android.app.ContextImpl.sendBroadcast:1165 android.content.ContextWrapper.sendBroadcast:365 android.content.ContextWrapper.sendBroadcast:365 com.android.keyguard.MiuiDefaultLockScreen.sendUserPresentBroadcast:927 com.android.keyguard.MiuiDefaultLockScreen.handleMoveUpEvent:919 
E/ActivityThread( 4389): Failed to find provider info for com.xiaomi.ad.LockScreenAdProvider
W/BroadcastQueue(  873): Unable to launch app com.android.fileexplorer/10042 for broadcast Intent { act=android.intent.action.USER_PRESENT flg=0x24000010 }: process is bad
W/ContextImpl( 2637): Calling a method in the system process without a qualified user: android.app.ContextImpl.startService:1521 android.content.ContextWrapper.startService:494 android.content.ContextWrapper.startService:494 com.android.settings.MiuiSettingsReceiver.onReceive:106 android.app.ActivityThread.handleReceiver:2412 
W/InputMethodManagerService(  873): Window already focused, ignoring focus gain of: com.android.internal.view.IInputMethodClient$Stub$Proxy@436bb1e8 attribute=android.view.inputmethod.EditorInfo@43c2d8d0, token = android.os.BinderProxy@44052bd0
D/DisplayPowerState(  873): Screen ready, Screen On:true, Brightness:45ElectronBeamLevel:1.0
D/DisplayPowerState(  873): Screen ready, Screen On:true, Brightness:46ElectronBeamLevel:1.0
D/DisplayPowerState(  873): Screen ready, Screen On:true, Brightness:47ElectronBeamLevel:1.0
D/DisplayPowerState(  873): Screen ready, Screen On:true, Brightness:48ElectronBeamLevel:1.0
D/DisplayPowerState(  873): Screen ready, Screen On:true, Brightness:49ElectronBeamLevel:1.0
D/DisplayPowerState(  873): Screen ready, Screen On:true, Brightness:50ElectronBeamLevel:1.0
D/DisplayPowerState(  873): Screen ready, Screen On:true, Brightness:51ElectronBeamLevel:1.0
D/DisplayPowerState(  873): Screen ready, Screen On:true, Brightness:52ElectronBeamLevel:1.0
D/DisplayPowerState(  873): Screen ready, Screen On:true, Brightness:53ElectronBeamLevel:1.0
D/DisplayPowerState(  873): Screen ready, Screen On:true, Brightness:54ElectronBeamLevel:1.0
D/DisplayPowerState(  873): Screen ready, Screen On:true, Brightness:55ElectronBeamLevel:1.0
D/DisplayPowerState(  873): Screen ready, Screen On:true, Brightness:56ElectronBeamLevel:1.0
D/DisplayPowerState(  873): Screen ready, Screen On:true, Brightness:57ElectronBeamLevel:1.0
D/DisplayPowerState(  873): Screen ready, Screen On:true, Brightness:58ElectronBeamLevel:1.0
D/DisplayPowerState(  873): Screen ready, Screen On:true, Brightness:59ElectronBeamLevel:1.0
D/DisplayPowerState(  873): Screen ready, Screen On:true, Brightness:60ElectronBeamLevel:1.0
D/DisplayPowerState(  873): Screen ready, Screen On:true, Brightness:61ElectronBeamLevel:1.0
D/DisplayPowerState(  873): Screen ready, Screen On:true, Brightness:62ElectronBeamLevel:1.0
D/DisplayPowerState(  873): Screen ready, Screen On:true, Brightness:63ElectronBeamLevel:1.0
D/DisplayPowerState(  873): Screen ready, Screen On:true, Brightness:64ElectronBeamLevel:1.0
D/DisplayPowerState(  873): Screen ready, Screen On:true, Brightness:65ElectronBeamLevel:1.0
D/DisplayPowerState(  873): Screen ready, Screen On:true, Brightness:66ElectronBeamLevel:1.0
D/DisplayPowerState(  873): Screen ready, Screen On:true, Brightness:67ElectronBeamLevel:1.0
D/DisplayPowerState(  873): Screen ready, Screen On:true, Brightness:68ElectronBeamLevel:1.0
D/DisplayPowerState(  873): Screen ready, Screen On:true, Brightness:69ElectronBeamLevel:1.0
D/DisplayPowerState(  873): Screen ready, Screen On:true, Brightness:70ElectronBeamLevel:1.0
D/DisplayPowerState(  873): Screen ready, Screen On:true, Brightness:71ElectronBeamLevel:1.0
D/DisplayPowerState(  873): Screen ready, Screen On:true, Brightness:72ElectronBeamLevel:1.0
D/JobScheduler.Batt(  873): Stable charging fired @ 10968603 charging: true
D/JobScheduler.Batt(  873): maybeReportNewChargingState: true
V/JobSchedulerService(  873): isReadyToBeExecutedLocked: com.miui.whetstone/.cloud.CloudControlJobService jId=0, u0 ready=false pending=false active=false userRunning=true
V/JobSchedulerService(  873): isReadyToBeExecutedLocked: com.android.settings/.cloud.CloudJobService jId=1, u0 ready=false pending=false active=false userRunning=true
V/JobSchedulerService(  873): isReadyToBeExecutedLocked: com.duokan.reader/.domain.job.JobManagerService jId=2147483647, u0 ready=false pending=false active=false userRunning=true
V/JobSchedulerService(  873): isReadyToBeExecutedLocked: com.android.calendar/com.miui.calendar.job.RemoteJobService jId=1, u0 ready=false pending=false active=false userRunning=true
V/JobSchedulerService(  873): isReadyToBeExecutedLocked: com.android.calendar/com.miui.calendar.job.LocalJobService jId=0, u0 ready=false pending=false active=false userRunning=true
D/JobSchedulerService(  873): maybeQueueReadyJobsForExecutionLockedH: Not running anything.
D/JobSchedulerService(  873): idle=0 connectivity=0 charging=0 tot=0
D/JobSchedulerService(  873): pending queue: 0 jobs.
D/JobSchedulerService(  873): queuing all ready jobs for execution:
V/JobSchedulerService(  873): isReadyToBeExecutedLocked: com.miui.whetstone/.cloud.CloudControlJobService jId=0, u0 ready=false pending=false active=false userRunning=true
V/JobSchedulerService(  873): isReadyToBeExecutedLocked: com.android.settings/.cloud.CloudJobService jId=1, u0 ready=false pending=false active=false userRunning=true
V/JobSchedulerService(  873): isReadyToBeExecutedLocked: com.duokan.reader/.domain.job.JobManagerService jId=2147483647, u0 ready=false pending=false active=false userRunning=true
V/JobSchedulerService(  873): isReadyToBeExecutedLocked: com.android.calendar/com.miui.calendar.job.RemoteJobService jId=1, u0 ready=false pending=false active=false userRunning=true
V/JobSchedulerService(  873): isReadyToBeExecutedLocked: com.android.calendar/com.miui.calendar.job.LocalJobService jId=0, u0 ready=false pending=false active=false userRunning=true
D/JobSchedulerService(  873): No jobs pending.
D/JobSchedulerService(  873): pending queue: 0 jobs.
W/ContextImpl( 2669): Calling a method in the system process without a qualified user: android.app.ContextImpl.sendBroadcast:1165 android.content.ContextWrapper.sendBroadcast:365 com.miui.networkassistant.service.tm.TrafficManageService.broadCastDataUsageUpdated:831 com.miui.networkassistant.service.tm.TrafficManageService$8.onReceive:1064 android.app.LoadedApk$ReceiverDispatcher$Args.run:761 
D/DisplayPowerState(  873): Screen ready, Screen On:true, Brightness:73ElectronBeamLevel:1.0
D/DisplayPowerState(  873): Screen ready, Screen On:true, Brightness:74ElectronBeamLevel:1.0
D/DisplayPowerState(  873): Screen ready, Screen On:true, Brightness:75ElectronBeamLevel:1.0
D/DisplayPowerState(  873): Screen ready, Screen On:true, Brightness:76ElectronBeamLevel:1.0
D/DisplayPowerState(  873): Screen ready, Screen On:true, Brightness:77ElectronBeamLevel:1.0
D/DisplayPowerState(  873): Screen ready, Screen On:true, Brightness:78ElectronBeamLevel:1.0
D/DisplayPowerState(  873): Screen ready, Screen On:true, Brightness:79ElectronBeamLevel:1.0
D/DisplayPowerState(  873): Screen ready, Screen On:true, Brightness:80ElectronBeamLevel:1.0
D/DisplayPowerState(  873): Screen ready, Screen On:true, Brightness:81ElectronBeamLevel:1.0
D/DisplayPowerState(  873): Screen ready, Screen On:true, Brightness:82ElectronBeamLevel:1.0
D/DisplayPowerState(  873): Screen ready, Screen On:true, Brightness:83ElectronBeamLevel:1.0
D/DisplayPowerState(  873): Screen ready, Screen On:true, Brightness:84ElectronBeamLevel:1.0
D/DisplayPowerState(  873): Screen ready, Screen On:true, Brightness:85ElectronBeamLevel:1.0
D/DisplayPowerState(  873): Screen ready, Screen On:true, Brightness:86ElectronBeamLevel:1.0
D/DisplayPowerState(  873): Screen ready, Screen On:true, Brightness:87ElectronBeamLevel:1.0
D/DisplayPowerState(  873): Screen ready, Screen On:true, Brightness:88ElectronBeamLevel:1.0
D/WifiController(  873): battery changed pluggedType: 2
W/ContextImpl( 2637): Calling a method in the system process without a qualified user: android.app.ContextImpl.startService:1521 android.content.ContextWrapper.startService:494 android.content.ContextWrapper.startService:494 com.android.settings.MiuiSettingsReceiver.onReceive:106 android.app.ActivityThread.handleReceiver:2412 
W/ActivityManager(  873): No content provider found for permission revoke: file:///data/local/tmp/sunshine.ustczmk.com.sunshine
W/ActivityManager(  873): No content provider found for permission revoke: file:///data/local/tmp/sunshine.ustczmk.com.sunshine
I/PackageManager(  873): Copying native libraries to /data/app-lib/vmdl-1870195814
I/ActivityManager(  873): Force stopping sunshine.ustczmk.com.sunshine appid=10103 user=-1: update pkg
V/LocationPolicy(  873): ACTION_PACKAGE_ADDED for uid=10103
I/PackageManager(  873): Adding preferred activity ComponentInfo{com.android.mms/com.android.mms.ui.ComposeMessageRouterActivity} for user 0 :
I/PackageManager(  873): Adding preferred activity ComponentInfo{com.android.mms/com.android.mms.ui.ComposeMessageRouterActivity} for user 0 :
I/PackageManager(  873): Adding preferred activity ComponentInfo{com.android.mms/com.android.mms.ui.ComposeMessageRouterActivity} for user 0 :
D/BackupManagerService(  873): Received broadcast Intent { act=android.intent.action.PACKAGE_ADDED dat=package:sunshine.ustczmk.com.sunshine flg=0x4000010 (has extras) }
V/BackupManagerService(  873): addPackageParticipantsLocked: #1
I/PackageManager(  873): Adding preferred activity ComponentInfo{com.android.mms/com.android.mms.ui.ComposeMessageRouterActivity} for user 0 :
I/PackageManager(  873): Adding preferred activity ComponentInfo{com.android.mms/com.android.mms.ui.ComposeMessageRouterActivity} for user 0 :
I/PackageManager(  873): Adding preferred activity ComponentInfo{com.android.mms/com.android.mms.ui.ComposeMessageRouterActivity} for user 0 :
I/PackageManager(  873): Adding preferred activity ComponentInfo{com.android.mms/com.android.mms.ui.ComposeMessageRouterActivity} for user 0 :
I/PackageManager(  873): Adding preferred activity ComponentInfo{com.android.mms/com.android.mms.ui.ComposeMessageRouterActivity} for user 0 :
I/ActivityManager(  873): Start proc com.android.musicfx for broadcast com.android.musicfx/.Compatibility$Receiver: pid=5903 uid=10021 gids={50021, 3003, 3002}
I/ActivityManager(  873): Start proc com.xiaomi.gamecenter for broadcast com.xiaomi.gamecenter/.service.GlobalReceiver: pid=5919 uid=10044 gids={50044, 1007, 3003, 1028, 1015, 2001}
I/ActivityManager(  873): Killing 4836:com.cleanmaster.sdk/u0a49 (adj 15): empty for 7212s
V/UidProcStateHelper(  873): process died:[4836,10049]
I/ActivityManager(  873): Killing 5451:com.miui.klo.bugreport/1000 (adj 15): empty for 3870s
I/ActivityManager(  873): Start proc com.android.packageinstaller for broadcast com.android.packageinstaller/.AppInstallReceiver: pid=5950 uid=10064 gids={50064, 1028, 1015}
V/UidProcStateHelper(  873): process died:[5451,1000]
W/ContextImpl( 2478): Calling a method in the system process without a qualified user: android.app.ContextImpl.bindService:1585 android.content.ContextWrapper.bindService:517 miui.analytics.Analytics.endSession:120 com.miui.analytics.AnalyticsUtil.track:80 com.miui.analytics.SecurityCenterAnalytics.trackEventWithParams:36 
I/ActivityManager(  873): Start proc com.xiaomi.vip for broadcast com.xiaomi.vip/.service.AppInstallReceiver: pid=5977 uid=10080 gids={50080, 3003, 1028, 1015, 1007}
I/ActivityManager(  873): START u0 {act=android.intent.action.MAIN cat=[android.intent.category.LAUNCHER] flg=0x10000000 cmp=sunshine.ustczmk.com.sunshine/.MainActivity} from pid 5948
I/ActivityManager(  873): Start proc sunshine.ustczmk.com.sunshine for activity sunshine.ustczmk.com.sunshine/.MainActivity: pid=5994 uid=10103 gids={50103, 3003}
I/ActivityManager(  873): Start proc com.android.quicksearchbox for broadcast com.android.quicksearchbox/.CorporaUpdateReceiver: pid=6010 uid=10070 gids={50070, 1028, 3003}
V/UidProcStateHelper(  873): foreground changed:[5994,10103,true]
V/UidProcStateHelper(  873): foreground changed:[4389,10017,false]
W/ContextImpl( 2669): Calling a method in the system process without a qualified user: android.app.ContextImpl.bindService:1585 android.content.ContextWrapper.bindService:517 com.miui.networkassistant.service.tm.AppMonitor.bindResourceHelperService:279 com.miui.networkassistant.service.tm.AppMonitor.fillNetworkAccessedApps:186 com.miui.networkassistant.service.tm.AppMonitor.access$200:34 
I/ActivityManager(  873): Start proc com.miui.networkassistant:shandow for service com.miui.networkassistant/.service.ResourceHelperService: pid=6087 uid=1000 gids={41000, 3003, 1028, 1015, 3002, 3001, 1007, 3006, 3007, 2001, 1035, 3005, 1010, 1014}
W/ContextImpl( 6087): Calling a method in the system process without a qualified user: android.app.ContextImpl.startService:1521 android.content.ContextWrapper.startService:494 com.xiaomi.accountsdk.activate.ActivateManager$AmTask.bindToCloudService:466 com.xiaomi.accountsdk.activate.ActivateManager$AmTask.bind:451 com.xiaomi.accountsdk.activate.ActivateManager$AmTask.start:446 
W/ContextImpl( 6087): Calling a method in the system process without a qualified user: android.app.ContextImpl.bindService:1585 android.content.ContextWrapper.bindService:517 com.xiaomi.accountsdk.activate.ActivateManager$AmTask.bindToCloudService:467 com.xiaomi.accountsdk.activate.ActivateManager$AmTask.bind:451 com.xiaomi.accountsdk.activate.ActivateManager$AmTask.start:446 
W/ContextImpl( 6087): Calling a method in the system process without a qualified user: android.app.ContextImpl.startService:1521 android.content.ContextWrapper.startService:494 miui.core.SdkManager$1.run:191 android.os.Handler.handleCallback:733 android.os.Handler.dispatchMessage:95 
W/ContextImpl( 2637): Calling a method in the system process without a qualified user: android.app.ContextImpl.startService:1521 android.content.ContextWrapper.startService:494 android.content.ContextWrapper.startService:494 com.android.settings.MiuiSettingsReceiver.onReceive:106 android.app.ActivityThread.handleReceiver:2412 
I/PackageManager(  873): Adding preferred activity ComponentInfo{com.android.mms/com.android.mms.ui.ComposeMessageRouterActivity} for user 0 :
I/PackageManager(  873): Adding preferred activity ComponentInfo{com.android.mms/com.android.mms.ui.ComposeMessageRouterActivity} for user 0 :
I/PackageManager(  873): Adding preferred activity ComponentInfo{com.android.mms/com.android.mms.ui.ComposeMessageRouterActivity} for user 0 :
I/PackageManager(  873): Adding preferred activity ComponentInfo{com.android.mms/com.android.mms.ui.ComposeMessageRouterActivity} for user 0 :
I/PackageManager(  873): Adding preferred activity ComponentInfo{com.android.mms/com.android.mms.ui.ComposeMessageRouterActivity} for user 0 :
I/PackageManager(  873): Adding preferred activity ComponentInfo{com.android.mms/com.android.mms.ui.ComposeMessageRouterActivity} for user 0 :
I/PackageManager(  873): Adding preferred activity ComponentInfo{com.android.mms/com.android.mms.ui.ComposeMessageRouterActivity} for user 0 :
I/PackageManager(  873): Adding preferred activity ComponentInfo{com.android.mms/com.android.mms.ui.ComposeMessageRouterActivity} for user 0 :
W/InputMethodManagerService(  873): Window already focused, ignoring focus gain of: com.android.internal.view.IInputMethodClient$Stub$Proxy@441a0e18 attribute=null, token = android.os.BinderProxy@43650048
W/SocketClient(  192): write error (Broken pipe)
W/ContextImpl( 2637): Calling a method in the system process without a qualified user: android.app.ContextImpl.startService:1521 android.content.ContextWrapper.startService:494 android.content.ContextWrapper.startService:494 com.android.settings.MiuiSettingsReceiver.onReceive:106 android.app.ActivityThread.handleReceiver:2412 
W/ContextImpl( 2637): Calling a method in the system process without a qualified user: android.app.ContextImpl.startService:1521 android.content.ContextWrapper.startService:494 android.content.ContextWrapper.startService:494 com.android.settings.MiuiSettingsReceiver.onReceive:106 android.app.ActivityThread.handleReceiver:2412 
W/InputMethodManagerService(  873): Window already focused, ignoring focus gain of: com.android.internal.view.IInputMethodClient$Stub$Proxy@43d681b8 attribute=null, token = android.os.BinderProxy@43650048
W/InputMethodManagerService(  873): Window already focused, ignoring focus gain of: com.android.internal.view.IInputMethodClient$Stub$Proxy@43881cb8 attribute=null, token = android.os.BinderProxy@43650048
D/WifiController(  873): battery changed pluggedType: 2
W/ContextImpl( 2637): Calling a method in the system process without a qualified user: android.app.ContextImpl.startService:1521 android.content.ContextWrapper.startService:494 android.content.ContextWrapper.startService:494 com.android.settings.MiuiSettingsReceiver.onReceive:106 android.app.ActivityThread.handleReceiver:2412 
W/ContextImpl( 2637): Calling a method in the system process without a qualified user: android.app.ContextImpl.startService:1521 android.content.ContextWrapper.startService:494 android.content.ContextWrapper.startService:494 com.android.settings.MiuiSettingsReceiver.onReceive:106 android.app.ActivityThread.handleReceiver:2412 
W/ContextImpl( 2637): Calling a method in the system process without a qualified user: android.app.ContextImpl.startService:1521 android.content.ContextWrapper.startService:494 android.content.ContextWrapper.startService:494 com.android.settings.MiuiSettingsReceiver.onReceive:106 android.app.ActivityThread.handleReceiver:2412 
W/ContextImpl( 2637): Calling a method in the system process without a qualified user: android.app.ContextImpl.startService:1521 android.content.ContextWrapper.startService:494 android.content.ContextWrapper.startService:494 com.android.settings.MiuiSettingsReceiver.onReceive:106 android.app.ActivityThread.handleReceiver:2412 
D/DisplayPowerState(  873): Screen ready, Screen On:true, Brightness:86ElectronBeamLevel:1.0
D/DisplayPowerState(  873): Screen ready, Screen On:true, Brightness:83ElectronBeamLevel:1.0
D/DisplayPowerState(  873): Screen ready, Screen On:true, Brightness:79ElectronBeamLevel:1.0
D/DisplayPowerState(  873): Screen ready, Screen On:true, Brightness:76ElectronBeamLevel:1.0
D/DisplayPowerState(  873): Screen ready, Screen On:true, Brightness:73ElectronBeamLevel:1.0
D/DisplayPowerState(  873): Screen ready, Screen On:true, Brightness:69ElectronBeamLevel:1.0
D/DisplayPowerState(  873): Screen ready, Screen On:true, Brightness:66ElectronBeamLevel:1.0
D/DisplayPowerState(  873): Screen ready, Screen On:true, Brightness:63ElectronBeamLevel:1.0
D/DisplayPowerState(  873): Screen ready, Screen On:true, Brightness:59ElectronBeamLevel:1.0
D/DisplayPowerState(  873): Screen ready, Screen On:true, Brightness:56ElectronBeamLevel:1.0
D/DisplayPowerState(  873): Screen ready, Screen On:true, Brightness:53ElectronBeamLevel:1.0
D/DisplayPowerState(  873): Screen ready, Screen On:true, Brightness:49ElectronBeamLevel:1.0
D/DisplayPowerState(  873): Screen ready, Screen On:true, Brightness:46ElectronBeamLevel:1.0
D/DisplayPowerState(  873): Screen ready, Screen On:true, Brightness:43ElectronBeamLevel:1.0
D/DisplayPowerState(  873): Screen ready, Screen On:true, Brightness:39ElectronBeamLevel:1.0
D/DisplayPowerState(  873): Screen ready, Screen On:true, Brightness:36ElectronBeamLevel:1.0
D/DisplayPowerState(  873): Screen ready, Screen On:true, Brightness:33ElectronBeamLevel:1.0
D/DisplayPowerState(  873): Screen ready, Screen On:true, Brightness:29ElectronBeamLevel:1.0
D/DisplayPowerState(  873): Screen ready, Screen On:true, Brightness:26ElectronBeamLevel:1.0
D/DisplayPowerState(  873): Screen ready, Screen On:true, Brightness:23ElectronBeamLevel:1.0
D/DisplayPowerState(  873): Screen ready, Screen On:true, Brightness:19ElectronBeamLevel:1.0
D/DisplayPowerState(  873): Screen ready, Screen On:true, Brightness:16ElectronBeamLevel:1.0
D/DisplayPowerState(  873): Screen ready, Screen On:true, Brightness:13ElectronBeamLevel:1.0
D/DisplayPowerState(  873): Screen ready, Screen On:true, Brightness:9ElectronBeamLevel:1.0
D/DisplayPowerState(  873): Screen ready, Screen On:true, Brightness:6ElectronBeamLevel:1.0
D/DisplayPowerState(  873): Screen ready, Screen On:true, Brightness:3ElectronBeamLevel:1.0
D/DisplayPowerState(  873): Screen ready, Screen On:true, Brightness:2ElectronBeamLevel:1.0
D/DisplayPowerState(  873): Screen ready, Screen On:true, Brightness:4ElectronBeamLevel:1.0
D/DisplayPowerState(  873): Screen ready, Screen On:true, Brightness:8ElectronBeamLevel:1.0
D/DisplayPowerState(  873): Screen ready, Screen On:true, Brightness:11ElectronBeamLevel:1.0
D/DisplayPowerState(  873): Screen ready, Screen On:true, Brightness:14ElectronBeamLevel:1.0
D/DisplayPowerState(  873): Screen ready, Screen On:true, Brightness:18ElectronBeamLevel:1.0
D/DisplayPowerState(  873): Screen ready, Screen On:true, Brightness:21ElectronBeamLevel:1.0
D/DisplayPowerState(  873): Screen ready, Screen On:true, Brightness:24ElectronBeamLevel:1.0
D/DisplayPowerState(  873): Screen ready, Screen On:true, Brightness:28ElectronBeamLevel:1.0
D/DisplayPowerState(  873): Screen ready, Screen On:true, Brightness:31ElectronBeamLevel:1.0
D/DisplayPowerState(  873): Screen ready, Screen On:true, Brightness:34ElectronBeamLevel:1.0
D/DisplayPowerState(  873): Screen ready, Screen On:true, Brightness:38ElectronBeamLevel:1.0
D/DisplayPowerState(  873): Screen ready, Screen On:true, Brightness:41ElectronBeamLevel:1.0
D/DisplayPowerState(  873): Screen ready, Screen On:true, Brightness:44ElectronBeamLevel:1.0
D/DisplayPowerState(  873): Screen ready, Screen On:true, Brightness:48ElectronBeamLevel:1.0
D/DisplayPowerState(  873): Screen ready, Screen On:true, Brightness:51ElectronBeamLevel:1.0
D/DisplayPowerState(  873): Screen ready, Screen On:true, Brightness:54ElectronBeamLevel:1.0
D/DisplayPowerState(  873): Screen ready, Screen On:true, Brightness:58ElectronBeamLevel:1.0
D/DisplayPowerState(  873): Screen ready, Screen On:true, Brightness:61ElectronBeamLevel:1.0
D/DisplayPowerState(  873): Screen ready, Screen On:true, Brightness:64ElectronBeamLevel:1.0
D/DisplayPowerState(  873): Screen ready, Screen On:true, Brightness:68ElectronBeamLevel:1.0
D/DisplayPowerState(  873): Screen ready, Screen On:true, Brightness:71ElectronBeamLevel:1.0
D/DisplayPowerState(  873): Screen ready, Screen On:true, Brightness:74ElectronBeamLevel:1.0
D/DisplayPowerState(  873): Screen ready, Screen On:true, Brightness:78ElectronBeamLevel:1.0
D/DisplayPowerState(  873): Screen ready, Screen On:true, Brightness:81ElectronBeamLevel:1.0
D/DisplayPowerState(  873): Screen ready, Screen On:true, Brightness:84ElectronBeamLevel:1.0
D/DisplayPowerState(  873): Screen ready, Screen On:true, Brightness:88ElectronBeamLevel:1.0
D/WifiController(  873): battery changed pluggedType: 2
W/ContextImpl( 2637): Calling a method in the system process without a qualified user: android.app.ContextImpl.startService:1521 android.content.ContextWrapper.startService:494 android.content.ContextWrapper.startService:494 com.android.settings.MiuiSettingsReceiver.onReceive:106 android.app.ActivityThread.handleReceiver:2412 
W/ContextImpl( 2637): Calling a method in the system process without a qualified user: android.app.ContextImpl.startService:1521 android.content.ContextWrapper.startService:494 android.content.ContextWrapper.startService:494 com.android.settings.MiuiSettingsReceiver.onReceive:106 android.app.ActivityThread.handleReceiver:2412 
W/ContextImpl( 2637): Calling a method in the system process without a qualified user: android.app.ContextImpl.startService:1521 android.content.ContextWrapper.startService:494 android.content.ContextWrapper.startService:494 com.android.settings.MiuiSettingsReceiver.onReceive:106 android.app.ActivityThread.handleReceiver:2412 
D/DisplayPowerState(  873): Screen ready, Screen On:true, Brightness:86ElectronBeamLevel:1.0
D/DisplayPowerState(  873): Screen ready, Screen On:true, Brightness:82ElectronBeamLevel:1.0
