D/wpa_supplicant( 1933): CTRL_IFACE monitor send - hexdump(len=39): 2f 64 61 74 61 2f 6d 69 73 63 2f 77 69 66 69 2f 73 6f 63 6b 65 74 73 2f 77 70 61 5f 63 74 72 6c ...
D/wpa_supplicant( 1933): p2p0: BSS: Add new id 3895 BSSID 94:b4:0f:a6:bf:91 SSID 'MIPublic'
D/wpa_supplicant( 1933): CTRL_IFACE monitor send - hexdump(len=39): 2f 64 61 74 61 2f 6d 69 73 63 2f 77 69 66 69 2f 73 6f 63 6b 65 74 73 2f 77 70 61 5f 63 74 72 6c ...
D/wpa_supplicant( 1933): BSS: last_scan_res_used=70/128 last_scan_full=0
D/wpa_supplicant( 1933): p2p0: New scan results available
D/wpa_supplicant( 1933): CTRL_IFACE monitor send - hexdump(len=39): 2f 64 61 74 61 2f 6d 69 73 63 2f 77 69 66 69 2f 73 6f 63 6b 65 74 73 2f 77 70 61 5f 63 74 72 6c ...
D/wpa_supplicant( 1933): CTRL_IFACE monitor send - hexdump(len=39): 2f 64 61 74 61 2f 6d 69 73 63 2f 77 69 66 69 2f 73 6f 63 6b 65 74 73 2f 77 70 61 5f 63 74 72 6c ...
D/wpa_supplicant( 1933): WPS: AP[0] 8c:be:be:2a:78:ba type=0 tries=0 last_attempt=-1 sec ago blacklist=0
D/wpa_supplicant( 1933): WPS: AP[1] 8c:be:be:40:00:49 type=0 tries=0 last_attempt=-1 sec ago blacklist=0
D/wpa_supplicant( 1933): WPS: AP[2] 8c:be:be:2a:78:bb type=0 tries=0 last_attempt=-1 sec ago blacklist=0
D/wpa_supplicant( 1933): WPS: AP[3] 8c:be:be:44:73:42 type=0 tries=0 last_attempt=-1 sec ago blacklist=0
D/wpa_supplicant( 1933): WPS: AP[4] 8c:be:be:40:00:67 type=0 tries=0 last_attempt=-1 sec ago blacklist=0
D/wpa_supplicant( 1933): WPS: AP[5] 8c:be:be:2a:2b:b6 type=0 tries=0 last_attempt=-1 sec ago blacklist=0
D/wpa_supplicant( 1933): WPS: AP[6] 8c:be:be:2a:2b:b7 type=0 tries=0 last_attempt=-1 sec ago blacklist=0
D/wpa_supplicant( 1933): WPS: AP[7] 8c:be:be:40:00:4a type=0 tries=0 last_attempt=-1 sec ago blacklist=0
D/wpa_supplicant( 1933): WPS: AP[8] 8c:be:be:44:73:43 type=0 tries=0 last_attempt=-1 sec ago blacklist=0
D/wpa_supplicant( 1933): WPS: AP[9] 28:10:7b:65:58:c8 type=0 tries=0 last_attempt=-1 sec ago blacklist=0
D/wpa_supplicant( 1933): WPS: AP[10] 64:09:80:4a:19:80 type=0 tries=0 last_attempt=-1 sec ago blacklist=0
D/wpa_supplicant( 1933): WPS: AP[11] 8c:be:be:40:00:68 type=0 tries=0 last_attempt=-1 sec ago blacklist=0
D/wpa_supplicant( 1933): WPS: AP[12] 64:09:80:4a:19:81 type=0 tries=0 last_attempt=-1 sec ago blacklist=0
D/wpa_supplicant( 1933): WPS: AP[13] 10:48:b1:e8:0f:86 type=0 tries=0 last_attempt=-1 sec ago blacklist=0
D/wpa_supplicant( 1933): WPS: AP[14] 10:48:b1:e8:0e:57 type=0 tries=0 last_attempt=-1 sec ago blacklist=0
D/wpa_supplicant( 1933): WPS: AP[15] 8c:be:be:44:db:88 type=0 tries=0 last_attempt=-1 sec ago blacklist=0
D/wpa_supplicant( 1933): WPS: AP[16] 8c:be:be:2a:2c:aa type=0 tries=0 last_attempt=-1 sec ago blacklist=0
D/wpa_supplicant( 1933): WPS: AP[17] 8c:be:be:10:06:23 type=0 tries=0 last_attempt=-1 sec ago blacklist=0
D/wpa_supplicant( 1933): WPS: AP[18] 10:48:b1:e8:0f:11 type=0 tries=0 last_attempt=-1 sec ago blacklist=0
D/wpa_supplicant( 1933): WPS: AP[19] 8c:be:be:10:06:22 type=0 tries=0 last_attempt=-1 sec ago blacklist=0
D/wpa_supplicant( 1933): WPS: AP[20] f0:b4:29:2c:e6:d7 type=0 tries=0 last_attempt=-1 sec ago blacklist=0
D/wpa_supplicant( 1933): WPS: AP[21] 10:48:b1:e8:0f:87 type=0 tries=0 last_attempt=-1 sec ago blacklist=0
D/wpa_supplicant( 1933): WPS: AP[22] f0:b4:29:23:9f:7b type=0 tries=0 last_attempt=-1 sec ago blacklist=0
D/wpa_supplicant( 1933): WPS: AP[23] f0:b4:29:15:4e:4a type=0 tries=0 last_attempt=-1 sec ago blacklist=0
D/wpa_supplicant( 1933): WPS: AP[24] 8c:be:be:2a:2c:a9 type=0 tries=0 last_attempt=-1 sec ago blacklist=0
D/wpa_supplicant( 1933): WPS: AP[25] c0:61:18:00:8c:be type=0 tries=0 last_attempt=-1 sec ago blacklist=0
D/wpa_supplicant( 1933): WPS: AP[26] 8c:be:be:2a:61:14 type=0 tries=0 last_attempt=-1 sec ago blacklist=0
D/wpa_supplicant( 1933): WPS: AP[27] a8:57:4e:2f:7a:98 type=0 tries=0 last_attempt=-1 sec ago blacklist=0
D/wpa_supplicant( 1933): WPS: AP[28] 8e:be:be:2a:2c:ab type=0 tries=0 last_attempt=-1 sec ago blacklist=0
D/wpa_supplicant( 1933): WPS: AP[29] 8e:be:be:10:06:24 type=0 tries=0 last_attempt=-1 sec ago blacklist=0
D/wpa_supplicant( 1933): WPS: AP[30] 10:48:b1:e8:0e:58 type=0 tries=0 last_attempt=-1 sec ago blacklist=0
D/wpa_supplicant( 1933): WPS: AP[31] 8c:be:be:41:65:fb type=0 tries=0 last_attempt=-1 sec ago blacklist=0
D/wpa_supplicant( 1933): WPS: AP[32] c4:a8:1d:8d:92:c0 type=0 tries=0 last_attempt=-1 sec ago blacklist=0
D/wpa_supplicant( 1933): WPS: AP[33] 8c:be:be:44:67:b7 type=0 tries=0 last_attempt=-1 sec ago blacklist=0
D/wpa_supplicant( 1933): WPS: AP[34] f0:b4:29:1f:4f:43 type=0 tries=0 last_attempt=-1 sec ago blacklist=0
D/wpa_supplicant( 1933): WPS: AP[35] 4c:bb:58:d3:fc:3b type=0 tries=0 last_attempt=-1 sec ago blacklist=0
D/wpa_supplicant( 1933): WPS: AP[36] f0:b4:29:24:64:f3 type=0 tries=0 last_attempt=-1 sec ago blacklist=0
D/wpa_supplicant( 1933): WPS: AP[37] 8c:be:be:20:21:4c type=0 tries=0 last_attempt=-1 sec ago blacklist=0
D/wpa_supplicant( 1933): WPS: AP[38] f0:b4:29:6f:66:58 type=0 tries=0 last_attempt=-1 sec ago blacklist=0
D/wpa_supplicant( 1933): WPS: AP[39] 8c:be:be:2f:7c:2d type=0 tries=0 last_attempt=-1 sec ago blacklist=0
D/wpa_supplicant( 1933): WPS: AP[40] 8c:be:be:44:49:ae type=0 tries=0 last_attempt=-1 sec ago blacklist=0
D/wpa_supplicant( 1933): WPS: AP[41] 8c:be:be:20:ac:ea type=0 tries=0 last_attempt=-1 sec ago blacklist=0
D/wpa_supplicant( 1933): WPS: AP[42] 8e:be:be:2f:7c:2f type=0 tries=0 last_attempt=-1 sec ago blacklist=0
D/wpa_supplicant( 1933): WPS: AP[43] 10:48:b1:e8:11:0c type=0 tries=0 last_attempt=-1 sec ago blacklist=0
D/wpa_supplicant( 1933): WPS: AP[44] 8c:be:be:44:aa:cb type=0 tries=0 last_attempt=-1 sec ago blacklist=0
D/wpa_supplicant( 1933): WPS: AP[45] 8c:be:be:2a:78:c0 type=0 tries=0 last_attempt=-1 sec ago blacklist=0
D/wpa_supplicant( 1933): WPS: AP[46] 00:1f:7a:fa:0a:46 type=0 tries=0 last_attempt=-1 sec ago blacklist=0
D/wpa_supplicant( 1933): WPS: AP[47] 8c:be:be:2a:61:15 type=0 tries=0 last_attempt=-1 sec ago blacklist=0
D/wpa_supplicant( 1933): WPS: AP[48] 8c:be:be:45:42:33 type=0 tries=0 last_attempt=-1 sec ago blacklist=0
D/wpa_supplicant( 1933): WPS: AP[49] 10:48:b1:e8:10:3d type=0 tries=0 last_attempt=-1 sec ago blacklist=0
D/wpa_supplicant( 1933): WPS: AP[50] f0:b4:29:57:4e:59 type=0 tries=0 last_attempt=-1 sec ago blacklist=0
D/wpa_supplicant( 1933): WPS: AP[51] a8:15:4d:b1:97:14 type=0 tries=0 last_attempt=-1 sec ago blacklist=0
D/wpa_supplicant( 1933): WPS: AP[52] 8c:be:be:2f:7c:2e type=0 tries=0 last_attempt=-1 sec ago blacklist=0
D/wpa_supplicant( 1933): WPS: AP[53] 8c:be:be:2a:49:35 type=0 tries=0 last_attempt=-1 sec ago blacklist=0
D/wpa_supplicant( 1933): WPS: AP[54] f0:b4:29:1a:81:ab type=0 tries=0 last_attempt=-1 sec ago blacklist=0
D/wpa_supplicant( 1933): WPS: AP[55] f0:b4:29:05:df:cc type=0 tries=0 last_attempt=-1 sec ago blacklist=0
D/wpa_supplicant( 1933): WPS: AP[56] 10:48:b1:e8:0f:12 type=0 tries=0 last_attempt=-1 sec ago blacklist=0
D/wpa_supplicant( 1933): WPS: AP[57] 8c:be:be:2b:0a:94 type=0 tries=0 last_attempt=-1 sec ago blacklist=0
D/wpa_supplicant( 1933): WPS: AP[58] 48:ee:0c:45:07:1c type=0 tries=0 last_attempt=-1 sec ago blacklist=0
D/wpa_supplicant( 1933): WPS: AP[59] 64:09:80:1c:cf:ab type=0 tries=0 last_attempt=-1 sec ago blacklist=0
D/wpa_supplicant( 1933): WPS: AP[60] 8c:be:be:10:05:4d type=0 tries=0 last_attempt=-1 sec ago blacklist=0
D/wpa_supplicant( 1933): WPS: AP[61] f0:b4:29:2c:e6:d8 type=0 tries=0 last_attempt=-1 sec ago blacklist=0
D/wpa_supplicant( 1933): WPS: AP[62] f0:b4:29:15:3e:4e type=0 tries=0 last_attempt=-1 sec ago blacklist=0
D/wpa_supplicant( 1933): WPS: AP[63] 8c:be:be:21:56:73 type=0 tries=0 last_attempt=-1 sec ago blacklist=0
D/wpa_supplicant( 1933): WPS: AP[64] 8c:be:be:10:0f:97 type=0 tries=0 last_attempt=-1 sec ago blacklist=0
D/wpa_supplicant( 1933): WPS: AP[65] 64:09:80:04:9e:01 type=0 tries=0 last_attempt=-1 sec ago blacklist=0
D/wpa_supplicant( 1933): WPS: AP[66] 8c:be:be:20:8e:8a type=0 tries=0 last_attempt=-1 sec ago blacklist=0
D/wpa_supplicant( 1933): WPS: AP[67] 8e:be:be:21:56:75 type=0 tries=0 last_attempt=-1 sec ago blacklist=0
D/wpa_supplicant( 1933): WPS: AP[68] 8c:be:be:40:08:ed type=0 tries=0 last_attempt=-1 sec ago blacklist=0
D/wpa_supplicant( 1933): WPS: AP[69] 8c:be:be:30:64:e3 type=0 tries=0 last_attempt=-1 sec ago blacklist=0
D/wpa_supplicant( 1933): WPS: AP[70] f0:b4:29:5d:ae:97 type=0 tries=0 last_attempt=-1 sec ago blacklist=0
D/wpa_supplicant( 1933): WPS: AP[71] 8c:be:be:2e:6a:73 type=0 tries=0 last_attempt=-1 sec ago blacklist=0
D/wpa_supplicant( 1933): WPS: AP[72] 8c:be:be:27:5d:00 type=0 tries=0 last_attempt=-1 sec ago blacklist=0
D/wpa_supplicant( 1933): WPS: AP[73] 10:48:b1:e8:11:0d type=0 tries=0 last_attempt=-1 sec ago blacklist=0
D/wpa_supplicant( 1933): WPS: AP[74] f0:b4:29:14:80:64 type=0 tries=0 last_attempt=-1 sec ago blacklist=0
D/wpa_supplicant( 1933): WPS: AP[75] 38:83:45:e7:71:50 type=0 tries=0 last_attempt=-1 sec ago blacklist=0
D/wpa_supplicant( 1933): WPS: AP[76] 8c:be:be:40:d4:4b type=0 tries=0 last_attempt=-1 sec ago blacklist=0
D/wpa_supplicant( 1933): WPS: AP[77] 34:cd:be:27:77:c8 type=0 tries=0 last_attempt=-1 sec ago blacklist=0
D/wpa_supplicant( 1933): WPS: AP[78] 8c:be:be:44:c3:2e type=0 tries=0 last_attempt=-1 sec ago blacklist=0
D/wpa_supplicant( 1933): WPS: AP[79] c0:61:18:e4:97:2a type=0 tries=0 last_attempt=-1 sec ago blacklist=0
D/wpa_supplicant( 1933): WPS: AP[80] 8c:be:be:27:a9:26 type=0 tries=0 last_attempt=-1 sec ago blacklist=0
D/wpa_supplicant( 1933): WPS: AP[81] 8c:be:be:26:f3:8b type=0 tries=0 last_attempt=-1 sec ago blacklist=0
D/wpa_supplicant( 1933): WPS: AP[82] f2:b4:29:1a:81:ad type=0 tries=0 last_attempt=-1 sec ago blacklist=0
D/wpa_supplicant( 1933): WPS: AP[83] 12:48:b1:e8:10:7b type=0 tries=0 last_attempt=-1 sec ago blacklist=0
D/wpa_supplicant( 1933): WPS: AP[84] 2c:b0:5d:38:1a:b8 type=0 tries=0 last_attempt=-1 sec ago blacklist=0
D/wpa_supplicant( 1933): WPS: AP[85] 8c:be:be:2a:49:36 type=0 tries=0 last_attempt=-1 sec ago blacklist=0
D/wpa_supplicant( 1933): WPS: AP[86] 10:48:b1:e8:10:79 type=0 tries=0 last_attempt=-1 sec ago blacklist=0
D/wpa_supplicant( 1933): WPS: AP[87] 8c:be:be:21:d0:68 type=0 tries=0 last_attempt=-1 sec ago blacklist=0
D/wpa_supplicant( 1933): WPS: AP[88] dc:ef:09:b0:fc:19 type=0 tries=0 last_attempt=-1 sec ago blacklist=0
D/wpa_supplicant( 1933): WPS: AP[89] 8c:be:be:28:3f:e6 type=0 tries=0 last_attempt=-1 sec ago blacklist=0
D/wpa_supplicant( 1933): WPS: AP[90] 04:5f:a7:05:d2:6c type=0 tries=0 last_attempt=-1 sec ago blacklist=0
D/wpa_supplicant( 1933): WPS: AP[91] e8:fc:af:f7:70:18 type=0 tries=0 last_attempt=-1 sec ago blacklist=0
D/wpa_supplicant( 1933): WPS: AP[92] 64:09:80:04:c4:e3 type=0 tries=0 last_attempt=-1 sec ago blacklist=0
D/wpa_supplicant( 1933): WPS: AP[93] 8c:be:be:40:15:8c type=0 tries=0 last_attempt=-1 sec ago blacklist=0
D/wpa_supplicant( 1933): WPS: AP[94] a8:15:4d:b1:97:15 type=0 tries=0 last_attempt=-1 sec ago blacklist=0
D/wpa_supplicant( 1933): WPS: AP[95] f0:b4:29:2a:48:ea type=0 tries=0 last_attempt=-1 sec ago blacklist=0
D/wpa_supplicant( 1933): WPS: AP[96] cc:b2:55:5a:0b:54 type=0 tries=0 last_attempt=-1 sec ago blacklist=0
D/wpa_supplicant( 1933): WPS: AP[97] 8c:be:be:42:12:45 type=0 tries=0 last_attempt=-1 sec ago blacklist=0
D/wpa_supplicant( 1933): WPS: AP[98] 9c:21:6a:a6:de:f8 type=0 tries=0 last_attempt=-1 sec ago blacklist=0
D/wpa_supplicant( 1933): WPS: AP[99] f0:b4:29:52:23:99 type=0 tries=0 last_attempt=-1 sec ago blacklist=0
D/wpa_supplicant( 1933): WPS: AP[100] 8c:be:be:40:0a:58 type=0 tries=0 last_attempt=-1 sec ago blacklist=0
D/wpa_supplicant( 1933): WPS: AP[101] 14:75:90:79:59:8f type=0 tries=0 last_attempt=-1 sec ago blacklist=0
D/wpa_supplicant( 1933): p2p0:     selected  ssid: NULL
D/wpa_supplicant( 1933): p2p0: No suitable network found
D/wpa_supplicant( 1933): p2p0: Short-circuit new scan request since there are no enabled networks
D/wpa_supplicant( 1933): p2p0: State: INACTIVE -> INACTIVE
D/wpa_supplicant( 1933): wpa_state_to_wapi_state wpa_state : 2 change to wapi_state
D/wpa_supplicant( 1933): wpa_supplicant_set_state wapi_state : 2
D/wpa_supplicant( 1933): wlan0: P2P: Station mode scan operation not pending anymore (sta_scan_pending=0 p2p_cb_on_scan_complete=0)
D/wpa_supplicant( 1933): RTM_NEWLINK: operstate=0 ifi_flags=0x11003 ([UP][LOWER_UP])
D/wpa_supplicant( 1933): RTM_NEWLINK, IFLA_IFNAME: Interface 'wlan0' added
D/wpa_supplicant( 1933): nl80211: if_removed already cleared - ignore event
D/wpa_supplicant( 1933): RX ctrl_iface - hexdump(len=9): 53 45 54 20 70 6e 6f 20 31
D/wpa_supplicant( 1933): wlan0: Control interface command 'SET pno 1'
D/wpa_supplicant( 1933): CTRL_IFACE SET 'pno'='1'
D/wpa_supplicant( 1933): PNO: No configured SSIDs
D/wpa_supplicant( 1933): RX ctrl_iface - hexdump(len=25): 42 53 53 20 52 41 4e 47 45 3d 30 2d 20 4d 41 53 4b 3d 30 78 32 33 39 38 37
D/wpa_supplicant( 1933): wlan0: Control interface command 'BSS RANGE=0- MASK=0x23987'
D/wpa_supplicant( 1933): RX ctrl_iface - hexdump(len=28): 42 53 53 20 52 41 4e 47 45 3d 33 38 34 34 2d 20 4d 41 53 4b 3d 30 78 32 33 39 38 37
D/wpa_supplicant( 1933): wlan0: Control interface command 'BSS RANGE=3844- MASK=0x23987'
D/wpa_supplicant( 1933): RX ctrl_iface - hexdump(len=28): 42 53 53 20 52 41 4e 47 45 3d 33 38 36 37 2d 20 4d 41 53 4b 3d 30 78 32 33 39 38 37
D/wpa_supplicant( 1933): wlan0: Control interface command 'BSS RANGE=3867- MASK=0x23987'
W/ContextImpl( 2637): Calling a method in the system process without a qualified user: android.app.ContextImpl.startService:1521 android.content.ContextWrapper.startService:494 android.content.ContextWrapper.startService:494 com.android.settings.MiuiSettingsReceiver.onReceive:106 android.app.ActivityThread.handleReceiver:2412 
W/ContextImpl( 2637): Implicit intents with startService are not safe: Intent { act=android.net.wifi.SCAN_RESULTS } android.content.ContextWrapper.startService:494 android.content.ContextWrapper.startService:494 com.android.settings.MiuiSettingsReceiver.onReceive:106 
I/PowerKeeperBackgroundService( 2315): onStartCommand()
I/PowerKeeperService( 2315): onAlarm
D/ConnectivityService(  873): Sampling interval elapsed, updating statistics ..
D/ConnectivityService(  873): Done.
D/ConnectivityService(  873): Setting timer for 720seconds
D/EventLogHandler( 2315): onAlarm, elapsedRealtime = 13672059ms
I/PowerKeeperBackgroundService( 2315): onStartCommand()
I/PowerKeeperService( 2315): onAlarm
D/EventLogHandler( 2315): onAlarm, elapsedRealtime = 14393050ms
I/PowerKeeperBackgroundService( 2315): onStartCommand()
I/PowerKeeperService( 2315): onAlarm
D/ConnectivityService(  873): Sampling interval elapsed, updating statistics ..
D/ConnectivityService(  873): Done.
D/ConnectivityService(  873): Setting timer for 720seconds
D/EventLogHandler( 2315): onAlarm, elapsedRealtime = 14572066ms
D/EventLogHandler( 2315): setAlarm triggerAfterMillis 1800000
I/PowerKeeperBackgroundService( 2315): onStartCommand()
I/PowerKeeperService( 2315): onAlarm
I/XiaomiFirewall( 2669): firewall pkgName:android, result:0x0
D/ConnectivityService(  873): Sampling interval elapsed, updating statistics ..
D/ConnectivityService(  873): Done.
D/ConnectivityService(  873): Setting timer for 720seconds
V/IdleController(  873): Idle trigger fired @ 15786118
V/JobSchedulerService(  873): isReadyToBeExecutedLocked: com.miui.whetstone/.cloud.CloudControlJobService jId=0, u0 ready=false pending=false active=false userRunning=true
V/JobSchedulerService(  873): isReadyToBeExecutedLocked: com.android.settings/.cloud.CloudJobService jId=1, u0 ready=false pending=false active=false userRunning=true
V/JobSchedulerService(  873): isReadyToBeExecutedLocked: com.duokan.reader/.domain.job.JobManagerService jId=2147483647, u0 ready=false pending=false active=false userRunning=true
V/JobSchedulerService(  873): isReadyToBeExecutedLocked: com.android.calendar/com.miui.calendar.job.RemoteJobService jId=1, u0 ready=false pending=false active=false userRunning=true
V/JobSchedulerService(  873): isReadyToBeExecutedLocked: com.android.calendar/com.miui.calendar.job.LocalJobService jId=0, u0 ready=false pending=false active=false userRunning=true
D/JobSchedulerService(  873): maybeQueueReadyJobsForExecutionLockedH: Not running anything.
D/JobSchedulerService(  873): idle=0 connectivity=0 charging=0 tot=0
D/JobSchedulerService(  873): pending queue: 0 jobs.
I/TrafficManageService( 2669): mina mTrafficStatsReceiver onReceive
W/ContextImpl( 2669): Calling a method in the system process without a qualified user: android.app.ContextImpl.sendBroadcast:1165 android.content.ContextWrapper.sendBroadcast:365 com.miui.networkassistant.service.tm.TrafficManageService.broadCastDataUsageUpdated:831 com.miui.networkassistant.service.tm.TrafficManageService$8.onReceive:1064 android.app.LoadedApk$ReceiverDispatcher$Args.run:761 
D/EventLogHandler( 2315): onAlarm, elapsedRealtime = 15786048ms
I/PowerKeeperBackgroundService( 2315): onStartCommand()
I/PowerKeeperService( 2315): onAlarm
I/ActivityManager(  873): Start proc com.miui.bugreport:reporter for service com.miui.bugreport/com.xiaomi.reporter.ReporterService: pid=7458 uid=1000 gids={41000, 3003, 1028, 1015, 3002, 3001, 1007, 3006, 3007, 2001, 1035, 3005, 1010, 1014}
D/UpdateService( 4276): onStartCommand: 5
I/drm     (  873): check theme drm event received
I/drm     (  873): validate theme in /data/system/theme/
I/drm     (  873): validate theme in /data/system/theme/compatibility
I/drm     (  873): validate theme in /data/local/bootanimation.zip
V/MiuiVoip( 2332): VoipHelperService, onHandleIntent: com.miui.voip.action.RECORD_ACTIVE_STATUS 1454337187211
V/MiuiVoip( 2332): VoipHelperService, recordActiveStatus...
D/miuisdk ( 7458): current sdk level is 4
D/dalvikvm( 7458): GetMethodID: not returning static method Landroid/graphics/drawable/Drawable;.createFromXmlInner (Landroid/content/res/Resources;Lorg/xmlpull/v1/XmlPullParser;Landroid/util/AttributeSet;)Landroid/graphics/drawable/Drawable;
D/dalvikvm( 7458): GetMethodID: not returning static method Landroid/text/util/Linkify;.gatherLinks (Ljava/util/ArrayList;Landroid/text/Spannable;Ljava/util/regex/Pattern;[Ljava/lang/String;Landroid/text/util/Linkify$MatchFilter;Landroid/text/util/Linkify$TransformFilter;)V
D/dalvikvm( 7458): GetMethodID: not returning static method Landroid/text/util/Linkify;.gatherMapLinks (Ljava/util/ArrayList;Landroid/text/Spannable;)V
D/dalvikvm( 7458): GetMethodID: not returning static method Landroid/text/util/Linkify;.pruneOverlaps (Ljava/util/ArrayList;)V
D/dalvikvm( 7458): GetMethodID: not returning static method Landroid/text/util/Linkify;.applyLink (Ljava/lang/String;IILandroid/text/Spannable;)V
D/dalvikvm( 7458): GetMethodID: not returning static method Landroid/text/util/Linkify;.gatherTelLinks (Ljava/util/ArrayList;Landroid/text/Spannable;)V
D/dalvikvm( 7458): GetMethodID: not returning static method Landroid/text/util/Linkify;.gatherLinks (Ljava/util/ArrayList;Landroid/text/Spannable;Ljava/util/regex/Pattern;[Ljava/lang/String;Landroid/text/util/Linkify$MatchFilter;Landroid/text/util/Linkify$TransformFilter;)V
D/dalvikvm( 7458): GetMethodID: not returning static method Landroid/text/util/Linkify;.addLinks (Landroid/text/Spannable;I)Z
I/PowerKeeperBackgroundService( 2315): onStartCommand()
I/PowerKeeperService( 2315): onAlarm
W/ContextImpl( 7458): Calling a method in the system process without a qualified user: android.app.ContextImpl.startService:1521 android.content.ContextWrapper.startService:494 miui.core.SdkManager$1.run:191 android.os.Handler.handleCallback:733 android.os.Handler.dispatchMessage:95 
I/XiaomiFirewall( 2669): firewall pkgName:android, result:0x0
D/ConnectivityService(  873): Sampling interval elapsed, updating statistics ..
D/ConnectivityService(  873): Done.
D/ConnectivityService(  873): Setting timer for 720seconds
I/TrafficManageService( 2669): mina mTrafficStatsReceiver onReceive
W/ContextImpl( 2669): Calling a method in the system process without a qualified user: android.app.ContextImpl.sendBroadcast:1165 android.content.ContextWrapper.sendBroadcast:365 com.miui.networkassistant.service.tm.TrafficManageService.broadCastDataUsageUpdated:831 com.miui.networkassistant.service.tm.TrafficManageService$8.onReceive:1064 android.app.LoadedApk$ReceiverDispatcher$Args.run:761 
I/Analytics( 7458): start session(com.miui.bugreport)
D/EventLogHandler( 2315): onAlarm, elapsedRealtime = 16507109ms
D/EventLogHandler( 2315): setAlarm triggerAfterMillis 1800000
D/EventLogHandler( 2315): onAlarm, elapsedRealtime = 16507109ms
E/AppManager( 7458): Package null, installer of com.yidian.xiaomi, not found.
E/AppManager( 7458): Package null, installer of cn.wps.moffice_eng, not found.
E/AppManager( 7458): Package null, installer of com.xiaomi.shop, not found.
E/AppManager( 7458): Package adb, installer of sunshine.ustczmk.com.sunshine, not found.
E/AppManager( 7458): Package null, installer of com.miui.miuibbs, not found.
E/AppManager( 7458): Package null, installer of com.baidu.input_miv6, not found.
E/AppManager( 7458): Package null, installer of com.xiaomi.channel, not found.
E/AppManager( 7458): Package null, installer of com.iflytek.speechcloud, not found.
E/AppManager( 7458): Package null, installer of com.xiaomi.o2o, not found.
E/AppManager( 7458): Package null, installer of com.unionpay.uppay, not found.
E/AppManager( 7458): Package null, installer of com.xiaomi.jr, not found.
E/AppManager( 7458): Package null, installer of com.unionpay.tsmservice, not found.
E/AppManager( 7458): Package null, installer of com.autonavi.minimap, not found.
E/AppManager( 7458): Package null, installer of com.miui.klo.bugreport, not found.
E/AppManager( 7458): Package null, installer of com.xiaomi.tag, not found.
E/AppManager( 7458): Package null, installer of com.ximalaya.ting.android, not found.
E/AppManager( 7458): Package null, installer of com.duokan.reader, not found.
E/AppManager( 7458): Package null, installer of com.dianping.v1, not found.
E/AppManager( 7458): Package null, installer of com.mfashiongallery.emag, not found.
E/AppManager( 7458): Package null, installer of com.sina.weibo, not found.
E/AppManager( 7458): Package null, installer of com.xiaomi.smarthome, not found.
E/AppManager( 7458): Package null, installer of com.mi.vtalk, not found.
I/Analytics( 7458): end session(com.miui.bugreport)
W/ContextImpl( 7458): Calling a method in the system process without a qualified user: android.app.ContextImpl.bindService:1585 android.content.ContextWrapper.bindService:517 miui.analytics.Analytics.endSession:120 com.xiaomi.reporter.b.L:66 com.xiaomi.reporter.c.handleMessage:124 
I/PowerKeeperBackgroundService( 2315): onStartCommand()
I/PowerKeeperService( 2315): onAlarm
D/EventLogHandler( 2315): onAlarm, elapsedRealtime = 17228056ms
I/PowerKeeperBackgroundService( 2315): onStartCommand()
I/PowerKeeperService( 2315): onAlarm
D/ConnectivityService(  873): Sampling interval elapsed, updating statistics ..
D/ConnectivityService(  873): Done.
D/ConnectivityService(  873): Setting timer for 720seconds
D/EventLogHandler( 2315): onAlarm, elapsedRealtime = 17272065ms
D/wpa_supplicant( 1933): wlan0: BSS: Remove id 3826 BSSID 8c:be:be:40:00:49 SSID 'Mixin' due to wpa_bss_flush_by_age
D/wpa_supplicant( 1933): CTRL_IFACE monitor send - hexdump(len=39): 2f 64 61 74 61 2f 6d 69 73 63 2f 77 69 66 69 2f 73 6f 63 6b 65 74 73 2f 77 70 61 5f 63 74 72 6c ...
D/wpa_supplicant( 1933): wlan0: BSS: Remove id 3827 BSSID 8c:be:be:40:00:4a SSID 'Mixin__5G' due to wpa_bss_flush_by_age
D/wpa_supplicant( 1933): CTRL_IFACE monitor send - hexdump(len=39): 2f 64 61 74 61 2f 6d 69 73 63 2f 77 69 66 69 2f 73 6f 63 6b 65 74 73 2f 77 70 61 5f 63 74 72 6c ...
D/wpa_supplicant( 1933): wlan0: BSS: Remove id 3828 BSSID 8c:be:be:2a:78:ba SSID 'Xiaomi_router' due to wpa_bss_flush_by_age
D/wpa_supplicant( 1933): CTRL_IFACE monitor send - hexdump(len=39): 2f 64 61 74 61 2f 6d 69 73 63 2f 77 69 66 69 2f 73 6f 63 6b 65 74 73 2f 77 70 61 5f 63 74 72 6c ...
D/wpa_supplicant( 1933): wlan0: BSS: Remove id 3829 BSSID 8c:be:be:2a:2b:b6 SSID '\xe5\x88\x98\xe5\x9f\xb9\xe9\xbe\x99\xe5\xbe\x88\xe5\xb8\x85' due to wpa_bss_flush_by_age
D/wpa_supplicant( 1933): CTRL_IFACE monitor send - hexdump(len=39): 2f 64 61 74 61 2f 6d 69 73 63 2f 77 69 66 69 2f 73 6f 63 6b 65 74 73 2f 77 70 61 5f 63 74 72 6c ...
D/wpa_supplicant( 1933): wlan0: BSS: Remove id 3830 BSSID 8c:be:be:2a:78:bb SSID 'Xiaomi_router_5G' due to wpa_bss_flush_by_age
D/wpa_supplicant( 1933): CTRL_IFACE monitor send - hexdump(len=39): 2f 64 61 74 61 2f 6d 69 73 63 2f 77 69 66 69 2f 73 6f 63 6b 65 74 73 2f 77 70 61 5f 63 74 72 6c ...
D/wpa_supplicant( 1933): wlan0: BSS: Remove id 3831 BSSID 28:10:7b:65:58:c8 SSID 'Handsome Wan' due to wpa_bss_flush_by_age
D/wpa_supplicant( 1933): CTRL_IFACE monitor send - hexdump(len=39): 2f 64 61 74 61 2f 6d 69 73 63 2f 77 69 66 69 2f 73 6f 63 6b 65 74 73 2f 77 70 61 5f 63 74 72 6c ...
D/wpa_supplicant( 1933): wlan0: BSS: Remove id 3832 BSSID b8:55:10:71:23:08 SSID 'abbybook' due to wpa_bss_flush_by_age
D/wpa_supplicant( 1933): CTRL_IFACE monitor send - hexdump(len=39): 2f 64 61 74 61 2f 6d 69 73 63 2f 77 69 66 69 2f 73 6f 63 6b 65 74 73 2f 77 70 61 5f 63 74 72 6c ...
D/wpa_supplicant( 1933): wlan0: BSS: Remove id 3833 BSSID 64:09:80:4a:19:80 SSID '000-phone' due to wpa_bss_flush_by_age
D/wpa_supplicant( 1933): CTRL_IFACE monitor send - hexdump(len=39): 2f 64 61 74 61 2f 6d 69 73 63 2f 77 69 66 69 2f 73 6f 63 6b 65 74 73 2f 77 70 61 5f 63 74 72 6c ...
D/wpa_supplicant( 1933): wlan0: BSS: Remove id 3834 BSSID 8c:be:be:2a:2b:b7 SSID '\xe5\x88\x98\xe5\x9f\xb9\xe9\xbe\x99\xe5\xbe\x88\xe5\xb8\x85_5G' due to wpa_bss_flush_by_age
D/wpa_supplicant( 1933): CTRL_IFACE monitor send - hexdump(len=39): 2f 64 61 74 61 2f 6d 69 73 63 2f 77 69 66 69 2f 73 6f 63 6b 65 74 73 2f 77 70 61 5f 63 74 72 6c ...
D/wpa_supplicant( 1933): wlan0: BSS: Remove id 3835 BSSID 8c:be:be:40:00:67 SSID 'miui-sys-team' due to wpa_bss_flush_by_age
D/wpa_supplicant( 1933): CTRL_IFACE monitor send - hexdump(len=39): 2f 64 61 74 61 2f 6d 69 73 63 2f 77 69 66 69 2f 73 6f 63 6b 65 74 73 2f 77 70 61 5f 63 74 72 6c ...
D/wpa_supplicant( 1933): wlan0: BSS: Remove id 3836 BSSID 8c:be:be:44:73:42 SSID 'Frame_Privacy' due to wpa_bss_flush_by_age
D/wpa_supplicant( 1933): CTRL_IFACE monitor send - hexdump(len=39): 2f 64 61 74 61 2f 6d 69 73 63 2f 77 69 66 69 2f 73 6f 63 6b 65 74 73 2f 77 70 61 5f 63 74 72 6c ...
D/wpa_supplicant( 1933): wlan0: BSS: Remove id 3837 BSSID 94:b4:0f:a6:cf:00 SSID 'MIOffice' due to wpa_bss_flush_by_age
D/wpa_supplicant( 1933): CTRL_IFACE monitor send - hexdump(len=39): 2f 64 61 74 61 2f 6d 69 73 63 2f 77 69 66 69 2f 73 6f 63 6b 65 74 73 2f 77 70 61 5f 63 74 72 6c ...
D/wpa_supplicant( 1933): wlan0: BSS: Remove id 3838 BSSID 8c:be:be:44:73:43 SSID 'Frame_Privacy' due to wpa_bss_flush_by_age
D/wpa_supplicant( 1933): CTRL_IFACE monitor send - hexdump(len=39): 2f 64 61 74 61 2f 6d 69 73 63 2f 77 69 66 69 2f 73 6f 63 6b 65 74 73 2f 77 70 61 5f 63 74 72 6c ...
D/wpa_supplicant( 1933): wlan0: BSS: Remove id 3839 BSSID 8c:be:be:40:00:68 SSID 'miui-sys-team_5G' due to wpa_bss_flush_by_age
D/wpa_supplicant( 1933): CTRL_IFACE monitor send - hexdump(len=39): 2f 64 61 74 61 2f 6d 69 73 63 2f 77 69 66 69 2f 73 6f 63 6b 65 74 73 2f 77 70 61 5f 63 74 72 6c ...
D/wpa_supplicant( 1933): wlan0: BSS: Remove id 3840 BSSID 8c:be:be:10:06:23 SSID 'Xiaomi_0621_5G' due to wpa_bss_flush_by_age
D/wpa_supplicant( 1933): CTRL_IFACE monitor send - hexdump(len=39): 2f 64 61 74 61 2f 6d 69 73 63 2f 77 69 66 69 2f 73 6f 63 6b 65 74 73 2f 77 70 61 5f 63 74 72 6c ...
D/wpa_supplicant( 1933): wlan0: BSS: Remove id 3841 BSSID 8c:be:be:04:fe:90 SSID '00_jia' due to wpa_bss_flush_by_age
D/wpa_supplicant( 1933): CTRL_IFACE monitor send - hexdump(len=39): 2f 64 61 74 61 2f 6d 69 73 63 2f 77 69 66 69 2f 73 6f 63 6b 65 74 73 2f 77 70 61 5f 63 74 72 6c ...
D/wpa_supplicant( 1933): wlan0: BSS: Remove id 3842 BSSID 94:b4:0f:a6:cf:12 SSID 'MIOffice-5G' due to wpa_bss_flush_by_age
D/wpa_supplicant( 1933): CTRL_IFACE monitor send - hexdump(len=39): 2f 64 61 74 61 2f 6d 69 73 63 2f 77 69 66 69 2f 73 6f 63 6b 65 74 73 2f 77 70 61 5f 63 74 72 6c ...
D/wpa_supplicant( 1933): wlan0: BSS: Remove id 3843 BSSID 94:b4:0f:a6:cf:10 SSID 'MIOffice' due to wpa_bss_flush_by_age
D/wpa_supplicant( 1933): CTRL_IFACE monitor send - hexdump(len=39): 2f 64 61 74 61 2f 6d 69 73 63 2f 77 69 66 69 2f 73 6f 63 6b 65 74 73 2f 77 70 61 5f 63 74 72 6c ...
D/wpa_supplicant( 1933): wlan0: BSS: Remove id 3844 BSSID 10:48:b1:e8:0e:58 SSID 'DGD_5G' due to wpa_bss_flush_by_age
D/wpa_supplicant( 1933): CTRL_IFACE monitor send - hexdump(len=39): 2f 64 61 74 61 2f 6d 69 73 63 2f 77 69 66 69 2f 73 6f 63 6b 65 74 73 2f 77 70 61 5f 63 74 72 6c ...
D/wpa_supplicant( 1933): wlan0: BSS: Remove id 3845 BSSID 8c:be:be:2a:2c:a9 SSID '\xe7\x8c\xb4\xe5\x93\xa5\xe6\x9c\x89\xe5\xa6\x96\xe6\x80\xaa' due to wpa_bss_flush_by_age
D/wpa_supplicant( 1933): CTRL_IFACE monitor send - hexdump(len=39): 2f 64 61 74 61 2f 6d 69 73 63 2f 77 69 66 69 2f 73 6f 63 6b 65 74 73 2f 77 70 61 5f 63 74 72 6c ...
D/wpa_supplicant( 1933): wlan0: BSS: Remove id 3846 BSSID 8c:be:be:2a:2c:aa SSID '\xe5\x85\xab\xe6\x88\x92\xe6\x9c\x89\xe5\xa6\x96\xe6\x80\xaa' due to wpa_bss_flush_by_age
D/wpa_supplicant( 1933): CTRL_IFACE monitor send - hexdump(len=39): 2f 64 61 74 61 2f 6d 69 73 63 2f 77 69 66 69 2f 73 6f 63 6b 65 74 73 2f 77 70 61 5f 63 74 72 6c ...
D/wpa_supplicant( 1933): wlan0: BSS: Remove id 3847 BSSID 10:48:b1:e8:0f:87 SSID 'baomihua' due to wpa_bss_flush_by_age
D/wpa_supplicant( 1933): CTRL_IFACE monitor send - hexdump(len=39): 2f 64 61 74 61 2f 6d 69 73 63 2f 77 69 66 69 2f 73 6f 63 6b 65 74 73 2f 77 70 61 5f 63 74 72 6c ...
D/wpa_supplicant( 1933): wlan0: BSS: Remove id 3848 BSSID 94:b4:0f:a6:7b:b0 SSID 'MIOffice' due to wpa_bss_flush_by_age
D/wpa_supplicant( 1933): CTRL_IFACE monitor send - hexdump(len=39): 2f 64 61 74 61 2f 6d 69 73 63 2f 77 69 66 69 2f 73 6f 63 6b 65 74 73 2f 77 70 61 5f 63 74 72 6c ...
D/wpa_supplicant( 1933): wlan0: BSS: Remove id 3849 BSSID 8c:be:be:10:06:22 SSID '....Xiaomi_0621' due to wpa_bss_flush_by_age
D/wpa_supplicant( 1933): CTRL_IFACE monitor send - hexdump(len=39): 2f 64 61 74 61 2f 6d 69 73 63 2f 77 69 66 69 2f 73 6f 63 6b 65 74 73 2f 77 70 61 5f 63 74 72 6c ...
D/wpa_supplicant( 1933): wlan0: BSS: Remove id 3850 BSSID 94:b4:0f:a6:7b:a0 SSID 'MIOffice' due to wpa_bss_flush_by_age
D/wpa_supplicant( 1933): CTRL_IFACE monitor send - hexdump(len=39): 2f 64 61 74 61 2f 6d 69 73 63 2f 77 69 66 69 2f 73 6f 63 6b 65 74 73 2f 77 70 61 5f 63 74 72 6c ...
D/wpa_supplicant( 1933): wlan0: BSS: Remove id 3851 BSSID 64:09:80:4a:19:81 SSID '000-phone_5G' due to wpa_bss_flush_by_age
D/wpa_supplicant( 1933): CTRL_IFACE monitor send - hexdump(len=39): 2f 64 61 74 61 2f 6d 69 73 63 2f 77 69 66 69 2f 73 6f 63 6b 65 74 73 2f 77 70 61 5f 63 74 72 6c ...
D/wpa_supplicant( 1933): wlan0: BSS: Remove id 3852 BSSID 94:b4:0f:a6:7b:b2 SSID 'MIOffice-5G' due to wpa_bss_flush_by_age
D/wpa_supplicant( 1933): CTRL_IFACE monitor send - hexdump(len=39): 2f 64 61 74 61 2f 6d 69 73 63 2f 77 69 66 69 2f 73 6f 63 6b 65 74 73 2f 77 70 61 5f 63 74 72 6c ...
D/wpa_supplicant( 1933): wlan0: BSS: Remove id 3853 BSSID 08:10:76:a7:22:7c SSID 'themetest' due to wpa_bss_flush_by_age
D/wpa_supplicant( 1933): CTRL_IFACE monitor send - hexdump(len=39): 2f 64 61 74 61 2f 6d 69 73 63 2f 77 69 66 69 2f 73 6f 63 6b 65 74 73 2f 77 70 61 5f 63 74 72 6c ...
D/wpa_supplicant( 1933): wlan0: BSS: Remove id 3854 BSSID 10:48:b1:e8:0f:86 SSID 'baomihua' due to wpa_bss_flush_by_age
D/wpa_supplicant( 1933): CTRL_IFACE monitor send - hexdump(len=39): 2f 64 61 74 61 2f 6d 69 73 63 2f 77 69 66 69 2f 73 6f 63 6b 65 74 73 2f 77 70 61 5f 63 74 72 6c ...
D/wpa_supplicant( 1933): wlan0: BSS: Remove id 3855 BSSID 94:b4:0f:a6:cd:60 SSID 'MIOffice' due to wpa_bss_flush_by_age
D/wpa_supplicant( 1933): CTRL_IFACE monitor send - hexdump(len=39): 2f 64 61 74 61 2f 6d 69 73 63 2f 77 69 66 69 2f 73 6f 63 6b 65 74 73 2f 77 70 61 5f 63 74 72 6c ...
D/wpa_supplicant( 1933): wlan0: BSS: Remove id 3856 BSSID d4:ee:07:01:00:4e SSID 'miuishell' due to wpa_bss_flush_by_age
D/wpa_supplicant( 1933): CTRL_IFACE monitor send - hexdump(len=39): 2f 64 61 74 61 2f 6d 69 73 63 2f 77 69 66 69 2f 73 6f 63 6b 65 74 73 2f 77 70 61 5f 63 74 72 6c ...
D/wpa_supplicant( 1933): wlan0: BSS: Remove id 3857 BSSID 8c:be:be:20:21:4c SSID 'AiET_Privacy_2.4G' due to wpa_bss_flush_by_age
D/wpa_supplicant( 1933): CTRL_IFACE monitor send - hexdump(len=39): 2f 64 61 74 61 2f 6d 69 73 63 2f 77 69 66 69 2f 73 6f 63 6b 65 74 73 2f 77 70 61 5f 63 74 72 6c ...
D/wpa_supplicant( 1933): wlan0: BSS: Remove id 3858 BSSID 10:48:b1:e8:11:0c SSID '...theme' due to wpa_bss_flush_by_age
D/wpa_supplicant( 1933): CTRL_IFACE monitor send - hexdump(len=39): 2f 64 61 74 61 2f 6d 69 73 63 2f 77 69 66 69 2f 73 6f 63 6b 65 74 73 2f 77 70 61 5f 63 74 72 6c ...
D/wpa_supplicant( 1933): wlan0: BSS: Remove id 3859 BSSID c0:61:18:00:8c:be SSID 'holyshiiiiiit' due to wpa_bss_flush_by_age
D/wpa_supplicant( 1933): CTRL_IFACE monitor send - hexdump(len=39): 2f 64 61 74 61 2f 6d 69 73 63 2f 77 69 66 69 2f 73 6f 63 6b 65 74 73 2f 77 70 61 5f 63 74 72 6c ...
D/wpa_supplicant( 1933): wlan0: BSS: Remove id 3860 BSSID 94:b4:0f:a6:7c:50 SSID 'MIOffice' due to wpa_bss_flush_by_age
D/wpa_supplicant( 1933): CTRL_IFACE monitor send - hexdump(len=39): 2f 64 61 74 61 2f 6d 69 73 63 2f 77 69 66 69 2f 73 6f 63 6b 65 74 73 2f 77 70 61 5f 63 74 72 6c ...
D/wpa_supplicant( 1933): wlan0: BSS: Remove id 3861 BSSID 94:b4:0f:a6:cd:10 SSID 'MIOffice' due to wpa_bss_flush_by_age
D/wpa_supplicant( 1933): CTRL_IFACE monitor send - hexdump(len=39): 2f 64 61 74 61 2f 6d 69 73 63 2f 77 69 66 69 2f 73 6f 63 6b 65 74 73 2f 77 70 61 5f 63 74 72 6c ...
D/wpa_supplicant( 1933): wlan0: BSS: Remove id 3862 BSSID 94:b4:0f:a6:cd:12 SSID 'MIOffice-5G' due to wpa_bss_flush_by_age
D/wpa_supplicant( 1933): CTRL_IFACE monitor send - hexdump(len=39): 2f 64 61 74 61 2f 6d 69 73 63 2f 77 69 66 69 2f 73 6f 63 6b 65 74 73 2f 77 70 61 5f 63 74 72 6c ...
D/wpa_supplicant( 1933): wlan0: BSS: Remove id 3863 BSSID 10:48:b1:e8:0e:57 SSID 'DGD' due to wpa_bss_flush_by_age
D/wpa_supplicant( 1933): CTRL_IFACE monitor send - hexdump(len=39): 2f 64 61 74 61 2f 6d 69 73 63 2f 77 69 66 69 2f 73 6f 63 6b 65 74 73 2f 77 70 61 5f 63 74 72 6c ...
D/wpa_supplicant( 1933): wlan0: BSS: Remove id 3864 BSSID 94:b4:0f:a6:7c:52 SSID 'MIOffice-5G' due to wpa_bss_flush_by_age
D/wpa_supplicant( 1933): CTRL_IFACE monitor send - hexdump(len=39): 2f 64 61 74 61 2f 6d 69 73 63 2f 77 69 66 69 2f 73 6f 63 6b 65 74 73 2f 77 70 61 5f 63 74 72 6c ...
D/wpa_supplicant( 1933): wlan0: BSS: Remove id 3865 BSSID 8c:be:be:44:db:88 SSID '...shell' due to wpa_bss_flush_by_age
D/wpa_supplicant( 1933): CTRL_IFACE monitor send - hexdump(len=39): 2f 64 61 74 61 2f 6d 69 73 63 2f 77 69 66 69 2f 73 6f 63 6b 65 74 73 2f 77 70 61 5f 63 74 72 6c ...
D/wpa_supplicant( 1933): wlan0: BSS: Remove id 3866 BSSID 10:48:b1:e8:0f:11 SSID 'Xiaomi_0F10' due to wpa_bss_flush_by_age
D/wpa_supplicant( 1933): CTRL_IFACE monitor send - hexdump(len=39): 2f 64 61 74 61 2f 6d 69 73 63 2f 77 69 66 69 2f 73 6f 63 6b 65 74 73 2f 77 70 61 5f 63 74 72 6c ...
D/wpa_supplicant( 1933): wlan0: BSS: Remove id 3867 BSSID 94:b4:0f:a6:7b:30 SSID 'MIOffice' due to wpa_bss_flush_by_age
D/wpa_supplicant( 1933): CTRL_IFACE monitor send - hexdump(len=39): 2f 64 61 74 61 2f 6d 69 73 63 2f 77 69 66 69 2f 73 6f 63 6b 65 74 73 2f 77 70 61 5f 63 74 72 6c ...
D/wpa_supplicant( 1933): wlan0: BSS: Remove id 3868 BSSID 94:b4:0f:a6:7b:32 SSID 'MIOffice-5G' due to wpa_bss_flush_by_age
D/wpa_supplicant( 1933): CTRL_IFACE monitor send - hexdump(len=39): 2f 64 61 74 61 2f 6d 69 73 63 2f 77 69 66 69 2f 73 6f 63 6b 65 74 73 2f 77 70 61 5f 63 74 72 6c ...
D/wpa_supplicant( 1933): wlan0: BSS: Remove id 3869 BSSID 8c:be:be:2f:7c:2d SSID 'Appstore' due to wpa_bss_flush_by_age
D/wpa_supplicant( 1933): CTRL_IFACE monitor send - hexdump(len=39): 2f 64 61 74 61 2f 6d 69 73 63 2f 77 69 66 69 2f 73 6f 63 6b 65 74 73 2f 77 70 61 5f 63 74 72 6c ...
D/wpa_supplicant( 1933): wlan0: BSS: Remove id 3870 BSSID 94:b4:0f:a6:cd:70 SSID 'MIOffice' due to wpa_bss_flush_by_age
D/wpa_supplicant( 1933): CTRL_IFACE monitor send - hexdump(len=39): 2f 64 61 74 61 2f 6d 69 73 63 2f 77 69 66 69 2f 73 6f 63 6b 65 74 73 2f 77 70 61 5f 63 74 72 6c ...
D/wpa_supplicant( 1933): wlan0: BSS: Remove id 3871 BSSID 94:b4:0f:a6:cd:72 SSID 'MIOffice-5G' due to wpa_bss_flush_by_age
D/wpa_supplicant( 1933): CTRL_IFACE monitor send - hexdump(len=39): 2f 64 61 74 61 2f 6d 69 73 63 2f 77 69 66 69 2f 73 6f 63 6b 65 74 73 2f 77 70 61 5f 63 74 72 6c ...
D/wpa_supplicant( 1933): wlan0: BSS: Remove id 3872 BSSID f0:b4:29:31:7c:80 SSID 'WangXin' due to wpa_bss_flush_by_age
D/wpa_supplicant( 1933): CTRL_IFACE monitor send - hexdump(len=39): 2f 64 61 74 61 2f 6d 69 73 63 2f 77 69 66 69 2f 73 6f 63 6b 65 74 73 2f 77 70 61 5f 63 74 72 6c ...
D/wpa_supplicant( 1933): wlan0: BSS: Remove id 3873 BSSID 10:48:b1:e8:10:3d SSID 'MIUITEST-2.4G' due to wpa_bss_flush_by_age
D/wpa_supplicant( 1933): CTRL_IFACE monitor send - hexdump(len=39): 2f 64 61 74 61 2f 6d 69 73 63 2f 77 69 66 69 2f 73 6f 63 6b 65 74 73 2f 77 70 61 5f 63 74 72 6c ...
D/wpa_supplicant( 1933): wlan0: BSS: Remove id 3874 BSSID f0:b4:29:57:67:1b SSID '' due to wpa_bss_flush_by_age
D/wpa_supplicant( 1933): CTRL_IFACE monitor send - hexdump(len=39): 2f 64 61 74 61 2f 6d 69 73 63 2f 77 69 66 69 2f 73 6f 63 6b 65 74 73 2f 77 70 61 5f 63 74 72 6c ...
D/wpa_supplicant( 1933): wlan0: BSS: Remove id 3875 BSSID c8:3a:35:5f:37:20 SSID 'Miui_Data' due to wpa_bss_flush_by_age
D/wpa_supplicant( 1933): CTRL_IFACE monitor send - hexdump(len=39): 2f 64 61 74 61 2f 6d 69 73 63 2f 77 69 66 69 2f 73 6f 63 6b 65 74 73 2f 77 70 61 5f 63 74 72 6c ...
D/wpa_supplicant( 1933): wlan0: BSS: Remove id 3876 BSSID 8c:be:be:44:49:ae SSID '00Xiaomi_49AD_cts2.4' due to wpa_bss_flush_by_age
D/wpa_supplicant( 1933): CTRL_IFACE monitor send - hexdump(len=39): 2f 64 61 74 61 2f 6d 69 73 63 2f 77 69 66 69 2f 73 6f 63 6b 65 74 73 2f 77 70 61 5f 63 74 72 6c ...
D/wpa_supplicant( 1933): wlan0: BSS: Remove id 3877 BSSID 8c:be:be:2a:61:15 SSID 'XHW_5G' due to wpa_bss_flush_by_age
D/wpa_supplicant( 1933): CTRL_IFACE monitor send - hexdump(len=39): 2f 64 61 74 61 2f 6d 69 73 63 2f 77 69 66 69 2f 73 6f 63 6b 65 74 73 2f 77 70 61 5f 63 74 72 6c ...
D/wpa_supplicant( 1933): wlan0: BSS: Remove id 3878 BSSID 8c:be:be:44:67:b7 SSID 'Ms_liang' due to wpa_bss_flush_by_age
D/wpa_supplicant( 1933): CTRL_IFACE monitor send - hexdump(len=39): 2f 64 61 74 61 2f 6d 69 73 63 2f 77 69 66 69 2f 73 6f 63 6b 65 74 73 2f 77 70 61 5f 63 74 72 6c ...
D/wpa_supplicant( 1933): wlan0: BSS: Remove id 3879 BSSID 8c:be:be:26:f3:8b SSID 'XQ-design' due to wpa_bss_flush_by_age
D/wpa_supplicant( 1933): CTRL_IFACE monitor send - hexdump(len=39): 2f 64 61 74 61 2f 6d 69 73 63 2f 77 69 66 69 2f 73 6f 63 6b 65 74 73 2f 77 70 61 5f 63 74 72 6c ...
D/wpa_supplicant( 1933): wlan0: BSS: Remove id 3880 BSSID 94:b4:0f:a6:bf:90 SSID 'MIOffice' due to wpa_bss_flush_by_age
D/wpa_supplicant( 1933): CTRL_IFACE monitor send - hexdump(len=39): 2f 64 61 74 61 2f 6d 69 73 63 2f 77 69 66 69 2f 73 6f 63 6b 65 74 73 2f 77 70 61 5f 63 74 72 6c ...
D/wpa_supplicant( 1933): wlan0: BSS: Remove id 3881 BSSID 94:b4:0f:a6:bf:92 SSID 'MIOffice-5G' due to wpa_bss_flush_by_age
D/wpa_supplicant( 1933): CTRL_IFACE monitor send - hexdump(len=39): 2f 64 61 74 61 2f 6d 69 73 63 2f 77 69 66 69 2f 73 6f 63 6b 65 74 73 2f 77 70 61 5f 63 74 72 6c ...
D/wpa_supplicant( 1933): wlan0: BSS: Remove id 3882 BSSID 94:b4:0f:a6:cf:01 SSID 'MIPublic' due to wpa_bss_flush_by_age
D/wpa_supplicant( 1933): CTRL_IFACE monitor send - hexdump(len=39): 2f 64 61 74 61 2f 6d 69 73 63 2f 77 69 66 69 2f 73 6f 63 6b 65 74 73 2f 77 70 61 5f 63 74 72 6c ...
D/wpa_supplicant( 1933): wlan0: BSS: Remove id 3883 BSSID 94:b4:0f:a6:cf:11 SSID 'MIPublic' due to wpa_bss_flush_by_age
D/wpa_supplicant( 1933): CTRL_IFACE monitor send - hexdump(len=39): 2f 64 61 74 61 2f 6d 69 73 63 2f 77 69 66 69 2f 73 6f 63 6b 65 74 73 2f 77 70 61 5f 63 74 72 6c ...
D/wpa_supplicant( 1933): wlan0: BSS: Remove id 3884 BSSID 8e:be:be:2a:2c:ab SSID '\xe8\x80\x81\xe6\x9d\xbf\xe5\x8c\x85\xe5\xa4\x9c\xe5\x90\x97' due to wpa_bss_flush_by_age
D/wpa_supplicant( 1933): CTRL_IFACE monitor send - hexdump(len=39): 2f 64 61 74 61 2f 6d 69 73 63 2f 77 69 66 69 2f 73 6f 63 6b 65 74 73 2f 77 70 61 5f 63 74 72 6c ...
D/wpa_supplicant( 1933): wlan0: BSS: Remove id 3885 BSSID 94:b4:0f:a6:7b:a1 SSID 'MIPublic' due to wpa_bss_flush_by_age
D/wpa_supplicant( 1933): CTRL_IFACE monitor send - hexdump(len=39): 2f 64 61 74 61 2f 6d 69 73 63 2f 77 69 66 69 2f 73 6f 63 6b 65 74 73 2f 77 70 61 5f 63 74 72 6c ...
D/wpa_supplicant( 1933): wlan0: BSS: Remove id 3886 BSSID 94:b4:0f:a6:7b:b1 SSID 'MIPublic' due to wpa_bss_flush_by_age
D/wpa_supplicant( 1933): CTRL_IFACE monitor send - hexdump(len=39): 2f 64 61 74 61 2f 6d 69 73 63 2f 77 69 66 69 2f 73 6f 63 6b 65 74 73 2f 77 70 61 5f 63 74 72 6c ...
D/wpa_supplicant( 1933): wlan0: BSS: Remove id 3887 BSSID 8e:be:be:10:06:24 SSID 'Xiaomi_0621_VIP' due to wpa_bss_flush_by_age
D/wpa_supplicant( 1933): CTRL_IFACE monitor send - hexdump(len=39): 2f 64 61 74 61 2f 6d 69 73 63 2f 77 69 66 69 2f 73 6f 63 6b 65 74 73 2f 77 70 61 5f 63 74 72 6c ...
D/wpa_supplicant( 1933): wlan0: BSS: Remove id 3888 BSSID 8c:be:be:2a:49:35 SSID 'AAA__(:3\xe3\x80\x8d\xe2\x88\xa0)_' due to wpa_bss_flush_by_age
D/wpa_supplicant( 1933): CTRL_IFACE monitor send - hexdump(len=39): 2f 64 61 74 61 2f 6d 69 73 63 2f 77 69 66 69 2f 73 6f 63 6b 65 74 73 2f 77 70 61 5f 63 74 72 6c ...
D/wpa_supplicant( 1933): wlan0: BSS: Remove id 3889 BSSID 94:b4:0f:a6:cd:11 SSID 'MIPublic' due to wpa_bss_flush_by_age
D/wpa_supplicant( 1933): CTRL_IFACE monitor send - hexdump(len=39): 2f 64 61 74 61 2f 6d 69 73 63 2f 77 69 66 69 2f 73 6f 63 6b 65 74 73 2f 77 70 61 5f 63 74 72 6c ...
D/wpa_supplicant( 1933): wlan0: BSS: Remove id 3890 BSSID 94:b4:0f:a6:7c:51 SSID 'MIPublic' due to wpa_bss_flush_by_age
D/wpa_supplicant( 1933): CTRL_IFACE monitor send - hexdump(len=39): 2f 64 61 74 61 2f 6d 69 73 63 2f 77 69 66 69 2f 73 6f 63 6b 65 74 73 2f 77 70 61 5f 63 74 72 6c ...
D/wpa_supplicant( 1933): wlan0: BSS: Remove id 3891 BSSID 8e:be:be:2f:7c:2f SSID '\xe8\x88\x9c\xe4\xb9\x8b' due to wpa_bss_flush_by_age
D/wpa_supplicant( 1933): CTRL_IFACE monitor send - hexdump(len=39): 2f 64 61 74 61 2f 6d 69 73 63 2f 77 69 66 69 2f 73 6f 63 6b 65 74 73 2f 77 70 61 5f 63 74 72 6c ...
D/baidu_location_service( 2148): wifimanager start scan ...
D/wpa_supplicant( 1933): wlan0: BSS: Remove id 3892 BSSID 94:b4:0f:a6:7b:31 SSID 'MIPublic' due to wpa_bss_flush_by_age
D/wpa_supplicant( 1933): CTRL_IFACE monitor send - hexdump(len=39): 2f 64 61 74 61 2f 6d 69 73 63 2f 77 69 66 69 2f 73 6f 63 6b 65 74 73 2f 77 70 61 5f 63 74 72 6c ...
D/wpa_supplicant( 1933): wlan0: BSS: Remove id 3893 BSSID 94:b4:0f:a6:cd:71 SSID 'MIPublic' due to wpa_bss_flush_by_age
D/wpa_supplicant( 1933): CTRL_IFACE monitor send - hexdump(len=39): 2f 64 61 74 61 2f 6d 69 73 63 2f 77 69 66 69 2f 73 6f 63 6b 65 74 73 2f 77 70 61 5f 63 74 72 6c ...
D/wpa_supplicant( 1933): wlan0: BSS: Remove id 3894 BSSID 94:b4:0f:a6:cc:51 SSID 'MIPublic' due to wpa_bss_flush_by_age
D/wpa_supplicant( 1933): CTRL_IFACE monitor send - hexdump(len=39): 2f 64 61 74 61 2f 6d 69 73 63 2f 77 69 66 69 2f 73 6f 63 6b 65 74 73 2f 77 70 61 5f 63 74 72 6c ...
D/wpa_supplicant( 1933): wlan0: BSS: Remove id 3895 BSSID 94:b4:0f:a6:bf:91 SSID 'MIPublic' due to wpa_bss_flush_by_age
D/wpa_supplicant( 1933): CTRL_IFACE monitor send - hexdump(len=39): 2f 64 61 74 61 2f 6d 69 73 63 2f 77 69 66 69 2f 73 6f 63 6b 65 74 73 2f 77 70 61 5f 63 74 72 6c ...
D/wpa_supplicant( 1933): RX ctrl_iface - hexdump(len=9): 53 45 54 20 70 6e 6f 20 30
D/wpa_supplicant( 1933): wlan0: Control interface command 'SET pno 0'
D/wpa_supplicant( 1933): CTRL_IFACE SET 'pno'='0'
D/wpa_supplicant( 1933): p2p0: BSS: Remove id 3826 BSSID 8c:be:be:40:00:49 SSID 'Mixin' due to wpa_bss_flush_by_age
D/wpa_supplicant( 1933): CTRL_IFACE monitor send - hexdump(len=39): 2f 64 61 74 61 2f 6d 69 73 63 2f 77 69 66 69 2f 73 6f 63 6b 65 74 73 2f 77 70 61 5f 63 74 72 6c ...
D/wpa_supplicant( 1933): p2p0: BSS: Remove id 3827 BSSID 8c:be:be:40:00:4a SSID 'Mixin__5G' due to wpa_bss_flush_by_age
D/wpa_supplicant( 1933): CTRL_IFACE monitor send - hexdump(len=39): 2f 64 61 74 61 2f 6d 69 73 63 2f 77 69 66 69 2f 73 6f 63 6b 65 74 73 2f 77 70 61 5f 63 74 72 6c ...
D/wpa_supplicant( 1933): p2p0: BSS: Remove id 3828 BSSID 8c:be:be:2a:78:ba SSID 'Xiaomi_router' due to wpa_bss_flush_by_age
D/wpa_supplicant( 1933): CTRL_IFACE monitor send - hexdump(len=39): 2f 64 61 74 61 2f 6d 69 73 63 2f 77 69 66 69 2f 73 6f 63 6b 65 74 73 2f 77 70 61 5f 63 74 72 6c ...
D/wpa_supplicant( 1933): p2p0: BSS: Remove id 3829 BSSID 8c:be:be:2a:2b:b6 SSID '\xe5\x88\x98\xe5\x9f\xb9\xe9\xbe\x99\xe5\xbe\x88\xe5\xb8\x85' due to wpa_bss_flush_by_age
D/wpa_supplicant( 1933): CTRL_IFACE monitor send - hexdump(len=39): 2f 64 61 74 61 2f 6d 69 73 63 2f 77 69 66 69 2f 73 6f 63 6b 65 74 73 2f 77 70 61 5f 63 74 72 6c ...
D/wpa_supplicant( 1933): p2p0: BSS: Remove id 3830 BSSID 8c:be:be:2a:78:bb SSID 'Xiaomi_router_5G' due to wpa_bss_flush_by_age
D/wpa_supplicant( 1933): CTRL_IFACE monitor send - hexdump(len=39): 2f 64 61 74 61 2f 6d 69 73 63 2f 77 69 66 69 2f 73 6f 63 6b 65 74 73 2f 77 70 61 5f 63 74 72 6c ...
D/wpa_supplicant( 1933): p2p0: BSS: Remove id 3831 BSSID 28:10:7b:65:58:c8 SSID 'Handsome Wan' due to wpa_bss_flush_by_age
D/wpa_supplicant( 1933): CTRL_IFACE monitor send - hexdump(len=39): 2f 64 61 74 61 2f 6d 69 73 63 2f 77 69 66 69 2f 73 6f 63 6b 65 74 73 2f 77 70 61 5f 63 74 72 6c ...
D/wpa_supplicant( 1933): p2p0: BSS: Remove id 3832 BSSID b8:55:10:71:23:08 SSID 'abbybook' due to wpa_bss_flush_by_age
D/wpa_supplicant( 1933): CTRL_IFACE monitor send - hexdump(len=39): 2f 64 61 74 61 2f 6d 69 73 63 2f 77 69 66 69 2f 73 6f 63 6b 65 74 73 2f 77 70 61 5f 63 74 72 6c ...
D/wpa_supplicant( 1933): p2p0: BSS: Remove id 3833 BSSID 64:09:80:4a:19:80 SSID '000-phone' due to wpa_bss_flush_by_age
D/wpa_supplicant( 1933): CTRL_IFACE monitor send - hexdump(len=39): 2f 64 61 74 61 2f 6d 69 73 63 2f 77 69 66 69 2f 73 6f 63 6b 65 74 73 2f 77 70 61 5f 63 74 72 6c ...
D/wpa_supplicant( 1933): p2p0: BSS: Remove id 3834 BSSID 8c:be:be:2a:2b:b7 SSID '\xe5\x88\x98\xe5\x9f\xb9\xe9\xbe\x99\xe5\xbe\x88\xe5\xb8\x85_5G' due to wpa_bss_flush_by_age
D/wpa_supplicant( 1933): CTRL_IFACE monitor send - hexdump(len=39): 2f 64 61 74 61 2f 6d 69 73 63 2f 77 69 66 69 2f 73 6f 63 6b 65 74 73 2f 77 70 61 5f 63 74 72 6c ...
D/wpa_supplicant( 1933): p2p0: BSS: Remove id 3835 BSSID 8c:be:be:40:00:67 SSID 'miui-sys-team' due to wpa_bss_flush_by_age
D/wpa_supplicant( 1933): CTRL_IFACE monitor send - hexdump(len=39): 2f 64 61 74 61 2f 6d 69 73 63 2f 77 69 66 69 2f 73 6f 63 6b 65 74 73 2f 77 70 61 5f 63 74 72 6c ...
D/wpa_supplicant( 1933): p2p0: BSS: Remove id 3836 BSSID 8c:be:be:44:73:42 SSID 'Frame_Privacy' due to wpa_bss_flush_by_age
D/wpa_supplicant( 1933): CTRL_IFACE monitor send - hexdump(len=39): 2f 64 61 74 61 2f 6d 69 73 63 2f 77 69 66 69 2f 73 6f 63 6b 65 74 73 2f 77 70 61 5f 63 74 72 6c ...
D/wpa_supplicant( 1933): p2p0: BSS: Remove id 3837 BSSID 94:b4:0f:a6:cf:00 SSID 'MIOffice' due to wpa_bss_flush_by_age
D/wpa_supplicant( 1933): CTRL_IFACE monitor send - hexdump(len=39): 2f 64 61 74 61 2f 6d 69 73 63 2f 77 69 66 69 2f 73 6f 63 6b 65 74 73 2f 77 70 61 5f 63 74 72 6c ...
D/wpa_supplicant( 1933): p2p0: BSS: Remove id 3838 BSSID 8c:be:be:44:73:43 SSID 'Frame_Privacy' due to wpa_bss_flush_by_age
D/wpa_supplicant( 1933): CTRL_IFACE monitor send - hexdump(len=39): 2f 64 61 74 61 2f 6d 69 73 63 2f 77 69 66 69 2f 73 6f 63 6b 65 74 73 2f 77 70 61 5f 63 74 72 6c ...
D/wpa_supplicant( 1933): p2p0: BSS: Remove id 3839 BSSID 8c:be:be:40:00:68 SSID 'miui-sys-team_5G' due to wpa_bss_flush_by_age
D/wpa_supplicant( 1933): CTRL_IFACE monitor send - hexdump(len=39): 2f 64 61 74 61 2f 6d 69 73 63 2f 77 69 66 69 2f 73 6f 63 6b 65 74 73 2f 77 70 61 5f 63 74 72 6c ...
D/wpa_supplicant( 1933): p2p0: BSS: Remove id 3840 BSSID 8c:be:be:10:06:23 SSID 'Xiaomi_0621_5G' due to wpa_bss_flush_by_age
D/wpa_supplicant( 1933): CTRL_IFACE monitor send - hexdump(len=39): 2f 64 61 74 61 2f 6d 69 73 63 2f 77 69 66 69 2f 73 6f 63 6b 65 74 73 2f 77 70 61 5f 63 74 72 6c ...
D/wpa_supplicant( 1933): p2p0: BSS: Remove id 3841 BSSID 8c:be:be:04:fe:90 SSID '00_jia' due to wpa_bss_flush_by_age
D/wpa_supplicant( 1933): CTRL_IFACE monitor send - hexdump(len=39): 2f 64 61 74 61 2f 6d 69 73 63 2f 77 69 66 69 2f 73 6f 63 6b 65 74 73 2f 77 70 61 5f 63 74 72 6c ...
D/wpa_supplicant( 1933): p2p0: BSS: Remove id 3842 BSSID 94:b4:0f:a6:cf:12 SSID 'MIOffice-5G' due to wpa_bss_flush_by_age
D/wpa_supplicant( 1933): CTRL_IFACE monitor send - hexdump(len=39): 2f 64 61 74 61 2f 6d 69 73 63 2f 77 69 66 69 2f 73 6f 63 6b 65 74 73 2f 77 70 61 5f 63 74 72 6c ...
D/wpa_supplicant( 1933): p2p0: BSS: Remove id 3843 BSSID 94:b4:0f:a6:cf:10 SSID 'MIOffice' due to wpa_bss_flush_by_age
D/wpa_supplicant( 1933): CTRL_IFACE monitor send - hexdump(len=39): 2f 64 61 74 61 2f 6d 69 73 63 2f 77 69 66 69 2f 73 6f 63 6b 65 74 73 2f 77 70 61 5f 63 74 72 6c ...
D/wpa_supplicant( 1933): p2p0: BSS: Remove id 3844 BSSID 10:48:b1:e8:0e:58 SSID 'DGD_5G' due to wpa_bss_flush_by_age
D/wpa_supplicant( 1933): CTRL_IFACE monitor send - hexdump(len=39): 2f 64 61 74 61 2f 6d 69 73 63 2f 77 69 66 69 2f 73 6f 63 6b 65 74 73 2f 77 70 61 5f 63 74 72 6c ...
D/wpa_supplicant( 1933): p2p0: BSS: Remove id 3845 BSSID 8c:be:be:2a:2c:a9 SSID '\xe7\x8c\xb4\xe5\x93\xa5\xe6\x9c\x89\xe5\xa6\x96\xe6\x80\xaa' due to wpa_bss_flush_by_age
D/wpa_supplicant( 1933): CTRL_IFACE monitor send - hexdump(len=39): 2f 64 61 74 61 2f 6d 69 73 63 2f 77 69 66 69 2f 73 6f 63 6b 65 74 73 2f 77 70 61 5f 63 74 72 6c ...
