--------- beginning of /dev/log/system
D/WifiController(  873): battery changed pluggedType: 2
W/ContextImpl( 2637): Calling a method in the system process without a qualified user: android.app.ContextImpl.startService:1521 android.content.ContextWrapper.startService:494 android.content.ContextWrapper.startService:494 com.android.settings.MiuiSettingsReceiver.onReceive:106 android.app.ActivityThread.handleReceiver:2412 
W/ContextImpl( 2637): Calling a method in the system process without a qualified user: android.app.ContextImpl.startService:1521 android.content.ContextWrapper.startService:494 android.content.ContextWrapper.startService:494 com.android.settings.MiuiSettingsReceiver.onReceive:106 android.app.ActivityThread.handleReceiver:2412 
W/ContextImpl( 2637): Calling a method in the system process without a qualified user: android.app.ContextImpl.startService:1521 android.content.ContextWrapper.startService:494 android.content.ContextWrapper.startService:494 com.android.settings.MiuiSettingsReceiver.onReceive:106 android.app.ActivityThread.handleReceiver:2412 
W/ContextImpl( 2637): Calling a method in the system process without a qualified user: android.app.ContextImpl.startService:1521 android.content.ContextWrapper.startService:494 android.content.ContextWrapper.startService:494 com.android.settings.MiuiSettingsReceiver.onReceive:106 android.app.ActivityThread.handleReceiver:2412 
D/WifiController(  873): battery changed pluggedType: 2
W/ContextImpl( 2637): Calling a method in the system process without a qualified user: android.app.ContextImpl.startService:1521 android.content.ContextWrapper.startService:494 android.content.ContextWrapper.startService:494 com.android.settings.MiuiSettingsReceiver.onReceive:106 android.app.ActivityThread.handleReceiver:2412 
W/ContextImpl( 2637): Calling a method in the system process without a qualified user: android.app.ContextImpl.startService:1521 android.content.ContextWrapper.startService:494 android.content.ContextWrapper.startService:494 com.android.settings.MiuiSettingsReceiver.onReceive:106 android.app.ActivityThread.handleReceiver:2412 
W/ContextImpl( 2637): Calling a method in the system process without a qualified user: android.app.ContextImpl.startService:1521 android.content.ContextWrapper.startService:494 android.content.ContextWrapper.startService:494 com.android.settings.MiuiSettingsReceiver.onReceive:106 android.app.ActivityThread.handleReceiver:2412 
W/ContextImpl( 2637): Calling a method in the system process without a qualified user: android.app.ContextImpl.startService:1521 android.content.ContextWrapper.startService:494 android.content.ContextWrapper.startService:494 com.android.settings.MiuiSettingsReceiver.onReceive:106 android.app.ActivityThread.handleReceiver:2412 
D/WifiController(  873): battery changed pluggedType: 2
W/ContextImpl( 2637): Calling a method in the system process without a qualified user: android.app.ContextImpl.startService:1521 android.content.ContextWrapper.startService:494 android.content.ContextWrapper.startService:494 com.android.settings.MiuiSettingsReceiver.onReceive:106 android.app.ActivityThread.handleReceiver:2412 
W/ContextImpl( 2637): Calling a method in the system process without a qualified user: android.app.ContextImpl.startService:1521 android.content.ContextWrapper.startService:494 android.content.ContextWrapper.startService:494 com.android.settings.MiuiSettingsReceiver.onReceive:106 android.app.ActivityThread.handleReceiver:2412 
W/ContextImpl( 2637): Calling a method in the system process without a qualified user: android.app.ContextImpl.startService:1521 android.content.ContextWrapper.startService:494 android.content.ContextWrapper.startService:494 com.android.settings.MiuiSettingsReceiver.onReceive:106 android.app.ActivityThread.handleReceiver:2412 
W/ContextImpl( 2637): Calling a method in the system process without a qualified user: android.app.ContextImpl.startService:1521 android.content.ContextWrapper.startService:494 android.content.ContextWrapper.startService:494 com.android.settings.MiuiSettingsReceiver.onReceive:106 android.app.ActivityThread.handleReceiver:2412 
D/WifiController(  873): battery changed pluggedType: 2
W/ContextImpl( 2637): Calling a method in the system process without a qualified user: android.app.ContextImpl.startService:1521 android.content.ContextWrapper.startService:494 android.content.ContextWrapper.startService:494 com.android.settings.MiuiSettingsReceiver.onReceive:106 android.app.ActivityThread.handleReceiver:2412 
W/ContextImpl( 2637): Calling a method in the system process without a qualified user: android.app.ContextImpl.startService:1521 android.content.ContextWrapper.startService:494 android.content.ContextWrapper.startService:494 com.android.settings.MiuiSettingsReceiver.onReceive:106 android.app.ActivityThread.handleReceiver:2412 
W/ContextImpl( 2637): Calling a method in the system process without a qualified user: android.app.ContextImpl.startService:1521 android.content.ContextWrapper.startService:494 android.content.ContextWrapper.startService:494 com.android.settings.MiuiSettingsReceiver.onReceive:106 android.app.ActivityThread.handleReceiver:2412 
W/ContextImpl( 2637): Calling a method in the system process without a qualified user: android.app.ContextImpl.startService:1521 android.content.ContextWrapper.startService:494 android.content.ContextWrapper.startService:494 com.android.settings.MiuiSettingsReceiver.onReceive:106 android.app.ActivityThread.handleReceiver:2412 
D/WifiController(  873): battery changed pluggedType: 2
W/ContextImpl( 2637): Calling a method in the system process without a qualified user: android.app.ContextImpl.startService:1521 android.content.ContextWrapper.startService:494 android.content.ContextWrapper.startService:494 com.android.settings.MiuiSettingsReceiver.onReceive:106 android.app.ActivityThread.handleReceiver:2412 
W/ContextImpl( 2637): Calling a method in the system process without a qualified user: android.app.ContextImpl.startService:1521 android.content.ContextWrapper.startService:494 android.content.ContextWrapper.startService:494 com.android.settings.MiuiSettingsReceiver.onReceive:106 android.app.ActivityThread.handleReceiver:2412 
W/ContextImpl( 2637): Calling a method in the system process without a qualified user: android.app.ContextImpl.startService:1521 android.content.ContextWrapper.startService:494 android.content.ContextWrapper.startService:494 com.android.settings.MiuiSettingsReceiver.onReceive:106 android.app.ActivityThread.handleReceiver:2412 
W/ContextImpl( 2637): Calling a method in the system process without a qualified user: android.app.ContextImpl.startService:1521 android.content.ContextWrapper.startService:494 android.content.ContextWrapper.startService:494 com.android.settings.MiuiSettingsReceiver.onReceive:106 android.app.ActivityThread.handleReceiver:2412 
D/WifiController(  873): battery changed pluggedType: 2
W/ContextImpl( 2637): Calling a method in the system process without a qualified user: android.app.ContextImpl.startService:1521 android.content.ContextWrapper.startService:494 android.content.ContextWrapper.startService:494 com.android.settings.MiuiSettingsReceiver.onReceive:106 android.app.ActivityThread.handleReceiver:2412 
W/ContextImpl( 2637): Calling a method in the system process without a qualified user: android.app.ContextImpl.startService:1521 android.content.ContextWrapper.startService:494 android.content.ContextWrapper.startService:494 com.android.settings.MiuiSettingsReceiver.onReceive:106 android.app.ActivityThread.handleReceiver:2412 
W/ContextImpl( 2637): Calling a method in the system process without a qualified user: android.app.ContextImpl.startService:1521 android.content.ContextWrapper.startService:494 android.content.ContextWrapper.startService:494 com.android.settings.MiuiSettingsReceiver.onReceive:106 android.app.ActivityThread.handleReceiver:2412 
W/ContextImpl( 2637): Calling a method in the system process without a qualified user: android.app.ContextImpl.startService:1521 android.content.ContextWrapper.startService:494 android.content.ContextWrapper.startService:494 com.android.settings.MiuiSettingsReceiver.onReceive:106 android.app.ActivityThread.handleReceiver:2412 
D/WifiController(  873): battery changed pluggedType: 2
W/ContextImpl( 2637): Calling a method in the system process without a qualified user: android.app.ContextImpl.startService:1521 android.content.ContextWrapper.startService:494 android.content.ContextWrapper.startService:494 com.android.settings.MiuiSettingsReceiver.onReceive:106 android.app.ActivityThread.handleReceiver:2412 
W/ContextImpl( 2637): Calling a method in the system process without a qualified user: android.app.ContextImpl.startService:1521 android.content.ContextWrapper.startService:494 android.content.ContextWrapper.startService:494 com.android.settings.MiuiSettingsReceiver.onReceive:106 android.app.ActivityThread.handleReceiver:2412 
W/ContextImpl( 2637): Calling a method in the system process without a qualified user: android.app.ContextImpl.startService:1521 android.content.ContextWrapper.startService:494 android.content.ContextWrapper.startService:494 com.android.settings.MiuiSettingsReceiver.onReceive:106 android.app.ActivityThread.handleReceiver:2412 
W/ContextImpl( 2637): Calling a method in the system process without a qualified user: android.app.ContextImpl.startService:1521 android.content.ContextWrapper.startService:494 android.content.ContextWrapper.startService:494 com.android.settings.MiuiSettingsReceiver.onReceive:106 android.app.ActivityThread.handleReceiver:2412 
D/WifiController(  873): battery changed pluggedType: 2
W/ContextImpl( 2637): Calling a method in the system process without a qualified user: android.app.ContextImpl.startService:1521 android.content.ContextWrapper.startService:494 android.content.ContextWrapper.startService:494 com.android.settings.MiuiSettingsReceiver.onReceive:106 android.app.ActivityThread.handleReceiver:2412 
W/ContextImpl( 2637): Calling a method in the system process without a qualified user: android.app.ContextImpl.startService:1521 android.content.ContextWrapper.startService:494 android.content.ContextWrapper.startService:494 com.android.settings.MiuiSettingsReceiver.onReceive:106 android.app.ActivityThread.handleReceiver:2412 
W/ContextImpl( 2637): Calling a method in the system process without a qualified user: android.app.ContextImpl.startService:1521 android.content.ContextWrapper.startService:494 android.content.ContextWrapper.startService:494 com.android.settings.MiuiSettingsReceiver.onReceive:106 android.app.ActivityThread.handleReceiver:2412 
W/ContextImpl( 2637): Calling a method in the system process without a qualified user: android.app.ContextImpl.startService:1521 android.content.ContextWrapper.startService:494 android.content.ContextWrapper.startService:494 com.android.settings.MiuiSettingsReceiver.onReceive:106 android.app.ActivityThread.handleReceiver:2412 
D/WifiController(  873): battery changed pluggedType: 2
W/ContextImpl( 2637): Calling a method in the system process without a qualified user: android.app.ContextImpl.startService:1521 android.content.ContextWrapper.startService:494 android.content.ContextWrapper.startService:494 com.android.settings.MiuiSettingsReceiver.onReceive:106 android.app.ActivityThread.handleReceiver:2412 
D/ConnectivityService(  873): Sampling interval elapsed, updating statistics ..
D/ConnectivityService(  873): Done.
D/ConnectivityService(  873): Setting timer for 720seconds
W/ContextImpl( 2669): Calling a method in the system process without a qualified user: android.app.ContextImpl.sendBroadcast:1165 android.content.ContextWrapper.sendBroadcast:365 com.miui.networkassistant.service.tm.TrafficManageService.broadCastDataUsageUpdated:831 com.miui.networkassistant.service.tm.TrafficManageService$8.onReceive:1064 android.app.LoadedApk$ReceiverDispatcher$Args.run:761 
W/ContextImpl( 2637): Calling a method in the system process without a qualified user: android.app.ContextImpl.startService:1521 android.content.ContextWrapper.startService:494 android.content.ContextWrapper.startService:494 com.android.settings.MiuiSettingsReceiver.onReceive:106 android.app.ActivityThread.handleReceiver:2412 
W/ContextImpl( 2637): Calling a method in the system process without a qualified user: android.app.ContextImpl.startService:1521 android.content.ContextWrapper.startService:494 android.content.ContextWrapper.startService:494 com.android.settings.MiuiSettingsReceiver.onReceive:106 android.app.ActivityThread.handleReceiver:2412 
W/ContextImpl( 2637): Calling a method in the system process without a qualified user: android.app.ContextImpl.startService:1521 android.content.ContextWrapper.startService:494 android.content.ContextWrapper.startService:494 com.android.settings.MiuiSettingsReceiver.onReceive:106 android.app.ActivityThread.handleReceiver:2412 
D/WifiController(  873): battery changed pluggedType: 2
W/ContextImpl( 2637): Calling a method in the system process without a qualified user: android.app.ContextImpl.startService:1521 android.content.ContextWrapper.startService:494 android.content.ContextWrapper.startService:494 com.android.settings.MiuiSettingsReceiver.onReceive:106 android.app.ActivityThread.handleReceiver:2412 
W/ContextImpl( 2637): Calling a method in the system process without a qualified user: android.app.ContextImpl.startService:1521 android.content.ContextWrapper.startService:494 android.content.ContextWrapper.startService:494 com.android.settings.MiuiSettingsReceiver.onReceive:106 android.app.ActivityThread.handleReceiver:2412 
W/ContextImpl( 2637): Calling a method in the system process without a qualified user: android.app.ContextImpl.startService:1521 android.content.ContextWrapper.startService:494 android.content.ContextWrapper.startService:494 com.android.settings.MiuiSettingsReceiver.onReceive:106 android.app.ActivityThread.handleReceiver:2412 
W/ContextImpl( 2637): Calling a method in the system process without a qualified user: android.app.ContextImpl.startService:1521 android.content.ContextWrapper.startService:494 android.content.ContextWrapper.startService:494 com.android.settings.MiuiSettingsReceiver.onReceive:106 android.app.ActivityThread.handleReceiver:2412 
D/WifiController(  873): battery changed pluggedType: 2
W/ContextImpl( 2637): Calling a method in the system process without a qualified user: android.app.ContextImpl.startService:1521 android.content.ContextWrapper.startService:494 android.content.ContextWrapper.startService:494 com.android.settings.MiuiSettingsReceiver.onReceive:106 android.app.ActivityThread.handleReceiver:2412 
W/ContextImpl( 2637): Calling a method in the system process without a qualified user: android.app.ContextImpl.startService:1521 android.content.ContextWrapper.startService:494 android.content.ContextWrapper.startService:494 com.android.settings.MiuiSettingsReceiver.onReceive:106 android.app.ActivityThread.handleReceiver:2412 
W/ContextImpl( 2637): Calling a method in the system process without a qualified user: android.app.ContextImpl.startService:1521 android.content.ContextWrapper.startService:494 android.content.ContextWrapper.startService:494 com.android.settings.MiuiSettingsReceiver.onReceive:106 android.app.ActivityThread.handleReceiver:2412 
W/ContextImpl( 2637): Calling a method in the system process without a qualified user: android.app.ContextImpl.startService:1521 android.content.ContextWrapper.startService:494 android.content.ContextWrapper.startService:494 com.android.settings.MiuiSettingsReceiver.onReceive:106 android.app.ActivityThread.handleReceiver:2412 
D/WifiController(  873): battery changed pluggedType: 2
W/ContextImpl( 2637): Calling a method in the system process without a qualified user: android.app.ContextImpl.startService:1521 android.content.ContextWrapper.startService:494 android.content.ContextWrapper.startService:494 com.android.settings.MiuiSettingsReceiver.onReceive:106 android.app.ActivityThread.handleReceiver:2412 
W/ContextImpl( 2637): Calling a method in the system process without a qualified user: android.app.ContextImpl.startService:1521 android.content.ContextWrapper.startService:494 android.content.ContextWrapper.startService:494 com.android.settings.MiuiSettingsReceiver.onReceive:106 android.app.ActivityThread.handleReceiver:2412 
W/ContextImpl(  873): Calling a method in the system process without a qualified user: android.app.ContextImpl.sendBroadcast:1165 com.android.internal.policy.impl.BaseMiuiPhoneWindowManager$14.run:1590 android.os.Handler.handleCallback:733 android.os.Handler.dispatchMessage:95 android.os.Looper.loop:136 
W/ContextImpl(  873): Calling a method in the system process without a qualified user: android.app.ContextImpl.sendBroadcast:1165 com.android.internal.policy.impl.BaseMiuiPhoneWindowManager$14.run:1590 android.os.Handler.handleCallback:733 android.os.Handler.dispatchMessage:95 android.os.Looper.loop:136 
I/PowerManagerService(  873): Waking up from sleep...
W/ContextImpl(  873): Calling a method in the system process without a qualified user: android.app.ContextImpl.sendBroadcast:1165 com.android.internal.policy.impl.BaseMiuiPhoneWindowManager$14.run:1590 android.os.Handler.handleCallback:733 android.os.Handler.dispatchMessage:95 android.os.Looper.loop:136 
W/ContextImpl( 1919): Calling a method in the system process without a qualified user: android.app.ContextImpl.bindService:1585 android.content.ContextWrapper.bindService:517 com.xiaomi.mistatistic.sdk.controller.LocalEventRecorder.a:-1 com.xiaomi.mistatistic.sdk.controller.LocalEventRecorder.b:-1 com.xiaomi.mistatistic.sdk.controller.LocalEventRecorder.a:-1 
W/ContextImpl(  873): Calling a method in the system process without a qualified user: android.app.ContextImpl.sendBroadcast:1165 com.android.internal.policy.impl.BaseMiuiPhoneWindowManager$14.run:1590 android.os.Handler.handleCallback:733 android.os.Handler.dispatchMessage:95 android.os.Looper.loop:136 
V/LocationPolicy(  873): Screen state changed
D/DisplayPowerController(  873): Blocked screen on. RealTime:9377475
W/ContextImpl( 2478): Calling a method in the system process without a qualified user: android.app.ContextImpl.sendBroadcast:1165 android.content.ContextWrapper.sendBroadcast:365 com.miui.powercenter.provider.PowerSaveService.jr:198 com.miui.powercenter.provider.PowerSaveService.c:22 com.miui.powercenter.provider.u.onReceive:43 
D/DisplayPowerState(  873): Screen ready, Screen On:true, Brightness:0ElectronBeamLevel:0.0
I/WindowManager(  873): Lock screen displayed!
D/DisplayPowerController(  873): Unblocked screen on after 246 ms
D/DisplayPowerState(  873): Screen ready, Screen On:true, Brightness:35ElectronBeamLevel:1.0
W/ContextImpl( 1919): Calling a method in the system process without a qualified user: android.app.ContextImpl.sendBroadcast:1165 android.content.ContextWrapper.sendBroadcast:365 android.content.ContextWrapper.sendBroadcast:365 com.android.keyguard.MiuiDefaultLockScreen.sendUserPresentBroadcast:927 com.android.keyguard.MiuiDefaultLockScreen.handleMoveUpEvent:919 
I/ActivityManager(  873): Start proc com.mfashiongallery.emag for content provider com.mfashiongallery.emag/.LockscreenMagazineProvider: pid=5524 uid=10083 gids={50083, 1028, 1015, 3003}
W/BroadcastQueue(  873): Unable to launch app com.android.fileexplorer/10042 for broadcast Intent { act=android.intent.action.USER_PRESENT flg=0x24000010 }: process is bad
W/miui.security.WakePathChecker(  873): MIUILOG-WAKEPATH matchWakePathRule: ruleInfos == null
E/ActivityThread( 4389): Failed to find provider info for com.xiaomi.ad.LockScreenAdProvider
I/ActivityManager(  873): Killing 5271:com.miui.bugreport:remote/1000 (adj 15): empty for 5785s
V/UidProcStateHelper(  873): process died:[5271,1000]
W/InputMethodManagerService(  873): Window already focused, ignoring focus gain of: com.android.internal.view.IInputMethodClient$Stub$Proxy@438ca320 attribute=android.view.inputmethod.EditorInfo@4361d0f8, token = android.os.BinderProxy@44052bd0
W/ContextImpl(  873): Calling a method in the system process without a qualified user: android.app.ContextImpl.sendBroadcast:1165 com.android.internal.policy.impl.BaseMiuiPhoneWindowManager$14.run:1590 android.os.Handler.handleCallback:733 android.os.Handler.dispatchMessage:95 android.os.Looper.loop:136 
W/ContextImpl(  873): Calling a method in the system process without a qualified user: android.app.ContextImpl.sendBroadcast:1165 com.android.internal.policy.impl.BaseMiuiPhoneWindowManager$14.run:1590 android.os.Handler.handleCallback:733 android.os.Handler.dispatchMessage:95 android.os.Looper.loop:136 
W/ContextImpl(  873): Calling a method in the system process without a qualified user: android.app.ContextImpl.sendBroadcast:1165 com.android.internal.policy.impl.BaseMiuiPhoneWindowManager$14.run:1590 android.os.Handler.handleCallback:733 android.os.Handler.dispatchMessage:95 android.os.Looper.loop:136 
I/PowerManagerService(  873): Going to sleep by user request...
W/ContextImpl(  873): Calling a method in the system process without a qualified user: android.app.ContextImpl.sendBroadcast:1165 com.android.internal.policy.impl.BaseMiuiPhoneWindowManager$14.run:1590 android.os.Handler.handleCallback:733 android.os.Handler.dispatchMessage:95 android.os.Looper.loop:136 
D/DisplayPowerState(  873): Screen ready, Screen On:true, Brightness:0ElectronBeamLevel:0.0
D/DisplayPowerState(  873): Screen ready, Screen On:false, Brightness:0ElectronBeamLevel:0.0
V/IdleController(  873): Scheduling idle : android.intent.action.SCREEN_OFF now:9382224 when=13642224
V/LocationPolicy(  873): Screen state changed
W/ContextImpl( 1919): Calling a method in the system process without a qualified user: android.app.ContextImpl.bindService:1585 android.content.ContextWrapper.bindService:517 android.content.ContextWrapper.bindService:517 miui.maml.elements.MusicController.registerListener:72 miui.maml.elements.MusicControlScreenElement.init:687 
W/ContextImpl( 2637): Calling a method in the system process without a qualified user: android.app.ContextImpl.startService:1521 android.content.ContextWrapper.startService:494 android.content.ContextWrapper.startService:494 com.android.settings.MiuiSettingsReceiver.onReceive:106 android.app.ActivityThread.handleReceiver:2412 
W/ContextImpl( 2637): Calling a method in the system process without a qualified user: android.app.ContextImpl.startService:1521 android.content.ContextWrapper.startService:494 android.content.ContextWrapper.startService:494 com.android.settings.MiuiSettingsReceiver.onReceive:106 android.app.ActivityThread.handleReceiver:2412 
D/WifiController(  873): battery changed pluggedType: 2
W/ContextImpl( 2637): Calling a method in the system process without a qualified user: android.app.ContextImpl.startService:1521 android.content.ContextWrapper.startService:494 android.content.ContextWrapper.startService:494 com.android.settings.MiuiSettingsReceiver.onReceive:106 android.app.ActivityThread.handleReceiver:2412 
W/ContextImpl( 2637): Calling a method in the system process without a qualified user: android.app.ContextImpl.startService:1521 android.content.ContextWrapper.startService:494 android.content.ContextWrapper.startService:494 com.android.settings.MiuiSettingsReceiver.onReceive:106 android.app.ActivityThread.handleReceiver:2412 
W/ContextImpl( 2637): Calling a method in the system process without a qualified user: android.app.ContextImpl.startService:1521 android.content.ContextWrapper.startService:494 android.content.ContextWrapper.startService:494 com.android.settings.MiuiSettingsReceiver.onReceive:106 android.app.ActivityThread.handleReceiver:2412 
W/ContextImpl( 2637): Calling a method in the system process without a qualified user: android.app.ContextImpl.startService:1521 android.content.ContextWrapper.startService:494 android.content.ContextWrapper.startService:494 com.android.settings.MiuiSettingsReceiver.onReceive:106 android.app.ActivityThread.handleReceiver:2412 
D/WifiController(  873): battery changed pluggedType: 2
W/ContextImpl( 2637): Calling a method in the system process without a qualified user: android.app.ContextImpl.startService:1521 android.content.ContextWrapper.startService:494 android.content.ContextWrapper.startService:494 com.android.settings.MiuiSettingsReceiver.onReceive:106 android.app.ActivityThread.handleReceiver:2412 
W/ContextImpl( 2637): Calling a method in the system process without a qualified user: android.app.ContextImpl.startService:1521 android.content.ContextWrapper.startService:494 android.content.ContextWrapper.startService:494 com.android.settings.MiuiSettingsReceiver.onReceive:106 android.app.ActivityThread.handleReceiver:2412 
W/ContextImpl( 2637): Calling a method in the system process without a qualified user: android.app.ContextImpl.startService:1521 android.content.ContextWrapper.startService:494 android.content.ContextWrapper.startService:494 com.android.settings.MiuiSettingsReceiver.onReceive:106 android.app.ActivityThread.handleReceiver:2412 
W/ContextImpl( 2637): Calling a method in the system process without a qualified user: android.app.ContextImpl.startService:1521 android.content.ContextWrapper.startService:494 android.content.ContextWrapper.startService:494 com.android.settings.MiuiSettingsReceiver.onReceive:106 android.app.ActivityThread.handleReceiver:2412 
D/WifiController(  873): battery changed pluggedType: 2
W/ContextImpl( 2637): Calling a method in the system process without a qualified user: android.app.ContextImpl.startService:1521 android.content.ContextWrapper.startService:494 android.content.ContextWrapper.startService:494 com.android.settings.MiuiSettingsReceiver.onReceive:106 android.app.ActivityThread.handleReceiver:2412 
W/ContextImpl( 2637): Calling a method in the system process without a qualified user: android.app.ContextImpl.startService:1521 android.content.ContextWrapper.startService:494 android.content.ContextWrapper.startService:494 com.android.settings.MiuiSettingsReceiver.onReceive:106 android.app.ActivityThread.handleReceiver:2412 
W/ContextImpl( 2637): Calling a method in the system process without a qualified user: android.app.ContextImpl.startService:1521 android.content.ContextWrapper.startService:494 android.content.ContextWrapper.startService:494 com.android.settings.MiuiSettingsReceiver.onReceive:106 android.app.ActivityThread.handleReceiver:2412 
W/ContextImpl( 2637): Calling a method in the system process without a qualified user: android.app.ContextImpl.startService:1521 android.content.ContextWrapper.startService:494 android.content.ContextWrapper.startService:494 com.android.settings.MiuiSettingsReceiver.onReceive:106 android.app.ActivityThread.handleReceiver:2412 
D/WifiController(  873): battery changed pluggedType: 2
W/ContextImpl( 2637): Calling a method in the system process without a qualified user: android.app.ContextImpl.startService:1521 android.content.ContextWrapper.startService:494 android.content.ContextWrapper.startService:494 com.android.settings.MiuiSettingsReceiver.onReceive:106 android.app.ActivityThread.handleReceiver:2412 
W/ContextImpl( 2637): Calling a method in the system process without a qualified user: android.app.ContextImpl.startService:1521 android.content.ContextWrapper.startService:494 android.content.ContextWrapper.startService:494 com.android.settings.MiuiSettingsReceiver.onReceive:106 android.app.ActivityThread.handleReceiver:2412 
W/ContextImpl( 2637): Calling a method in the system process without a qualified user: android.app.ContextImpl.startService:1521 android.content.ContextWrapper.startService:494 android.content.ContextWrapper.startService:494 com.android.settings.MiuiSettingsReceiver.onReceive:106 android.app.ActivityThread.handleReceiver:2412 
W/ContextImpl( 2637): Calling a method in the system process without a qualified user: android.app.ContextImpl.startService:1521 android.content.ContextWrapper.startService:494 android.content.ContextWrapper.startService:494 com.android.settings.MiuiSettingsReceiver.onReceive:106 android.app.ActivityThread.handleReceiver:2412 
W/ContextImpl( 2637): Calling a method in the system process without a qualified user: android.app.ContextImpl.startService:1521 android.content.ContextWrapper.startService:494 android.content.ContextWrapper.startService:494 com.android.settings.MiuiSettingsReceiver.onReceive:106 android.app.ActivityThread.handleReceiver:2412 
W/ContextImpl( 2637): Calling a method in the system process without a qualified user: android.app.ContextImpl.startService:1521 android.content.ContextWrapper.startService:494 android.content.ContextWrapper.startService:494 com.android.settings.MiuiSettingsReceiver.onReceive:106 android.app.ActivityThread.handleReceiver:2412 
W/ContextImpl( 2637): Calling a method in the system process without a qualified user: android.app.ContextImpl.startService:1521 android.content.ContextWrapper.startService:494 android.content.ContextWrapper.startService:494 com.android.settings.MiuiSettingsReceiver.onReceive:106 android.app.ActivityThread.handleReceiver:2412 
W/ContextImpl( 2637): Calling a method in the system process without a qualified user: android.app.ContextImpl.startService:1521 android.content.ContextWrapper.startService:494 android.content.ContextWrapper.startService:494 com.android.settings.MiuiSettingsReceiver.onReceive:106 android.app.ActivityThread.handleReceiver:2412 
D/WifiController(  873): battery changed pluggedType: 2
W/ContextImpl( 2637): Calling a method in the system process without a qualified user: android.app.ContextImpl.startService:1521 android.content.ContextWrapper.startService:494 android.content.ContextWrapper.startService:494 com.android.settings.MiuiSettingsReceiver.onReceive:106 android.app.ActivityThread.handleReceiver:2412 
W/ContextImpl( 2637): Calling a method in the system process without a qualified user: android.app.ContextImpl.startService:1521 android.content.ContextWrapper.startService:494 android.content.ContextWrapper.startService:494 com.android.settings.MiuiSettingsReceiver.onReceive:106 android.app.ActivityThread.handleReceiver:2412 
W/ContextImpl( 2637): Calling a method in the system process without a qualified user: android.app.ContextImpl.startService:1521 android.content.ContextWrapper.startService:494 android.content.ContextWrapper.startService:494 com.android.settings.MiuiSettingsReceiver.onReceive:106 android.app.ActivityThread.handleReceiver:2412 
W/ContextImpl( 2637): Calling a method in the system process without a qualified user: android.app.ContextImpl.startService:1521 android.content.ContextWrapper.startService:494 android.content.ContextWrapper.startService:494 com.android.settings.MiuiSettingsReceiver.onReceive:106 android.app.ActivityThread.handleReceiver:2412 
D/WifiController(  873): battery changed pluggedType: 2
W/ContextImpl( 2637): Calling a method in the system process without a qualified user: android.app.ContextImpl.startService:1521 android.content.ContextWrapper.startService:494 android.content.ContextWrapper.startService:494 com.android.settings.MiuiSettingsReceiver.onReceive:106 android.app.ActivityThread.handleReceiver:2412 
W/ContextImpl( 2637): Calling a method in the system process without a qualified user: android.app.ContextImpl.startService:1521 android.content.ContextWrapper.startService:494 android.content.ContextWrapper.startService:494 com.android.settings.MiuiSettingsReceiver.onReceive:106 android.app.ActivityThread.handleReceiver:2412 
W/ContextImpl( 2637): Calling a method in the system process without a qualified user: android.app.ContextImpl.startService:1521 android.content.ContextWrapper.startService:494 android.content.ContextWrapper.startService:494 com.android.settings.MiuiSettingsReceiver.onReceive:106 android.app.ActivityThread.handleReceiver:2412 
W/ContextImpl( 2637): Calling a method in the system process without a qualified user: android.app.ContextImpl.startService:1521 android.content.ContextWrapper.startService:494 android.content.ContextWrapper.startService:494 com.android.settings.MiuiSettingsReceiver.onReceive:106 android.app.ActivityThread.handleReceiver:2412 
W/ContextImpl( 2637): Calling a method in the system process without a qualified user: android.app.ContextImpl.startService:1521 android.content.ContextWrapper.startService:494 android.content.ContextWrapper.startService:494 com.android.settings.MiuiSettingsReceiver.onReceive:106 android.app.ActivityThread.handleReceiver:2412 
W/ContextImpl( 2637): Calling a method in the system process without a qualified user: android.app.ContextImpl.startService:1521 android.content.ContextWrapper.startService:494 android.content.ContextWrapper.startService:494 com.android.settings.MiuiSettingsReceiver.onReceive:106 android.app.ActivityThread.handleReceiver:2412 
W/ContextImpl( 2637): Calling a method in the system process without a qualified user: android.app.ContextImpl.startService:1521 android.content.ContextWrapper.startService:494 android.content.ContextWrapper.startService:494 com.android.settings.MiuiSettingsReceiver.onReceive:106 android.app.ActivityThread.handleReceiver:2412 
W/ContextImpl( 2637): Calling a method in the system process without a qualified user: android.app.ContextImpl.startService:1521 android.content.ContextWrapper.startService:494 android.content.ContextWrapper.startService:494 com.android.settings.MiuiSettingsReceiver.onReceive:106 android.app.ActivityThread.handleReceiver:2412 
D/WifiController(  873): battery changed pluggedType: 2
D/ConnectivityService(  873): Sampling interval elapsed, updating statistics ..
D/ConnectivityService(  873): Done.
D/ConnectivityService(  873): Setting timer for 720seconds
W/ContextImpl( 2637): Calling a method in the system process without a qualified user: android.app.ContextImpl.startService:1521 android.content.ContextWrapper.startService:494 android.content.ContextWrapper.startService:494 com.android.settings.MiuiSettingsReceiver.onReceive:106 android.app.ActivityThread.handleReceiver:2412 
W/ContextImpl( 2637): Calling a method in the system process without a qualified user: android.app.ContextImpl.startService:1521 android.content.ContextWrapper.startService:494 android.content.ContextWrapper.startService:494 com.android.settings.MiuiSettingsReceiver.onReceive:106 android.app.ActivityThread.handleReceiver:2412 
W/ContextImpl( 2637): Calling a method in the system process without a qualified user: android.app.ContextImpl.startService:1521 android.content.ContextWrapper.startService:494 android.content.ContextWrapper.startService:494 com.android.settings.MiuiSettingsReceiver.onReceive:106 android.app.ActivityThread.handleReceiver:2412 
W/ContextImpl( 2637): Calling a method in the system process without a qualified user: android.app.ContextImpl.startService:1521 android.content.ContextWrapper.startService:494 android.content.ContextWrapper.startService:494 com.android.settings.MiuiSettingsReceiver.onReceive:106 android.app.ActivityThread.handleReceiver:2412 
D/WifiController(  873): battery changed pluggedType: 2
W/ContextImpl( 2637): Calling a method in the system process without a qualified user: android.app.ContextImpl.startService:1521 android.content.ContextWrapper.startService:494 android.content.ContextWrapper.startService:494 com.android.settings.MiuiSettingsReceiver.onReceive:106 android.app.ActivityThread.handleReceiver:2412 
W/ContextImpl( 2637): Calling a method in the system process without a qualified user: android.app.ContextImpl.startService:1521 android.content.ContextWrapper.startService:494 android.content.ContextWrapper.startService:494 com.android.settings.MiuiSettingsReceiver.onReceive:106 android.app.ActivityThread.handleReceiver:2412 
W/ContextImpl( 2637): Calling a method in the system process without a qualified user: android.app.ContextImpl.startService:1521 android.content.ContextWrapper.startService:494 android.content.ContextWrapper.startService:494 com.android.settings.MiuiSettingsReceiver.onReceive:106 android.app.ActivityThread.handleReceiver:2412 
W/ContextImpl( 2637): Calling a method in the system process without a qualified user: android.app.ContextImpl.startService:1521 android.content.ContextWrapper.startService:494 android.content.ContextWrapper.startService:494 com.android.settings.MiuiSettingsReceiver.onReceive:106 android.app.ActivityThread.handleReceiver:2412 
D/WifiController(  873): battery changed pluggedType: 2
W/ContextImpl( 2637): Calling a method in the system process without a qualified user: android.app.ContextImpl.startService:1521 android.content.ContextWrapper.startService:494 android.content.ContextWrapper.startService:494 com.android.settings.MiuiSettingsReceiver.onReceive:106 android.app.ActivityThread.handleReceiver:2412 
W/ContextImpl( 2637): Calling a method in the system process without a qualified user: android.app.ContextImpl.startService:1521 android.content.ContextWrapper.startService:494 android.content.ContextWrapper.startService:494 com.android.settings.MiuiSettingsReceiver.onReceive:106 android.app.ActivityThread.handleReceiver:2412 
W/ContextImpl( 2637): Calling a method in the system process without a qualified user: android.app.ContextImpl.startService:1521 android.content.ContextWrapper.startService:494 android.content.ContextWrapper.startService:494 com.android.settings.MiuiSettingsReceiver.onReceive:106 android.app.ActivityThread.handleReceiver:2412 
W/ContextImpl( 2637): Calling a method in the system process without a qualified user: android.app.ContextImpl.startService:1521 android.content.ContextWrapper.startService:494 android.content.ContextWrapper.startService:494 com.android.settings.MiuiSettingsReceiver.onReceive:106 android.app.ActivityThread.handleReceiver:2412 
D/WifiController(  873): battery changed pluggedType: 2
W/ContextImpl( 2637): Calling a method in the system process without a qualified user: android.app.ContextImpl.startService:1521 android.content.ContextWrapper.startService:494 android.content.ContextWrapper.startService:494 com.android.settings.MiuiSettingsReceiver.onReceive:106 android.app.ActivityThread.handleReceiver:2412 
W/ContextImpl( 2637): Calling a method in the system process without a qualified user: android.app.ContextImpl.startService:1521 android.content.ContextWrapper.startService:494 android.content.ContextWrapper.startService:494 com.android.settings.MiuiSettingsReceiver.onReceive:106 android.app.ActivityThread.handleReceiver:2412 
W/ContextImpl( 2637): Calling a method in the system process without a qualified user: android.app.ContextImpl.startService:1521 android.content.ContextWrapper.startService:494 android.content.ContextWrapper.startService:494 com.android.settings.MiuiSettingsReceiver.onReceive:106 android.app.ActivityThread.handleReceiver:2412 
W/ContextImpl( 2637): Calling a method in the system process without a qualified user: android.app.ContextImpl.startService:1521 android.content.ContextWrapper.startService:494 android.content.ContextWrapper.startService:494 com.android.settings.MiuiSettingsReceiver.onReceive:106 android.app.ActivityThread.handleReceiver:2412 
D/WifiController(  873): battery changed pluggedType: 2
W/ContextImpl( 2637): Calling a method in the system process without a qualified user: android.app.ContextImpl.startService:1521 android.content.ContextWrapper.startService:494 android.content.ContextWrapper.startService:494 com.android.settings.MiuiSettingsReceiver.onReceive:106 android.app.ActivityThread.handleReceiver:2412 
W/ContextImpl( 2637): Calling a method in the system process without a qualified user: android.app.ContextImpl.startService:1521 android.content.ContextWrapper.startService:494 android.content.ContextWrapper.startService:494 com.android.settings.MiuiSettingsReceiver.onReceive:106 android.app.ActivityThread.handleReceiver:2412 
W/ContextImpl( 2637): Calling a method in the system process without a qualified user: android.app.ContextImpl.startService:1521 android.content.ContextWrapper.startService:494 android.content.ContextWrapper.startService:494 com.android.settings.MiuiSettingsReceiver.onReceive:106 android.app.ActivityThread.handleReceiver:2412 
W/ContextImpl( 2637): Calling a method in the system process without a qualified user: android.app.ContextImpl.startService:1521 android.content.ContextWrapper.startService:494 android.content.ContextWrapper.startService:494 com.android.settings.MiuiSettingsReceiver.onReceive:106 android.app.ActivityThread.handleReceiver:2412 
I/ProcessStatsService(  873): Prepared write state in 18ms
D/WifiController(  873): battery changed pluggedType: 2
W/ContextImpl( 2637): Calling a method in the system process without a qualified user: android.app.ContextImpl.startService:1521 android.content.ContextWrapper.startService:494 android.content.ContextWrapper.startService:494 com.android.settings.MiuiSettingsReceiver.onReceive:106 android.app.ActivityThread.handleReceiver:2412 
W/ContextImpl( 2637): Calling a method in the system process without a qualified user: android.app.ContextImpl.startService:1521 android.content.ContextWrapper.startService:494 android.content.ContextWrapper.startService:494 com.android.settings.MiuiSettingsReceiver.onReceive:106 android.app.ActivityThread.handleReceiver:2412 
W/ContextImpl( 2637): Calling a method in the system process without a qualified user: android.app.ContextImpl.startService:1521 android.content.ContextWrapper.startService:494 android.content.ContextWrapper.startService:494 com.android.settings.MiuiSettingsReceiver.onReceive:106 android.app.ActivityThread.handleReceiver:2412 
W/ContextImpl( 2637): Calling a method in the system process without a qualified user: android.app.ContextImpl.startService:1521 android.content.ContextWrapper.startService:494 android.content.ContextWrapper.startService:494 com.android.settings.MiuiSettingsReceiver.onReceive:106 android.app.ActivityThread.handleReceiver:2412 
D/WifiController(  873): battery changed pluggedType: 2
W/ContextImpl( 2637): Calling a method in the system process without a qualified user: android.app.ContextImpl.startService:1521 android.content.ContextWrapper.startService:494 android.content.ContextWrapper.startService:494 com.android.settings.MiuiSettingsReceiver.onReceive:106 android.app.ActivityThread.handleReceiver:2412 
W/ContextImpl( 2637): Calling a method in the system process without a qualified user: android.app.ContextImpl.startService:1521 android.content.ContextWrapper.startService:494 android.content.ContextWrapper.startService:494 com.android.settings.MiuiSettingsReceiver.onReceive:106 android.app.ActivityThread.handleReceiver:2412 
W/ContextImpl( 2637): Calling a method in the system process without a qualified user: android.app.ContextImpl.startService:1521 android.content.ContextWrapper.startService:494 android.content.ContextWrapper.startService:494 com.android.settings.MiuiSettingsReceiver.onReceive:106 android.app.ActivityThread.handleReceiver:2412 
W/ContextImpl( 2637): Calling a method in the system process without a qualified user: android.app.ContextImpl.startService:1521 android.content.ContextWrapper.startService:494 android.content.ContextWrapper.startService:494 com.android.settings.MiuiSettingsReceiver.onReceive:106 android.app.ActivityThread.handleReceiver:2412 
D/WifiController(  873): battery changed pluggedType: 2
W/ContextImpl( 2637): Calling a method in the system process without a qualified user: android.app.ContextImpl.startService:1521 android.content.ContextWrapper.startService:494 android.content.ContextWrapper.startService:494 com.android.settings.MiuiSettingsReceiver.onReceive:106 android.app.ActivityThread.handleReceiver:2412 
W/ContextImpl( 2637): Calling a method in the system process without a qualified user: android.app.ContextImpl.startService:1521 android.content.ContextWrapper.startService:494 android.content.ContextWrapper.startService:494 com.android.settings.MiuiSettingsReceiver.onReceive:106 android.app.ActivityThread.handleReceiver:2412 
W/ContextImpl( 2637): Calling a method in the system process without a qualified user: android.app.ContextImpl.startService:1521 android.content.ContextWrapper.startService:494 android.content.ContextWrapper.startService:494 com.android.settings.MiuiSettingsReceiver.onReceive:106 android.app.ActivityThread.handleReceiver:2412 
W/ContextImpl( 2637): Calling a method in the system process without a qualified user: android.app.ContextImpl.startService:1521 android.content.ContextWrapper.startService:494 android.content.ContextWrapper.startService:494 com.android.settings.MiuiSettingsReceiver.onReceive:106 android.app.ActivityThread.handleReceiver:2412 
D/WifiController(  873): battery changed pluggedType: 2
W/ContextImpl( 2637): Calling a method in the system process without a qualified user: android.app.ContextImpl.startService:1521 android.content.ContextWrapper.startService:494 android.content.ContextWrapper.startService:494 com.android.settings.MiuiSettingsReceiver.onReceive:106 android.app.ActivityThread.handleReceiver:2412 
W/ContextImpl( 2637): Calling a method in the system process without a qualified user: android.app.ContextImpl.startService:1521 android.content.ContextWrapper.startService:494 android.content.ContextWrapper.startService:494 com.android.settings.MiuiSettingsReceiver.onReceive:106 android.app.ActivityThread.handleReceiver:2412 
W/ContextImpl( 2637): Calling a method in the system process without a qualified user: android.app.ContextImpl.startService:1521 android.content.ContextWrapper.startService:494 android.content.ContextWrapper.startService:494 com.android.settings.MiuiSettingsReceiver.onReceive:106 android.app.ActivityThread.handleReceiver:2412 
W/ContextImpl( 2637): Calling a method in the system process without a qualified user: android.app.ContextImpl.startService:1521 android.content.ContextWrapper.startService:494 android.content.ContextWrapper.startService:494 com.android.settings.MiuiSettingsReceiver.onReceive:106 android.app.ActivityThread.handleReceiver:2412 
D/WifiController(  873): battery changed pluggedType: 2
W/ContextImpl( 2637): Calling a method in the system process without a qualified user: android.app.ContextImpl.startService:1521 android.content.ContextWrapper.startService:494 android.content.ContextWrapper.startService:494 com.android.settings.MiuiSettingsReceiver.onReceive:106 android.app.ActivityThread.handleReceiver:2412 
W/ContextImpl( 2637): Calling a method in the system process without a qualified user: android.app.ContextImpl.startService:1521 android.content.ContextWrapper.startService:494 android.content.ContextWrapper.startService:494 com.android.settings.MiuiSettingsReceiver.onReceive:106 android.app.ActivityThread.handleReceiver:2412 
W/ContextImpl( 2637): Calling a method in the system process without a qualified user: android.app.ContextImpl.startService:1521 android.content.ContextWrapper.startService:494 android.content.ContextWrapper.startService:494 com.android.settings.MiuiSettingsReceiver.onReceive:106 android.app.ActivityThread.handleReceiver:2412 
W/ContextImpl( 2637): Calling a method in the system process without a qualified user: android.app.ContextImpl.startService:1521 android.content.ContextWrapper.startService:494 android.content.ContextWrapper.startService:494 com.android.settings.MiuiSettingsReceiver.onReceive:106 android.app.ActivityThread.handleReceiver:2412 
D/WifiController(  873): battery changed pluggedType: 2
W/ContextImpl( 2637): Calling a method in the system process without a qualified user: android.app.ContextImpl.startService:1521 android.content.ContextWrapper.startService:494 android.content.ContextWrapper.startService:494 com.android.settings.MiuiSettingsReceiver.onReceive:106 android.app.ActivityThread.handleReceiver:2412 
W/ContextImpl( 2637): Calling a method in the system process without a qualified user: android.app.ContextImpl.startService:1521 android.content.ContextWrapper.startService:494 android.content.ContextWrapper.startService:494 com.android.settings.MiuiSettingsReceiver.onReceive:106 android.app.ActivityThread.handleReceiver:2412 
W/ContextImpl( 2637): Calling a method in the system process without a qualified user: android.app.ContextImpl.startService:1521 android.content.ContextWrapper.startService:494 android.content.ContextWrapper.startService:494 com.android.settings.MiuiSettingsReceiver.onReceive:106 android.app.ActivityThread.handleReceiver:2412 
W/ContextImpl( 2637): Calling a method in the system process without a qualified user: android.app.ContextImpl.startService:1521 android.content.ContextWrapper.startService:494 android.content.ContextWrapper.startService:494 com.android.settings.MiuiSettingsReceiver.onReceive:106 android.app.ActivityThread.handleReceiver:2412 
D/WifiController(  873): battery changed pluggedType: 2
W/ContextImpl( 2637): Calling a method in the system process without a qualified user: android.app.ContextImpl.startService:1521 android.content.ContextWrapper.startService:494 android.content.ContextWrapper.startService:494 com.android.settings.MiuiSettingsReceiver.onReceive:106 android.app.ActivityThread.handleReceiver:2412 
W/ContextImpl( 2637): Calling a method in the system process without a qualified user: android.app.ContextImpl.startService:1521 android.content.ContextWrapper.startService:494 android.content.ContextWrapper.startService:494 com.android.settings.MiuiSettingsReceiver.onReceive:106 android.app.ActivityThread.handleReceiver:2412 
W/ContextImpl( 2637): Calling a method in the system process without a qualified user: android.app.ContextImpl.startService:1521 android.content.ContextWrapper.startService:494 android.content.ContextWrapper.startService:494 com.android.settings.MiuiSettingsReceiver.onReceive:106 android.app.ActivityThread.handleReceiver:2412 
